2026-09-13 10:39:06,360 - INFO - Logging initialized to /home/dali/Documents/ReMow-Rover-Tests/Repeat/Logs/readRecordedRun-2026-09-13_10-39-06.log
2026-09-13 10:39:06,362 - INFO - RoboClaw opened successfully on /dev/serial/by-id/usb-Basicmicro_Inc._USB_Roboclaw_2x15A-if00
2026-09-13 10:39:06,664 - INFO - Encoders reset to zero
2026-09-13 10:39:06,664 - INFO - Starting readRecordedRun with combination: 66
2026-09-13 10:39:06,664 - INFO - Selected most recent recording: 66_20260830-114454_GPSData.csv
2026-09-13 10:39:06,668 - INFO - GREEN_LED initialized on GPIO 17
2026-09-13 10:39:06,674 - INFO - Navigation CSV initialized at /home/dali/Documents/ReMow-Rover-Tests/Repeat/2026-09-13_10-39-06_navigation_log.csv
2026-09-13 10:39:06,675 - INFO - ENU origin from first waypoint: 37.9008976667, -97.6641736667
2026-09-13 10:39:06,745 - INFO - Path model: 35 rows -> 30 points -> 29 segments, 37.2m total, leading dwell 2.0s
2026-09-13 10:39:06,745 - WARNING - guidance config: minimum_path_turn_radius (0.0) is at or below track_width/2 (0.35) -- the INNER WHEEL REVERSES and the mower PIVOTS instead of turning. Actuators saturate to full opposite lock. This is the 2026-07-05 death-spiral configuration; supervised operation only.
2026-09-13 10:39:06,745 - INFO - === GUIDANCE: gary_arrows === tangent_window=3.0m lookahead=2.0m+0.8s*v [1.5-5.0m] kappa_max=unbounded (no minimum radius) slew=0.6/m/s deadband=0.04/m
2026-09-13 10:39:06,745 - WARNING - UNVALIDATED GUIDANCE MODE 'gary_arrows' IS ACTIVE. This steering law has not been field-validated on this machine. Supervised operation only; blade disabled; operator within reach of the physical kill switch.
2026-09-13 10:39:06,759 - INFO - Actuators commanded to neutral (1100) -- Startup - ensuring neutral position
2026-09-13 10:39:06,759 - INFO - Actuators initialized to neutral (1100)
2026-09-13 10:39:06,759 - WARNING - === SKIP-ACQUIRE ENABLED (path_resume_nearest=True) ===
2026-09-13 10:39:06,759 - WARNING - ACQUIRE is BYPASSED. Repeat will start in TRACK at the nearest projection on the recorded path; the recorded start point is NOT driven to. This is a gary_arrows TRACK test.
2026-09-13 10:39:06,759 - WARNING - Refuses to start if cross-track exceeds infm (path_resume_max_cross_track). Rollback: set path_resume_nearest=False for normal ACQUIRE.
2026-09-13 10:39:06,759 - WARNING - On a LOOPED route this starts wherever the mower is parked, which may be a later leg. Park it where you intend the run to begin.
2026-09-13 10:39:06,759 - INFO - === UNIFIED PATH FOLLOWER INITIALIZED ===
2026-09-13 10:39:06,759 - INFO - First segment: heading 2.5°, length 0.33m; path ends at (3.30E, 2.61N)
2026-09-13 10:39:06,759 - INFO - Initial state: FOLLOWING_PATH (follower mode ACQUIRE)
2026-09-13 10:39:06,759 - INFO - Acquire timeout: 300.0s
2026-09-13 10:39:06,759 - INFO - === WAITING FOR GPS RTK FIX ===
2026-09-13 10:39:06,759 - INFO - Need: relPosValid=1, carrSoln=2, relPosHeadingValid=1 (timeout: 60.0s)
2026-09-13 10:39:06,882 - INFO - GPS status: relPosValid=1, carrSoln=1, headingValid=1 (0.1s)
2026-09-13 10:39:07,089 - INFO - GPS status: relPosValid=1, carrSoln=1, headingValid=1 (0.3s)
2026-09-13 10:39:07,277 - INFO - GPS status: relPosValid=1, carrSoln=1, headingValid=1 (0.5s)
2026-09-13 10:39:07,485 - INFO - GPS status: relPosValid=1, carrSoln=1, headingValid=1 (0.7s)
2026-09-13 10:39:07,691 - INFO - GPS status: relPosValid=1, carrSoln=1, headingValid=1 (0.9s)
2026-09-13 10:39:07,903 - INFO - GPS status: relPosValid=1, carrSoln=1, headingValid=1 (1.1s)
2026-09-13 10:39:08,100 - INFO - GPS status: relPosValid=1, carrSoln=1, headingValid=1 (1.3s)
2026-09-13 10:39:08,297 - INFO - GPS status: relPosValid=1, carrSoln=1, headingValid=1 (1.5s)
2026-09-13 10:39:08,500 - INFO - GPS status: relPosValid=1, carrSoln=1, headingValid=1 (1.7s)
2026-09-13 10:39:08,689 - INFO - GPS status: relPosValid=1, carrSoln=1, headingValid=1 (1.9s)
2026-09-13 10:39:08,883 - INFO - GPS status: relPosValid=1, carrSoln=1, headingValid=1 (2.1s)
2026-09-13 10:39:09,067 - INFO - GPS status: relPosValid=1, carrSoln=1, headingValid=1 (2.3s)
2026-09-13 10:39:09,282 - INFO - GPS status: relPosValid=1, carrSoln=1, headingValid=1 (2.5s)
2026-09-13 10:39:09,473 - INFO - GPS status: relPosValid=1, carrSoln=1, headingValid=1 (2.7s)
2026-09-13 10:39:09,681 - INFO - GPS status: relPosValid=1, carrSoln=1, headingValid=1 (2.9s)
2026-09-13 10:39:09,872 - INFO - GPS status: relPosValid=1, carrSoln=1, headingValid=1 (3.1s)
2026-09-13 10:39:10,079 - INFO - GPS status: relPosValid=1, carrSoln=1, headingValid=1 (3.3s)
2026-09-13 10:39:10,280 - INFO - GPS status: relPosValid=1, carrSoln=1, headingValid=1 (3.5s)
2026-09-13 10:39:10,470 - INFO - GPS status: relPosValid=1, carrSoln=1, headingValid=1 (3.7s)
2026-09-13 10:39:10,670 - INFO - GPS status: relPosValid=1, carrSoln=1, headingValid=1 (3.9s)
2026-09-13 10:39:10,864 - INFO - GPS status: relPosValid=1, carrSoln=1, headingValid=1 (4.1s)
2026-09-13 10:39:11,082 - INFO - GPS status: relPosValid=1, carrSoln=1, headingValid=1 (4.3s)
2026-09-13 10:39:11,270 - INFO - GPS status: relPosValid=1, carrSoln=1, headingValid=1 (4.5s)
2026-09-13 10:39:11,476 - INFO - GPS status: relPosValid=1, carrSoln=1, headingValid=1 (4.7s)
2026-09-13 10:39:11,676 - INFO - GPS status: relPosValid=1, carrSoln=1, headingValid=1 (4.9s)
2026-09-13 10:39:11,872 - INFO - GPS status: relPosValid=1, carrSoln=1, headingValid=1 (5.1s)
2026-09-13 10:39:12,081 - INFO - GPS status: relPosValid=1, carrSoln=1, headingValid=1 (5.3s)
2026-09-13 10:39:12,275 - INFO - GPS status: relPosValid=1, carrSoln=1, headingValid=1 (5.5s)
2026-09-13 10:39:12,472 - INFO - GPS status: relPosValid=1, carrSoln=1, headingValid=1 (5.7s)
2026-09-13 10:39:12,667 - INFO - GPS status: relPosValid=1, carrSoln=1, headingValid=1 (5.9s)
2026-09-13 10:39:12,873 - INFO - GPS status: relPosValid=1, carrSoln=1, headingValid=1 (6.1s)
2026-09-13 10:39:13,078 - INFO - GPS status: relPosValid=1, carrSoln=1, headingValid=1 (6.3s)
2026-09-13 10:39:13,273 - INFO - GPS status: relPosValid=1, carrSoln=1, headingValid=1 (6.5s)
2026-09-13 10:39:13,471 - INFO - GPS status: relPosValid=1, carrSoln=1, headingValid=1 (6.7s)
2026-09-13 10:39:13,672 - INFO - GPS status: relPosValid=1, carrSoln=1, headingValid=1 (6.9s)
2026-09-13 10:39:13,872 - INFO - GPS status: relPosValid=1, carrSoln=1, headingValid=1 (7.1s)
2026-09-13 10:39:14,080 - INFO - GPS status: relPosValid=1, carrSoln=1, headingValid=1 (7.3s)
2026-09-13 10:39:14,270 - INFO - GPS status: relPosValid=1, carrSoln=1, headingValid=1 (7.5s)
2026-09-13 10:39:14,466 - INFO - GPS status: relPosValid=1, carrSoln=1, headingValid=1 (7.7s)
2026-09-13 10:39:14,672 - INFO - GPS status: relPosValid=1, carrSoln=1, headingValid=1 (7.9s)
2026-09-13 10:39:14,869 - INFO - GPS status: relPosValid=1, carrSoln=1, headingValid=1 (8.1s)
2026-09-13 10:39:15,076 - INFO - GPS status: relPosValid=1, carrSoln=1, headingValid=1 (8.3s)
2026-09-13 10:39:15,269 - INFO - GPS status: relPosValid=1, carrSoln=1, headingValid=1 (8.5s)
2026-09-13 10:39:15,470 - INFO - GPS status: relPosValid=1, carrSoln=1, headingValid=1 (8.7s)
2026-09-13 10:39:15,671 - INFO - GPS status: relPosValid=1, carrSoln=1, headingValid=1 (8.9s)
2026-09-13 10:39:15,872 - INFO - GPS status: relPosValid=1, carrSoln=1, headingValid=1 (9.1s)
2026-09-13 10:39:16,082 - INFO - GPS status: relPosValid=1, carrSoln=1, headingValid=1 (9.3s)
2026-09-13 10:39:16,269 - INFO - GPS status: relPosValid=1, carrSoln=1, headingValid=1 (9.5s)
2026-09-13 10:39:16,471 - INFO - GPS status: relPosValid=1, carrSoln=1, headingValid=1 (9.7s)
2026-09-13 10:39:16,675 - INFO - GPS status: relPosValid=1, carrSoln=1, headingValid=1 (9.9s)
2026-09-13 10:39:16,871 - INFO - GPS status: relPosValid=1, carrSoln=1, headingValid=1 (10.1s)
2026-09-13 10:39:17,074 - INFO - GPS status: relPosValid=1, carrSoln=1, headingValid=1 (10.3s)
2026-09-13 10:39:17,275 - INFO - GPS status: relPosValid=1, carrSoln=1, headingValid=1 (10.5s)
2026-09-13 10:39:17,471 - INFO - GPS status: relPosValid=1, carrSoln=1, headingValid=1 (10.7s)
2026-09-13 10:39:17,673 - INFO - GPS status: relPosValid=1, carrSoln=1, headingValid=1 (10.9s)
2026-09-13 10:39:17,870 - INFO - GPS status: relPosValid=1, carrSoln=1, headingValid=1 (11.1s)
2026-09-13 10:39:18,080 - INFO - GPS status: relPosValid=1, carrSoln=1, headingValid=1 (11.3s)
2026-09-13 10:39:18,275 - INFO - GPS status: relPosValid=1, carrSoln=1, headingValid=1 (11.5s)
2026-09-13 10:39:18,474 - INFO - GPS status: relPosValid=1, carrSoln=1, headingValid=1 (11.7s)
2026-09-13 10:39:18,675 - INFO - GPS status: relPosValid=1, carrSoln=1, headingValid=1 (11.9s)
2026-09-13 10:39:18,868 - INFO - GPS status: relPosValid=1, carrSoln=1, headingValid=1 (12.1s)
2026-09-13 10:39:19,084 - INFO - GPS status: relPosValid=1, carrSoln=1, headingValid=1 (12.3s)
2026-09-13 10:39:19,275 - INFO - GPS status: relPosValid=1, carrSoln=1, headingValid=1 (12.5s)
2026-09-13 10:39:19,473 - INFO - GPS status: relPosValid=1, carrSoln=1, headingValid=1 (12.7s)
2026-09-13 10:39:19,675 - INFO - GPS status: relPosValid=1, carrSoln=1, headingValid=1 (12.9s)
2026-09-13 10:39:19,872 - INFO - GPS status: relPosValid=1, carrSoln=1, headingValid=1 (13.1s)
2026-09-13 10:39:20,082 - INFO - GPS status: relPosValid=1, carrSoln=1, headingValid=1 (13.3s)
2026-09-13 10:39:20,273 - INFO - GPS status: relPosValid=1, carrSoln=1, headingValid=1 (13.5s)
2026-09-13 10:39:20,474 - INFO - GPS status: relPosValid=1, carrSoln=1, headingValid=1 (13.7s)
2026-09-13 10:39:20,668 - INFO - GPS status: relPosValid=1, carrSoln=1, headingValid=1 (13.9s)
2026-09-13 10:39:20,878 - INFO - GPS status: relPosValid=1, carrSoln=1, headingValid=1 (14.1s)
2026-09-13 10:39:21,088 - INFO - GPS status: relPosValid=1, carrSoln=1, headingValid=1 (14.3s)
2026-09-13 10:39:21,276 - INFO - GPS status: relPosValid=1, carrSoln=1, headingValid=1 (14.5s)
2026-09-13 10:39:21,473 - INFO - GPS status: relPosValid=1, carrSoln=1, headingValid=1 (14.7s)
2026-09-13 10:39:21,675 - INFO - GPS status: relPosValid=1, carrSoln=1, headingValid=1 (14.9s)
2026-09-13 10:39:21,876 - INFO - GPS status: relPosValid=1, carrSoln=1, headingValid=1 (15.1s)
2026-09-13 10:39:22,086 - INFO - GPS status: relPosValid=1, carrSoln=1, headingValid=1 (15.3s)
2026-09-13 10:39:22,278 - INFO - GPS status: relPosValid=1, carrSoln=1, headingValid=1 (15.5s)
2026-09-13 10:39:22,471 - INFO - GPS status: relPosValid=1, carrSoln=1, headingValid=1 (15.7s)
2026-09-13 10:39:22,677 - INFO - GPS status: relPosValid=1, carrSoln=1, headingValid=1 (15.9s)
2026-09-13 10:39:22,876 - INFO - GPS status: relPosValid=1, carrSoln=1, headingValid=1 (16.1s)
2026-09-13 10:39:23,084 - INFO - GPS status: relPosValid=1, carrSoln=1, headingValid=1 (16.3s)
2026-09-13 10:39:23,273 - INFO - GPS status: relPosValid=1, carrSoln=1, headingValid=1 (16.5s)
2026-09-13 10:39:23,476 - INFO - GPS status: relPosValid=1, carrSoln=1, headingValid=1 (16.7s)
2026-09-13 10:39:23,677 - INFO - GPS status: relPosValid=1, carrSoln=1, headingValid=1 (16.9s)
2026-09-13 10:39:23,873 - INFO - GPS status: relPosValid=1, carrSoln=1, headingValid=1 (17.1s)
2026-09-13 10:39:24,088 - INFO - GPS status: relPosValid=1, carrSoln=1, headingValid=1 (17.3s)
2026-09-13 10:39:24,271 - INFO - GPS status: relPosValid=1, carrSoln=1, headingValid=1 (17.5s)
2026-09-13 10:39:24,474 - INFO - GPS status: relPosValid=1, carrSoln=1, headingValid=1 (17.7s)
2026-09-13 10:39:24,674 - INFO - GPS status: relPosValid=1, carrSoln=1, headingValid=1 (17.9s)
2026-09-13 10:39:24,877 - INFO - GPS status: relPosValid=1, carrSoln=1, headingValid=1 (18.1s)
2026-09-13 10:39:25,075 - INFO - GPS status: relPosValid=1, carrSoln=1, headingValid=1 (18.3s)
2026-09-13 10:39:25,275 - INFO - GPS status: relPosValid=1, carrSoln=2, headingValid=1 (18.5s)
2026-09-13 10:39:25,275 - INFO - === GPS RTK FIXED — ready to navigate (18.5s) ===
2026-09-13 10:39:25,287 - INFO - Using persisted heading from driving to work area: 332.26° (captured at 2026-09-13 10:36:57)
2026-09-13 10:39:25,287 - WARNING - Epoch timeout (18.6s) - GNRMC=False, RELPOSNED=False - holding neutral
2026-09-13 10:39:25,299 - INFO - Actuators commanded to neutral (1100) -- Incomplete GPS epoch - waiting
2026-09-13 10:39:25,475 - INFO - 2026-09-13 10:39:25 Initial Moving Baseline state: active
2026-09-13 10:39:25,475 - INFO - 2026-09-13 10:39:25 Initial carrier solution: fixed
2026-09-13 10:39:25,481 - INFO - 2026-09-13 10:39:25 [3.4 OBSERVED] current_turn_radius: infm
2026-09-13 10:39:25,481 - INFO - 2026-09-13 10:39:25 [3.4 OBSERVED] turn_direction: STRAIGHT
2026-09-13 10:39:25,481 - INFO - 2026-09-13 10:39:25 [3.4 OBSERVED] estimated left/right wheel speeds: 0.003, 0.003 m/s
2026-09-13 10:39:25,483 - INFO - 2026-09-13 10:39:25 [STATE] Current state: FOLLOWING_PATH
2026-09-13 10:39:25,483 - WARNING - 2026-09-13 10:39:25 [FOLLOW] ACQUIRE SKIPPED -> TRACK at nearest projection: progress=0.00m of 37.2m (remaining 37.2m), cross=4.52m (limit infm), heading=76.1°, target_progress=0.00m, target=(0.00,0.00), alpha=-42.7°
2026-09-13 10:39:25,483 - WARNING - 2026-09-13 10:39:25 [FOLLOW] GARY_ARROWS TRACK GUIDANCE IS NOW ACTIVE - this run evaluates it from epoch one; the recorded start point was never driven to
2026-09-13 10:39:25,483 - INFO - 2026-09-13 10:39:25 [FOLLOW] TRACK: progress=0.00m/37.2m seg=0 cross=4.52m alpha=-42.7° target=(0.00,0.00) R=3.24 LEFT v=0.75 dwell=0.0s
2026-09-13 10:39:25,483 - INFO - 2026-09-13 10:39:25 Turn: LEFT, R: 3.24m, v_L: 0.67 m/s, v_R: 0.83 m/s
2026-09-13 10:39:25,483 - INFO - 2026-09-13 10:39:25 left_actuator_position: 824 (counts) from v_L 0.669 m/s
2026-09-13 10:39:25,484 - INFO - 2026-09-13 10:39:25 right_actuator_position: 699 (counts) from v_R 0.831 m/s
2026-09-13 10:39:25,496 - INFO - Sent actuator positions to RoboClaw → M1 (left): 824, M2 (right): 699 (counts)
2026-09-13 10:39:25,496 - INFO - 2026-09-13 10:39:25 APPLY → left_pos: 824, right_pos: 699 (counts), v_L: 0.67 m/s, v_R: 0.83 m/s
2026-09-13 10:39:25,496 - INFO - 2026-09-13 10:39:25 Path tracking needs correction: heading_ok=False (alpha=42.7deg), distance_ok=False (cross=4.522m)
2026-09-13 10:39:25,676 - INFO - 2026-09-13 10:39:25 [3.4 OBSERVED] current_turn_radius: infm
2026-09-13 10:39:25,676 - INFO - 2026-09-13 10:39:25 [3.4 OBSERVED] turn_direction: RIGHT
2026-09-13 10:39:25,676 - INFO - 2026-09-13 10:39:25 [3.4 OBSERVED] estimated left/right wheel speeds: nan, nan m/s
2026-09-13 10:39:25,679 - INFO - 2026-09-13 10:39:25 [STATE] Current state: FOLLOWING_PATH
2026-09-13 10:39:25,679 - INFO - 2026-09-13 10:39:25 [FOLLOW] TRACK: progress=0.00m/37.2m seg=0 cross=4.52m alpha=-42.9° target=(0.00,0.00) R=3.22 LEFT v=0.75 dwell=0.0s
2026-09-13 10:39:25,679 - INFO - 2026-09-13 10:39:25 Turn: LEFT, R: 3.22m, v_L: 0.67 m/s, v_R: 0.83 m/s
2026-09-13 10:39:25,679 - INFO - 2026-09-13 10:39:25 left_actuator_position: 824 (counts) from v_L 0.669 m/s
2026-09-13 10:39:25,679 - INFO - 2026-09-13 10:39:25 right_actuator_position: 699 (counts) from v_R 0.831 m/s
2026-09-13 10:39:25,695 - INFO - Sent actuator positions to RoboClaw → M1 (left): 824, M2 (right): 699 (counts)
2026-09-13 10:39:25,695 - INFO - 2026-09-13 10:39:25 APPLY → left_pos: 824, right_pos: 699 (counts), v_L: 0.67 m/s, v_R: 0.83 m/s
2026-09-13 10:39:25,695 - INFO - 2026-09-13 10:39:25 Path tracking needs correction: heading_ok=False (alpha=42.9deg), distance_ok=False (cross=4.522m)
2026-09-13 10:39:25,876 - INFO - 2026-09-13 10:39:25 [3.4 OBSERVED] current_turn_radius: infm
2026-09-13 10:39:25,876 - INFO - 2026-09-13 10:39:25 [3.4 OBSERVED] turn_direction: LEFT
2026-09-13 10:39:25,876 - INFO - 2026-09-13 10:39:25 [3.4 OBSERVED] estimated left/right wheel speeds: nan, nan m/s
2026-09-13 10:39:25,879 - INFO - 2026-09-13 10:39:25 [STATE] Current state: FOLLOWING_PATH
2026-09-13 10:39:25,879 - INFO - 2026-09-13 10:39:25 [FOLLOW] TRACK: progress=0.00m/37.2m seg=0 cross=4.52m alpha=-42.8° target=(0.00,0.00) R=3.23 LEFT v=0.75 dwell=0.0s
2026-09-13 10:39:25,879 - INFO - 2026-09-13 10:39:25 Turn: LEFT, R: 3.23m, v_L: 0.67 m/s, v_R: 0.83 m/s
2026-09-13 10:39:25,879 - INFO - 2026-09-13 10:39:25 left_actuator_position: 824 (counts) from v_L 0.669 m/s
2026-09-13 10:39:25,879 - INFO - 2026-09-13 10:39:25 right_actuator_position: 699 (counts) from v_R 0.831 m/s
2026-09-13 10:39:25,895 - INFO - Sent actuator positions to RoboClaw → M1 (left): 824, M2 (right): 699 (counts)
2026-09-13 10:39:25,895 - INFO - 2026-09-13 10:39:25 APPLY → left_pos: 824, right_pos: 699 (counts), v_L: 0.67 m/s, v_R: 0.83 m/s
2026-09-13 10:39:25,895 - INFO - 2026-09-13 10:39:25 Path tracking needs correction: heading_ok=False (alpha=42.8deg), distance_ok=False (cross=4.522m)
2026-09-13 10:39:26,086 - INFO - 2026-09-13 10:39:26 [3.4 OBSERVED] current_turn_radius: infm
2026-09-13 10:39:26,086 - INFO - 2026-09-13 10:39:26 [3.4 OBSERVED] turn_direction: LEFT
2026-09-13 10:39:26,087 - INFO - 2026-09-13 10:39:26 [3.4 OBSERVED] estimated left/right wheel speeds: nan, nan m/s
2026-09-13 10:39:26,089 - INFO - 2026-09-13 10:39:26 [STATE] Current state: FOLLOWING_PATH
2026-09-13 10:39:26,089 - INFO - 2026-09-13 10:39:26 [FOLLOW] TRACK: progress=0.00m/37.2m seg=0 cross=4.52m alpha=-42.6° target=(0.00,0.00) R=3.24 LEFT v=0.75 dwell=0.0s
2026-09-13 10:39:26,089 - INFO - 2026-09-13 10:39:26 Turn: LEFT, R: 3.24m, v_L: 0.67 m/s, v_R: 0.83 m/s
2026-09-13 10:39:26,089 - INFO - 2026-09-13 10:39:26 left_actuator_position: 824 (counts) from v_L 0.669 m/s
2026-09-13 10:39:26,089 - INFO - 2026-09-13 10:39:26 right_actuator_position: 699 (counts) from v_R 0.831 m/s
2026-09-13 10:39:26,105 - INFO - Sent actuator positions to RoboClaw → M1 (left): 824, M2 (right): 699 (counts)
2026-09-13 10:39:26,105 - INFO - 2026-09-13 10:39:26 APPLY → left_pos: 824, right_pos: 699 (counts), v_L: 0.67 m/s, v_R: 0.83 m/s
2026-09-13 10:39:26,105 - INFO - 2026-09-13 10:39:26 Path tracking needs correction: heading_ok=False (alpha=42.6deg), distance_ok=False (cross=4.522m)
2026-09-13 10:39:26,275 - INFO - 2026-09-13 10:39:26 [3.4 OBSERVED] current_turn_radius: 2.13m
2026-09-13 10:39:26,275 - INFO - 2026-09-13 10:39:26 [3.4 OBSERVED] turn_direction: LEFT
2026-09-13 10:39:26,275 - INFO - 2026-09-13 10:39:26 [3.4 OBSERVED] estimated left/right wheel speeds: 0.164, 0.229 m/s
2026-09-13 10:39:26,278 - INFO - 2026-09-13 10:39:26 [STATE] Current state: FOLLOWING_PATH
2026-09-13 10:39:26,278 - INFO - 2026-09-13 10:39:26 [FOLLOW] TRACK: progress=0.00m/37.2m seg=0 cross=4.50m alpha=-42.1° target=(0.00,0.00) R=3.26 LEFT v=0.75 dwell=0.0s
2026-09-13 10:39:26,278 - INFO - 2026-09-13 10:39:26 Turn: LEFT, R: 3.26m, v_L: 0.67 m/s, v_R: 0.83 m/s
2026-09-13 10:39:26,278 - INFO - 2026-09-13 10:39:26 left_actuator_position: 824 (counts) from v_L 0.669 m/s
2026-09-13 10:39:26,278 - INFO - 2026-09-13 10:39:26 right_actuator_position: 700 (counts) from v_R 0.831 m/s
2026-09-13 10:39:26,292 - INFO - Sent actuator positions to RoboClaw → M1 (left): 824, M2 (right): 700 (counts)
2026-09-13 10:39:26,292 - INFO - 2026-09-13 10:39:26 APPLY → left_pos: 824, right_pos: 700 (counts), v_L: 0.67 m/s, v_R: 0.83 m/s
2026-09-13 10:39:26,292 - INFO - 2026-09-13 10:39:26 Path tracking needs correction: heading_ok=False (alpha=42.1deg), distance_ok=False (cross=4.498m)
2026-09-13 10:39:26,475 - INFO - 2026-09-13 10:39:26 [3.4 OBSERVED] current_turn_radius: 2.77m
2026-09-13 10:39:26,475 - INFO - 2026-09-13 10:39:26 [3.4 OBSERVED] turn_direction: LEFT
2026-09-13 10:39:26,475 - INFO - 2026-09-13 10:39:26 [3.4 OBSERVED] estimated left/right wheel speeds: 0.413, 0.532 m/s
2026-09-13 10:39:26,478 - INFO - 2026-09-13 10:39:26 [STATE] Current state: FOLLOWING_PATH
2026-09-13 10:39:26,478 - INFO - 2026-09-13 10:39:26 [FOLLOW] TRACK: progress=0.00m/37.2m seg=0 cross=4.43m alpha=-41.1° target=(0.00,0.00) R=3.26 LEFT v=0.75 dwell=0.0s
2026-09-13 10:39:26,478 - INFO - 2026-09-13 10:39:26 Turn: LEFT, R: 3.26m, v_L: 0.67 m/s, v_R: 0.83 m/s
2026-09-13 10:39:26,478 - INFO - 2026-09-13 10:39:26 left_actuator_position: 823 (counts) from v_L 0.669 m/s
2026-09-13 10:39:26,478 - INFO - 2026-09-13 10:39:26 right_actuator_position: 700 (counts) from v_R 0.831 m/s
2026-09-13 10:39:26,492 - INFO - Sent actuator positions to RoboClaw → M1 (left): 823, M2 (right): 700 (counts)
2026-09-13 10:39:26,492 - INFO - 2026-09-13 10:39:26 APPLY → left_pos: 823, right_pos: 700 (counts), v_L: 0.67 m/s, v_R: 0.83 m/s
2026-09-13 10:39:26,492 - INFO - 2026-09-13 10:39:26 Path tracking needs correction: heading_ok=False (alpha=41.1deg), distance_ok=False (cross=4.428m)
2026-09-13 10:39:26,678 - INFO - 2026-09-13 10:39:26 [3.4 OBSERVED] current_turn_radius: 2.40m
2026-09-13 10:39:26,678 - INFO - 2026-09-13 10:39:26 [3.4 OBSERVED] turn_direction: LEFT
2026-09-13 10:39:26,678 - INFO - 2026-09-13 10:39:26 [3.4 OBSERVED] estimated left/right wheel speeds: 0.534, 0.717 m/s
2026-09-13 10:39:26,682 - INFO - 2026-09-13 10:39:26 [STATE] Current state: FOLLOWING_PATH
2026-09-13 10:39:26,682 - INFO - 2026-09-13 10:39:26 [FOLLOW] TRACK: progress=0.00m/37.2m seg=0 cross=4.32m alpha=-39.0° target=(0.00,0.00) R=3.34 LEFT v=0.75 dwell=0.0s
2026-09-13 10:39:26,682 - INFO - 2026-09-13 10:39:26 Turn: LEFT, R: 3.34m, v_L: 0.67 m/s, v_R: 0.83 m/s
2026-09-13 10:39:26,682 - INFO - 2026-09-13 10:39:26 left_actuator_position: 822 (counts) from v_L 0.671 m/s
2026-09-13 10:39:26,682 - INFO - 2026-09-13 10:39:26 right_actuator_position: 701 (counts) from v_R 0.829 m/s
2026-09-13 10:39:26,696 - INFO - Sent actuator positions to RoboClaw → M1 (left): 822, M2 (right): 701 (counts)
2026-09-13 10:39:26,696 - INFO - 2026-09-13 10:39:26 APPLY → left_pos: 822, right_pos: 701 (counts), v_L: 0.67 m/s, v_R: 0.83 m/s
2026-09-13 10:39:26,696 - INFO - 2026-09-13 10:39:26 Path tracking needs correction: heading_ok=False (alpha=39.0deg), distance_ok=False (cross=4.319m)
2026-09-13 10:39:26,874 - INFO - 2026-09-13 10:39:26 [3.4 OBSERVED] current_turn_radius: 1.68m
2026-09-13 10:39:26,874 - INFO - 2026-09-13 10:39:26 [3.4 OBSERVED] turn_direction: LEFT
2026-09-13 10:39:26,874 - INFO - 2026-09-13 10:39:26 [3.4 OBSERVED] estimated left/right wheel speeds: 0.589, 0.900 m/s
2026-09-13 10:39:26,876 - INFO - 2026-09-13 10:39:26 [STATE] Current state: FOLLOWING_PATH
2026-09-13 10:39:26,876 - INFO - 2026-09-13 10:39:26 [FOLLOW] TRACK: progress=0.00m/37.2m seg=0 cross=4.19m alpha=-35.1° target=(0.00,0.00) R=3.58 LEFT v=0.75 dwell=0.0s
2026-09-13 10:39:26,876 - INFO - 2026-09-13 10:39:26 Turn: LEFT, R: 3.58m, v_L: 0.68 m/s, v_R: 0.82 m/s
2026-09-13 10:39:26,876 - INFO - 2026-09-13 10:39:26 left_actuator_position: 818 (counts) from v_L 0.677 m/s
2026-09-13 10:39:26,876 - INFO - 2026-09-13 10:39:26 right_actuator_position: 705 (counts) from v_R 0.823 m/s
2026-09-13 10:39:26,889 - INFO - Sent actuator positions to RoboClaw → M1 (left): 818, M2 (right): 705 (counts)
2026-09-13 10:39:26,928 - INFO - 2026-09-13 10:39:26 APPLY → left_pos: 818, right_pos: 705 (counts), v_L: 0.68 m/s, v_R: 0.82 m/s
2026-09-13 10:39:26,929 - INFO - 2026-09-13 10:39:26 Path tracking needs correction: heading_ok=False (alpha=35.1deg), distance_ok=False (cross=4.188m)
2026-09-13 10:39:27,079 - INFO - 2026-09-13 10:39:27 [3.4 OBSERVED] current_turn_radius: 2.13m
2026-09-13 10:39:27,079 - INFO - 2026-09-13 10:39:27 [3.4 OBSERVED] turn_direction: LEFT
2026-09-13 10:39:27,079 - INFO - 2026-09-13 10:39:27 [3.4 OBSERVED] estimated left/right wheel speeds: 0.638, 0.889 m/s
2026-09-13 10:39:27,082 - INFO - 2026-09-13 10:39:27 [STATE] Current state: FOLLOWING_PATH
2026-09-13 10:39:27,082 - INFO - 2026-09-13 10:39:27 [FOLLOW] TRACK: progress=0.00m/37.2m seg=0 cross=4.05m alpha=-32.1° target=(0.00,0.00) R=3.77 LEFT v=0.75 dwell=0.0s
2026-09-13 10:39:27,082 - INFO - 2026-09-13 10:39:27 Turn: LEFT, R: 3.77m, v_L: 0.68 m/s, v_R: 0.82 m/s
2026-09-13 10:39:27,082 - INFO - 2026-09-13 10:39:27 left_actuator_position: 815 (counts) from v_L 0.680 m/s
2026-09-13 10:39:27,082 - INFO - 2026-09-13 10:39:27 right_actuator_position: 708 (counts) from v_R 0.820 m/s
2026-09-13 10:39:27,096 - INFO - Sent actuator positions to RoboClaw → M1 (left): 815, M2 (right): 708 (counts)
2026-09-13 10:39:27,096 - INFO - 2026-09-13 10:39:27 APPLY → left_pos: 815, right_pos: 708 (counts), v_L: 0.68 m/s, v_R: 0.82 m/s
2026-09-13 10:39:27,096 - INFO - 2026-09-13 10:39:27 Path tracking needs correction: heading_ok=False (alpha=32.1deg), distance_ok=False (cross=4.052m)
2026-09-13 10:39:27,277 - INFO - 2026-09-13 10:39:27 [3.4 OBSERVED] current_turn_radius: 1.67m
2026-09-13 10:39:27,277 - INFO - 2026-09-13 10:39:27 [3.4 OBSERVED] turn_direction: LEFT
2026-09-13 10:39:27,277 - INFO - 2026-09-13 10:39:27 [3.4 OBSERVED] estimated left/right wheel speeds: 0.525, 0.803 m/s
2026-09-13 10:39:27,279 - INFO - 2026-09-13 10:39:27 [STATE] Current state: FOLLOWING_PATH
2026-09-13 10:39:27,279 - INFO - 2026-09-13 10:39:27 [FOLLOW] TRACK: progress=0.00m/37.2m seg=0 cross=3.97m alpha=-29.4° target=(0.00,0.00) R=4.01 LEFT v=0.75 dwell=0.0s
2026-09-13 10:39:27,279 - INFO - 2026-09-13 10:39:27 Turn: LEFT, R: 4.01m, v_L: 0.68 m/s, v_R: 0.82 m/s
2026-09-13 10:39:27,279 - INFO - 2026-09-13 10:39:27 left_actuator_position: 812 (counts) from v_L 0.685 m/s
2026-09-13 10:39:27,279 - INFO - 2026-09-13 10:39:27 right_actuator_position: 711 (counts) from v_R 0.815 m/s
2026-09-13 10:39:27,293 - INFO - Sent actuator positions to RoboClaw → M1 (left): 812, M2 (right): 711 (counts)
2026-09-13 10:39:27,293 - INFO - 2026-09-13 10:39:27 APPLY → left_pos: 812, right_pos: 711 (counts), v_L: 0.68 m/s, v_R: 0.82 m/s
2026-09-13 10:39:27,293 - INFO - 2026-09-13 10:39:27 Path tracking needs correction: heading_ok=False (alpha=29.4deg), distance_ok=False (cross=3.967m)
2026-09-13 10:39:27,474 - INFO - 2026-09-13 10:39:27 [3.4 OBSERVED] current_turn_radius: 4.06m
2026-09-13 10:39:27,474 - INFO - 2026-09-13 10:39:27 [3.4 OBSERVED] turn_direction: LEFT
2026-09-13 10:39:27,474 - INFO - 2026-09-13 10:39:27 [3.4 OBSERVED] estimated left/right wheel speeds: 0.717, 0.852 m/s
2026-09-13 10:39:27,476 - INFO - 2026-09-13 10:39:27 [STATE] Current state: FOLLOWING_PATH
2026-09-13 10:39:27,476 - INFO - 2026-09-13 10:39:27 [FOLLOW] TRACK: progress=0.00m/37.2m seg=0 cross=3.85m alpha=-28.8° target=(0.00,0.00) R=3.95 LEFT v=0.75 dwell=0.0s
2026-09-13 10:39:27,476 - INFO - 2026-09-13 10:39:27 Turn: LEFT, R: 3.95m, v_L: 0.68 m/s, v_R: 0.82 m/s
2026-09-13 10:39:27,476 - INFO - 2026-09-13 10:39:27 left_actuator_position: 813 (counts) from v_L 0.684 m/s
2026-09-13 10:39:27,476 - INFO - 2026-09-13 10:39:27 right_actuator_position: 710 (counts) from v_R 0.816 m/s
2026-09-13 10:39:27,489 - INFO - Sent actuator positions to RoboClaw → M1 (left): 813, M2 (right): 710 (counts)
2026-09-13 10:39:27,489 - INFO - 2026-09-13 10:39:27 APPLY → left_pos: 813, right_pos: 710 (counts), v_L: 0.68 m/s, v_R: 0.82 m/s
2026-09-13 10:39:27,489 - INFO - 2026-09-13 10:39:27 Path tracking needs correction: heading_ok=False (alpha=28.8deg), distance_ok=False (cross=3.852m)
2026-09-13 10:39:27,676 - INFO - 2026-09-13 10:39:27 [3.4 OBSERVED] current_turn_radius: 1.28m
2026-09-13 10:39:27,676 - INFO - 2026-09-13 10:39:27 [3.4 OBSERVED] turn_direction: LEFT
2026-09-13 10:39:27,676 - INFO - 2026-09-13 10:39:27 [3.4 OBSERVED] estimated left/right wheel speeds: 0.425, 0.746 m/s
2026-09-13 10:39:27,679 - INFO - 2026-09-13 10:39:27 [STATE] Current state: FOLLOWING_PATH
2026-09-13 10:39:27,679 - INFO - 2026-09-13 10:39:27 [FOLLOW] TRACK: progress=0.00m/37.2m seg=0 cross=3.73m alpha=-24.1° target=(0.00,0.00) R=4.57 LEFT v=0.75 dwell=0.0s
2026-09-13 10:39:27,679 - INFO - 2026-09-13 10:39:27 Turn: LEFT, R: 4.57m, v_L: 0.69 m/s, v_R: 0.81 m/s
2026-09-13 10:39:27,679 - INFO - 2026-09-13 10:39:27 left_actuator_position: 806 (counts) from v_L 0.693 m/s
2026-09-13 10:39:27,679 - INFO - 2026-09-13 10:39:27 right_actuator_position: 717 (counts) from v_R 0.807 m/s
2026-09-13 10:39:27,693 - INFO - Sent actuator positions to RoboClaw → M1 (left): 806, M2 (right): 717 (counts)
2026-09-13 10:39:27,693 - INFO - 2026-09-13 10:39:27 APPLY → left_pos: 806, right_pos: 717 (counts), v_L: 0.69 m/s, v_R: 0.81 m/s
2026-09-13 10:39:27,693 - INFO - 2026-09-13 10:39:27 Path tracking needs correction: heading_ok=False (alpha=24.1deg), distance_ok=False (cross=3.731m)
2026-09-13 10:39:27,882 - INFO - 2026-09-13 10:39:27 [3.4 OBSERVED] current_turn_radius: 104.25m
2026-09-13 10:39:27,882 - INFO - 2026-09-13 10:39:27 [3.4 OBSERVED] turn_direction: LEFT
2026-09-13 10:39:27,883 - INFO - 2026-09-13 10:39:27 [3.4 OBSERVED] estimated left/right wheel speeds: 0.600, 0.604 m/s
2026-09-13 10:39:27,885 - INFO - 2026-09-13 10:39:27 [STATE] Current state: FOLLOWING_PATH
2026-09-13 10:39:27,885 - INFO - 2026-09-13 10:39:27 [FOLLOW] TRACK: progress=0.00m/37.2m seg=0 cross=3.63m alpha=-25.5° target=(0.00,0.00) R=4.16 LEFT v=0.75 dwell=0.0s
2026-09-13 10:39:27,885 - INFO - 2026-09-13 10:39:27 Turn: LEFT, R: 4.16m, v_L: 0.69 m/s, v_R: 0.81 m/s
2026-09-13 10:39:27,885 - INFO - 2026-09-13 10:39:27 left_actuator_position: 810 (counts) from v_L 0.687 m/s
2026-09-13 10:39:27,885 - INFO - 2026-09-13 10:39:27 right_actuator_position: 713 (counts) from v_R 0.813 m/s
2026-09-13 10:39:27,898 - INFO - Sent actuator positions to RoboClaw → M1 (left): 810, M2 (right): 713 (counts)
2026-09-13 10:39:27,898 - INFO - 2026-09-13 10:39:27 APPLY → left_pos: 810, right_pos: 713 (counts), v_L: 0.69 m/s, v_R: 0.81 m/s
2026-09-13 10:39:27,898 - INFO - 2026-09-13 10:39:27 Path tracking needs correction: heading_ok=False (alpha=25.5deg), distance_ok=False (cross=3.626m)
2026-09-13 10:39:28,086 - INFO - 2026-09-13 10:39:28 [3.4 OBSERVED] current_turn_radius: 1.52m
2026-09-13 10:39:28,086 - INFO - 2026-09-13 10:39:28 [3.4 OBSERVED] turn_direction: LEFT
2026-09-13 10:39:28,086 - INFO - 2026-09-13 10:39:28 [3.4 OBSERVED] estimated left/right wheel speeds: 0.566, 0.905 m/s
2026-09-13 10:39:28,089 - INFO - 2026-09-13 10:39:28 [STATE] Current state: FOLLOWING_PATH
2026-09-13 10:39:28,089 - INFO - 2026-09-13 10:39:28 [FOLLOW] TRACK: progress=0.00m/37.2m seg=0 cross=3.48m alpha=-20.7° target=(0.00,0.00) R=4.93 LEFT v=0.75 dwell=0.0s
2026-09-13 10:39:28,089 - INFO - 2026-09-13 10:39:28 Turn: LEFT, R: 4.93m, v_L: 0.70 m/s, v_R: 0.80 m/s
2026-09-13 10:39:28,089 - INFO - 2026-09-13 10:39:28 left_actuator_position: 803 (counts) from v_L 0.697 m/s
2026-09-13 10:39:28,089 - INFO - 2026-09-13 10:39:28 right_actuator_position: 721 (counts) from v_R 0.803 m/s
2026-09-13 10:39:28,103 - INFO - Sent actuator positions to RoboClaw → M1 (left): 803, M2 (right): 721 (counts)
2026-09-13 10:39:28,103 - INFO - 2026-09-13 10:39:28 APPLY → left_pos: 803, right_pos: 721 (counts), v_L: 0.70 m/s, v_R: 0.80 m/s
2026-09-13 10:39:28,103 - INFO - 2026-09-13 10:39:28 Path tracking needs correction: heading_ok=False (alpha=20.7deg), distance_ok=False (cross=3.484m)
2026-09-13 10:39:28,280 - INFO - 2026-09-13 10:39:28 [3.4 OBSERVED] current_turn_radius: 2.21m
2026-09-13 10:39:28,280 - INFO - 2026-09-13 10:39:28 [3.4 OBSERVED] turn_direction: LEFT
2026-09-13 10:39:28,280 - INFO - 2026-09-13 10:39:28 [3.4 OBSERVED] estimated left/right wheel speeds: 0.542, 0.747 m/s
2026-09-13 10:39:28,282 - INFO - 2026-09-13 10:39:28 [STATE] Current state: FOLLOWING_PATH
2026-09-13 10:39:28,282 - INFO - 2026-09-13 10:39:28 [FOLLOW] TRACK: progress=0.00m/37.2m seg=0 cross=3.37m alpha=-18.2° target=(0.00,0.00) R=5.38 LEFT v=0.75 dwell=0.0s
2026-09-13 10:39:28,282 - INFO - 2026-09-13 10:39:28 Turn: LEFT, R: 5.38m, v_L: 0.70 m/s, v_R: 0.80 m/s
2026-09-13 10:39:28,282 - INFO - 2026-09-13 10:39:28 left_actuator_position: 799 (counts) from v_L 0.701 m/s
2026-09-13 10:39:28,282 - INFO - 2026-09-13 10:39:28 right_actuator_position: 724 (counts) from v_R 0.799 m/s
2026-09-13 10:39:28,296 - INFO - Sent actuator positions to RoboClaw → M1 (left): 799, M2 (right): 724 (counts)
2026-09-13 10:39:28,296 - INFO - 2026-09-13 10:39:28 APPLY → left_pos: 799, right_pos: 724 (counts), v_L: 0.70 m/s, v_R: 0.80 m/s
2026-09-13 10:39:28,296 - INFO - 2026-09-13 10:39:28 Path tracking needs correction: heading_ok=False (alpha=18.2deg), distance_ok=False (cross=3.365m)
2026-09-13 10:39:28,515 - INFO - 2026-09-13 10:39:28 [3.4 OBSERVED] current_turn_radius: 2.63m
2026-09-13 10:39:28,515 - INFO - 2026-09-13 10:39:28 [3.4 OBSERVED] turn_direction: LEFT
2026-09-13 10:39:28,515 - INFO - 2026-09-13 10:39:28 [3.4 OBSERVED] estimated left/right wheel speeds: 0.567, 0.741 m/s
2026-09-13 10:39:28,518 - INFO - 2026-09-13 10:39:28 [STATE] Current state: FOLLOWING_PATH
2026-09-13 10:39:28,518 - INFO - 2026-09-13 10:39:28 [FOLLOW] TRACK: progress=0.00m/37.2m seg=0 cross=3.20m alpha=-16.0° target=(0.00,0.00) R=5.79 LEFT v=0.75 dwell=0.0s
2026-09-13 10:39:28,518 - INFO - 2026-09-13 10:39:28 Turn: LEFT, R: 5.79m, v_L: 0.70 m/s, v_R: 0.80 m/s
2026-09-13 10:39:28,518 - INFO - 2026-09-13 10:39:28 left_actuator_position: 796 (counts) from v_L 0.705 m/s
2026-09-13 10:39:28,518 - INFO - 2026-09-13 10:39:28 right_actuator_position: 727 (counts) from v_R 0.795 m/s
2026-09-13 10:39:28,532 - INFO - Sent actuator positions to RoboClaw → M1 (left): 796, M2 (right): 727 (counts)
2026-09-13 10:39:28,532 - INFO - 2026-09-13 10:39:28 APPLY → left_pos: 796, right_pos: 727 (counts), v_L: 0.70 m/s, v_R: 0.80 m/s
2026-09-13 10:39:28,532 - INFO - 2026-09-13 10:39:28 Path tracking needs correction: heading_ok=False (alpha=16.0deg), distance_ok=False (cross=3.202m)
2026-09-13 10:39:28,678 - INFO - 2026-09-13 10:39:28 [3.4 OBSERVED] current_turn_radius: 1.82m
2026-09-13 10:39:28,678 - INFO - 2026-09-13 10:39:28 [3.4 OBSERVED] turn_direction: LEFT
2026-09-13 10:39:28,678 - INFO - 2026-09-13 10:39:28 [3.4 OBSERVED] estimated left/right wheel speeds: 0.525, 0.776 m/s
2026-09-13 10:39:28,682 - INFO - 2026-09-13 10:39:28 [STATE] Current state: FOLLOWING_PATH
2026-09-13 10:39:28,682 - INFO - 2026-09-13 10:39:28 [FOLLOW] TRACK: progress=0.00m/37.2m seg=0 cross=3.07m alpha=-13.4° target=(0.00,0.00) R=6.49 LEFT v=0.75 dwell=0.0s
2026-09-13 10:39:28,682 - INFO - 2026-09-13 10:39:28 Turn: LEFT, R: 6.49m, v_L: 0.71 m/s, v_R: 0.79 m/s
2026-09-13 10:39:28,682 - INFO - 2026-09-13 10:39:28 left_actuator_position: 793 (counts) from v_L 0.710 m/s
2026-09-13 10:39:28,682 - INFO - 2026-09-13 10:39:28 right_actuator_position: 730 (counts) from v_R 0.790 m/s
2026-09-13 10:39:28,696 - INFO - Sent actuator positions to RoboClaw → M1 (left): 793, M2 (right): 730 (counts)
2026-09-13 10:39:28,696 - INFO - 2026-09-13 10:39:28 APPLY → left_pos: 793, right_pos: 730 (counts), v_L: 0.71 m/s, v_R: 0.79 m/s
2026-09-13 10:39:28,696 - INFO - 2026-09-13 10:39:28 Path tracking needs correction: heading_ok=False (alpha=13.4deg), distance_ok=False (cross=3.068m)
2026-09-13 10:39:28,889 - INFO - 2026-09-13 10:39:28 [3.4 OBSERVED] current_turn_radius: 1.63m
2026-09-13 10:39:28,889 - INFO - 2026-09-13 10:39:28 [3.4 OBSERVED] turn_direction: LEFT
2026-09-13 10:39:28,890 - INFO - 2026-09-13 10:39:28 [3.4 OBSERVED] estimated left/right wheel speeds: 0.597, 0.922 m/s
2026-09-13 10:39:28,893 - INFO - 2026-09-13 10:39:28 [STATE] Current state: FOLLOWING_PATH
2026-09-13 10:39:28,893 - INFO - 2026-09-13 10:39:28 [FOLLOW] TRACK: progress=0.00m/37.2m seg=0 cross=2.93m alpha=-9.0° target=(0.00,0.00) R=8.61 LEFT v=0.75 dwell=0.0s
2026-09-13 10:39:28,893 - INFO - 2026-09-13 10:39:28 Turn: LEFT, R: 8.61m, v_L: 0.72 m/s, v_R: 0.78 m/s
2026-09-13 10:39:28,893 - INFO - 2026-09-13 10:39:28 left_actuator_position: 785 (counts) from v_L 0.720 m/s
2026-09-13 10:39:28,893 - INFO - 2026-09-13 10:39:28 right_actuator_position: 738 (counts) from v_R 0.780 m/s
2026-09-13 10:39:28,906 - INFO - Sent actuator positions to RoboClaw → M1 (left): 785, M2 (right): 738 (counts)
2026-09-13 10:39:28,906 - INFO - 2026-09-13 10:39:28 APPLY → left_pos: 785, right_pos: 738 (counts), v_L: 0.72 m/s, v_R: 0.78 m/s
2026-09-13 10:39:28,906 - INFO - 2026-09-13 10:39:28 Path tracking needs correction: heading_ok=True (alpha=9.0deg), distance_ok=False (cross=2.929m)
2026-09-13 10:39:29,099 - INFO - 2026-09-13 10:39:29 [3.4 OBSERVED] current_turn_radius: 2.20m
2026-09-13 10:39:29,099 - INFO - 2026-09-13 10:39:29 [3.4 OBSERVED] turn_direction: LEFT
2026-09-13 10:39:29,099 - INFO - 2026-09-13 10:39:29 [3.4 OBSERVED] estimated left/right wheel speeds: 0.479, 0.661 m/s
2026-09-13 10:39:29,102 - INFO - 2026-09-13 10:39:29 [STATE] Current state: FOLLOWING_PATH
2026-09-13 10:39:29,102 - INFO - 2026-09-13 10:39:29 [FOLLOW] TRACK: progress=0.00m/37.2m seg=0 cross=2.85m alpha=-5.9° target=(0.00,0.00) R=10.82 LEFT v=0.75 dwell=0.0s
2026-09-13 10:39:29,102 - INFO - 2026-09-13 10:39:29 Turn: LEFT, R: 10.82m, v_L: 0.73 m/s, v_R: 0.77 m/s
2026-09-13 10:39:29,102 - INFO - 2026-09-13 10:39:29 left_actuator_position: 780 (counts) from v_L 0.726 m/s
2026-09-13 10:39:29,103 - INFO - 2026-09-13 10:39:29 right_actuator_position: 743 (counts) from v_R 0.774 m/s
2026-09-13 10:39:29,116 - INFO - Sent actuator positions to RoboClaw → M1 (left): 780, M2 (right): 743 (counts)
2026-09-13 10:39:29,116 - INFO - 2026-09-13 10:39:29 APPLY → left_pos: 780, right_pos: 743 (counts), v_L: 0.73 m/s, v_R: 0.77 m/s
2026-09-13 10:39:29,116 - INFO - 2026-09-13 10:39:29 Path tracking needs correction: heading_ok=True (alpha=5.9deg), distance_ok=False (cross=2.850m)
2026-09-13 10:39:29,291 - INFO - 2026-09-13 10:39:29 [3.4 OBSERVED] current_turn_radius: 2.33m
2026-09-13 10:39:29,291 - INFO - 2026-09-13 10:39:29 [3.4 OBSERVED] turn_direction: LEFT
2026-09-13 10:39:29,292 - INFO - 2026-09-13 10:39:29 [3.4 OBSERVED] estimated left/right wheel speeds: 0.572, 0.774 m/s
2026-09-13 10:39:29,295 - INFO - 2026-09-13 10:39:29 [STATE] Current state: FOLLOWING_PATH
2026-09-13 10:39:29,295 - INFO - 2026-09-13 10:39:29 [FOLLOW] TRACK: progress=0.00m/37.2m seg=0 cross=2.71m alpha=-3.1° target=(0.00,0.00) R=13.76 LEFT v=0.75 dwell=0.0s
2026-09-13 10:39:29,295 - INFO - 2026-09-13 10:39:29 Turn: LEFT, R: 13.76m, v_L: 0.73 m/s, v_R: 0.77 m/s
2026-09-13 10:39:29,295 - INFO - 2026-09-13 10:39:29 left_actuator_position: 776 (counts) from v_L 0.731 m/s
2026-09-13 10:39:29,295 - INFO - 2026-09-13 10:39:29 right_actuator_position: 747 (counts) from v_R 0.769 m/s
2026-09-13 10:39:29,308 - INFO - Sent actuator positions to RoboClaw → M1 (left): 776, M2 (right): 747 (counts)
2026-09-13 10:39:29,308 - INFO - 2026-09-13 10:39:29 APPLY → left_pos: 776, right_pos: 747 (counts), v_L: 0.73 m/s, v_R: 0.77 m/s
2026-09-13 10:39:29,308 - INFO - 2026-09-13 10:39:29 Path tracking needs correction: heading_ok=True (alpha=3.1deg), distance_ok=False (cross=2.708m)
2026-09-13 10:39:29,492 - INFO - 2026-09-13 10:39:29 [3.4 OBSERVED] current_turn_radius: 2.93m
2026-09-13 10:39:29,492 - INFO - 2026-09-13 10:39:29 [3.4 OBSERVED] turn_direction: LEFT
2026-09-13 10:39:29,492 - INFO - 2026-09-13 10:39:29 [3.4 OBSERVED] estimated left/right wheel speeds: 0.570, 0.725 m/s
2026-09-13 10:39:29,495 - INFO - 2026-09-13 10:39:29 [STATE] Current state: FOLLOWING_PATH
2026-09-13 10:39:29,496 - INFO - 2026-09-13 10:39:29 [FOLLOW] TRACK: progress=0.00m/37.2m seg=0 cross=2.56m alpha=-1.2° target=(0.00,0.00) R=16.65 LEFT v=0.75 dwell=0.0s
2026-09-13 10:39:29,496 - INFO - 2026-09-13 10:39:29 Turn: LEFT, R: 16.65m, v_L: 0.73 m/s, v_R: 0.77 m/s
2026-09-13 10:39:29,496 - INFO - 2026-09-13 10:39:29 left_actuator_position: 774 (counts) from v_L 0.734 m/s
2026-09-13 10:39:29,496 - INFO - 2026-09-13 10:39:29 right_actuator_position: 749 (counts) from v_R 0.766 m/s
2026-09-13 10:39:29,508 - INFO - Sent actuator positions to RoboClaw → M1 (left): 774, M2 (right): 749 (counts)
2026-09-13 10:39:29,508 - INFO - 2026-09-13 10:39:29 APPLY → left_pos: 774, right_pos: 749 (counts), v_L: 0.73 m/s, v_R: 0.77 m/s
2026-09-13 10:39:29,509 - INFO - 2026-09-13 10:39:29 Path tracking needs correction: heading_ok=True (alpha=1.2deg), distance_ok=False (cross=2.562m)
2026-09-13 10:39:29,693 - INFO - 2026-09-13 10:39:29 [3.4 OBSERVED] current_turn_radius: 2.53m
2026-09-13 10:39:29,693 - INFO - 2026-09-13 10:39:29 [3.4 OBSERVED] turn_direction: LEFT
2026-09-13 10:39:29,693 - INFO - 2026-09-13 10:39:29 [3.4 OBSERVED] estimated left/right wheel speeds: 0.528, 0.698 m/s
2026-09-13 10:39:29,696 - INFO - 2026-09-13 10:39:29 [STATE] Current state: FOLLOWING_PATH
2026-09-13 10:39:29,697 - INFO - 2026-09-13 10:39:29 [FOLLOW] TRACK: progress=0.00m/37.2m seg=0 cross=2.44m alpha=1.4° target=(0.00,0.00) R=22.80 LEFT v=0.75 dwell=0.0s
2026-09-13 10:39:29,697 - INFO - 2026-09-13 10:39:29 Turn: LEFT, R: 22.80m, v_L: 0.74 m/s, v_R: 0.76 m/s
2026-09-13 10:39:29,697 - INFO - 2026-09-13 10:39:29 left_actuator_position: 770 (counts) from v_L 0.738 m/s
2026-09-13 10:39:29,697 - INFO - 2026-09-13 10:39:29 right_actuator_position: 753 (counts) from v_R 0.762 m/s
2026-09-13 10:39:29,709 - INFO - Sent actuator positions to RoboClaw → M1 (left): 770, M2 (right): 753 (counts)
2026-09-13 10:39:29,709 - INFO - 2026-09-13 10:39:29 APPLY → left_pos: 770, right_pos: 753 (counts), v_L: 0.74 m/s, v_R: 0.76 m/s
2026-09-13 10:39:29,710 - INFO - 2026-09-13 10:39:29 Path tracking needs correction: heading_ok=True (alpha=1.4deg), distance_ok=False (cross=2.443m)
2026-09-13 10:39:29,899 - INFO - 2026-09-13 10:39:29 [3.4 OBSERVED] current_turn_radius: 3.10m
2026-09-13 10:39:29,899 - INFO - 2026-09-13 10:39:29 [3.4 OBSERVED] turn_direction: LEFT
2026-09-13 10:39:29,899 - INFO - 2026-09-13 10:39:29 [3.4 OBSERVED] estimated left/right wheel speeds: 0.540, 0.678 m/s
2026-09-13 10:39:29,903 - INFO - 2026-09-13 10:39:29 [STATE] Current state: FOLLOWING_PATH
2026-09-13 10:39:29,904 - INFO - 2026-09-13 10:39:29 [FOLLOW] TRACK: progress=0.00m/37.2m seg=0 cross=2.29m alpha=3.8° target=(0.00,0.00) R=31.20 LEFT v=0.75 dwell=0.0s
2026-09-13 10:39:29,904 - INFO - 2026-09-13 10:39:29 Turn: LEFT, R: 31.20m, v_L: 0.74 m/s, v_R: 0.76 m/s
2026-09-13 10:39:29,904 - INFO - 2026-09-13 10:39:29 left_actuator_position: 768 (counts) from v_L 0.742 m/s
2026-09-13 10:39:29,904 - INFO - 2026-09-13 10:39:29 right_actuator_position: 755 (counts) from v_R 0.758 m/s
2026-09-13 10:39:29,916 - INFO - Sent actuator positions to RoboClaw → M1 (left): 768, M2 (right): 755 (counts)
2026-09-13 10:39:29,916 - INFO - 2026-09-13 10:39:29 APPLY → left_pos: 768, right_pos: 755 (counts), v_L: 0.74 m/s, v_R: 0.76 m/s
2026-09-13 10:39:29,917 - INFO - 2026-09-13 10:39:29 Path tracking needs correction: heading_ok=True (alpha=3.8deg), distance_ok=False (cross=2.289m)
2026-09-13 10:39:30,107 - INFO - 2026-09-13 10:39:30 [3.4 OBSERVED] current_turn_radius: 1.51m
2026-09-13 10:39:30,107 - INFO - 2026-09-13 10:39:30 [3.4 OBSERVED] turn_direction: LEFT
2026-09-13 10:39:30,107 - INFO - 2026-09-13 10:39:30 [3.4 OBSERVED] estimated left/right wheel speeds: 0.497, 0.797 m/s
2026-09-13 10:39:30,110 - INFO - 2026-09-13 10:39:30 [STATE] Current state: FOLLOWING_PATH
2026-09-13 10:39:30,110 - INFO - 2026-09-13 10:39:30 [FOLLOW] TRACK: progress=0.00m/37.2m seg=0 cross=2.16m alpha=9.6° target=(0.00,0.00) R=104.06 LEFT v=0.75 dwell=0.0s
2026-09-13 10:39:30,110 - INFO - 2026-09-13 10:39:30 Turn: LEFT, R: 104.06m, v_L: 0.75 m/s, v_R: 0.75 m/s
2026-09-13 10:39:30,110 - INFO - 2026-09-13 10:39:30 left_actuator_position: 763 (counts) from v_L 0.747 m/s
2026-09-13 10:39:30,110 - INFO - 2026-09-13 10:39:30 right_actuator_position: 760 (counts) from v_R 0.753 m/s
2026-09-13 10:39:30,124 - INFO - Sent actuator positions to RoboClaw → M1 (left): 763, M2 (right): 760 (counts)
2026-09-13 10:39:30,124 - INFO - 2026-09-13 10:39:30 APPLY → left_pos: 763, right_pos: 760 (counts), v_L: 0.75 m/s, v_R: 0.75 m/s
2026-09-13 10:39:30,124 - INFO - 2026-09-13 10:39:30 Path tracking needs correction: heading_ok=True (alpha=9.6deg), distance_ok=False (cross=2.161m)
2026-09-13 10:39:30,312 - INFO - 2026-09-13 10:39:30 [3.4 OBSERVED] current_turn_radius: 2.88m
2026-09-13 10:39:30,312 - INFO - 2026-09-13 10:39:30 [3.4 OBSERVED] turn_direction: LEFT
2026-09-13 10:39:30,312 - INFO - 2026-09-13 10:39:30 [3.4 OBSERVED] estimated left/right wheel speeds: 0.573, 0.731 m/s
2026-09-13 10:39:30,314 - INFO - 2026-09-13 10:39:30 [STATE] Current state: FOLLOWING_PATH
2026-09-13 10:39:30,314 - INFO - 2026-09-13 10:39:30 [FOLLOW] TRACK: progress=0.00m/37.2m seg=0 cross=2.02m alpha=12.2° target=(0.00,0.00) R=307.42 LEFT v=0.75 dwell=0.0s
2026-09-13 10:39:30,314 - INFO - 2026-09-13 10:39:30 Turn: LEFT, R: 307.42m, v_L: 0.75 m/s, v_R: 0.75 m/s
2026-09-13 10:39:30,314 - INFO - 2026-09-13 10:39:30 left_actuator_position: 762 (counts) from v_L 0.749 m/s
2026-09-13 10:39:30,314 - INFO - 2026-09-13 10:39:30 right_actuator_position: 761 (counts) from v_R 0.751 m/s
2026-09-13 10:39:30,326 - INFO - Sent actuator positions to RoboClaw → M1 (left): 762, M2 (right): 761 (counts)
2026-09-13 10:39:30,326 - INFO - 2026-09-13 10:39:30 APPLY → left_pos: 762, right_pos: 761 (counts), v_L: 0.75 m/s, v_R: 0.75 m/s
2026-09-13 10:39:30,326 - INFO - 2026-09-13 10:39:30 Path tracking needs correction: heading_ok=False (alpha=12.2deg), distance_ok=False (cross=2.025m)
2026-09-13 10:39:30,494 - INFO - 2026-09-13 10:39:30 [3.4 OBSERVED] current_turn_radius: 2.79m
2026-09-13 10:39:30,494 - INFO - 2026-09-13 10:39:30 [3.4 OBSERVED] turn_direction: LEFT
2026-09-13 10:39:30,494 - INFO - 2026-09-13 10:39:30 [3.4 OBSERVED] estimated left/right wheel speeds: 0.527, 0.679 m/s
2026-09-13 10:39:30,497 - INFO - 2026-09-13 10:39:30 [STATE] Current state: FOLLOWING_PATH
2026-09-13 10:39:30,497 - INFO - 2026-09-13 10:39:30 [FOLLOW] TRACK: progress=0.00m/37.2m seg=0 cross=1.90m alpha=15.7° target=(0.00,0.00) R=2712.07 LEFT v=0.75 dwell=0.0s
2026-09-13 10:39:30,497 - INFO - 2026-09-13 10:39:30 Turn: LEFT, R: 2712.07m, v_L: 0.75 m/s, v_R: 0.75 m/s
2026-09-13 10:39:30,497 - INFO - 2026-09-13 10:39:30 left_actuator_position: 762 (counts) from v_L 0.750 m/s
2026-09-13 10:39:30,497 - INFO - 2026-09-13 10:39:30 right_actuator_position: 762 (counts) from v_R 0.750 m/s
2026-09-13 10:39:30,510 - INFO - Sent actuator positions to RoboClaw → M1 (left): 762, M2 (right): 762 (counts)
2026-09-13 10:39:30,510 - INFO - 2026-09-13 10:39:30 APPLY → left_pos: 762, right_pos: 762 (counts), v_L: 0.75 m/s, v_R: 0.75 m/s
2026-09-13 10:39:30,510 - INFO - 2026-09-13 10:39:30 Path tracking needs correction: heading_ok=False (alpha=15.7deg), distance_ok=False (cross=1.902m)
2026-09-13 10:39:30,706 - INFO - 2026-09-13 10:39:30 [3.4 OBSERVED] current_turn_radius: 2.68m
2026-09-13 10:39:30,706 - INFO - 2026-09-13 10:39:30 [3.4 OBSERVED] turn_direction: LEFT
2026-09-13 10:39:30,707 - INFO - 2026-09-13 10:39:30 [3.4 OBSERVED] estimated left/right wheel speeds: 0.589, 0.766 m/s
2026-09-13 10:39:30,710 - INFO - 2026-09-13 10:39:30 [STATE] Current state: FOLLOWING_PATH
2026-09-13 10:39:30,710 - INFO - 2026-09-13 10:39:30 [SPEED] tight-turn cap: R=0.44m -> 0.250 m/s
2026-09-13 10:39:30,710 - INFO - 2026-09-13 10:39:30 [FOLLOW] TRACK: progress=0.00m/37.2m seg=0 cross=1.77m alpha=19.2° target=(0.00,0.00) R=0.44 RIGHT v=0.25 dwell=0.0s
2026-09-13 10:39:30,710 - INFO - 2026-09-13 10:39:30 Turn: RIGHT, R: 0.44m, v_L: 0.45 m/s, v_R: 0.05 m/s
2026-09-13 10:39:30,710 - INFO - 2026-09-13 10:39:30 left_actuator_position: 994 (counts) from v_L 0.448 m/s
2026-09-13 10:39:30,710 - INFO - 2026-09-13 10:39:30 right_actuator_position: 1100 (counts) from v_R 0.052 m/s
2026-09-13 10:39:30,724 - INFO - Sent actuator positions to RoboClaw → M1 (left): 994, M2 (right): 1100 (counts)
2026-09-13 10:39:30,724 - INFO - 2026-09-13 10:39:30 APPLY → left_pos: 994, right_pos: 1100 (counts), v_L: 0.45 m/s, v_R: 0.05 m/s
2026-09-13 10:39:30,724 - INFO - 2026-09-13 10:39:30 Path tracking needs correction: heading_ok=False (alpha=19.2deg), distance_ok=False (cross=1.770m)
2026-09-13 10:39:30,910 - INFO - 2026-09-13 10:39:30 [3.4 OBSERVED] current_turn_radius: 4.92m
2026-09-13 10:39:30,911 - INFO - 2026-09-13 10:39:30 [3.4 OBSERVED] turn_direction: LEFT
2026-09-13 10:39:30,911 - INFO - 2026-09-13 10:39:30 [3.4 OBSERVED] estimated left/right wheel speeds: 0.594, 0.686 m/s
2026-09-13 10:39:30,913 - INFO - 2026-09-13 10:39:30 [STATE] Current state: FOLLOWING_PATH
2026-09-13 10:39:30,913 - INFO - 2026-09-13 10:39:30 [SPEED] tight-turn cap: R=0.41m -> 0.250 m/s
2026-09-13 10:39:30,914 - INFO - 2026-09-13 10:39:30 [FOLLOW] TRACK: progress=0.00m/37.2m seg=0 cross=1.64m alpha=21.8° target=(0.00,0.00) R=0.41 RIGHT v=0.25 dwell=0.0s
2026-09-13 10:39:30,914 - INFO - 2026-09-13 10:39:30 Turn: RIGHT, R: 0.41m, v_L: 0.46 m/s, v_R: 0.04 m/s
2026-09-13 10:39:30,914 - INFO - 2026-09-13 10:39:30 left_actuator_position: 982 (counts) from v_L 0.463 m/s
2026-09-13 10:39:30,914 - INFO - 2026-09-13 10:39:30 right_actuator_position: 1100 (counts) from v_R 0.037 m/s
2026-09-13 10:39:30,927 - INFO - Sent actuator positions to RoboClaw → M1 (left): 982, M2 (right): 1100 (counts)
2026-09-13 10:39:30,927 - INFO - 2026-09-13 10:39:30 APPLY → left_pos: 982, right_pos: 1100 (counts), v_L: 0.46 m/s, v_R: 0.04 m/s
2026-09-13 10:39:30,927 - INFO - 2026-09-13 10:39:30 Path tracking needs correction: heading_ok=False (alpha=21.8deg), distance_ok=False (cross=1.644m)
2026-09-13 10:39:31,116 - INFO - 2026-09-13 10:39:31 [3.4 OBSERVED] current_turn_radius: 1.75m
2026-09-13 10:39:31,116 - INFO - 2026-09-13 10:39:31 [3.4 OBSERVED] turn_direction: LEFT
2026-09-13 10:39:31,116 - INFO - 2026-09-13 10:39:31 [3.4 OBSERVED] estimated left/right wheel speeds: 0.490, 0.736 m/s
2026-09-13 10:39:31,117 - INFO - 2026-09-13 10:39:31 [STATE] Current state: FOLLOWING_PATH
2026-09-13 10:39:31,118 - INFO - 2026-09-13 10:39:31 [SPEED] tight-turn cap: R=0.38m -> 0.250 m/s
2026-09-13 10:39:31,118 - INFO - 2026-09-13 10:39:31 [FOLLOW] TRACK: progress=0.00m/37.2m seg=0 cross=1.52m alpha=27.7° target=(0.00,0.00) R=0.38 RIGHT v=0.25 dwell=0.0s
2026-09-13 10:39:31,118 - INFO - 2026-09-13 10:39:31 Turn: RIGHT, R: 0.38m, v_L: 0.48 m/s, v_R: 0.02 m/s
2026-09-13 10:39:31,118 - INFO - 2026-09-13 10:39:31 left_actuator_position: 969 (counts) from v_L 0.480 m/s
2026-09-13 10:39:31,118 - INFO - 2026-09-13 10:39:31 right_actuator_position: 1100 (counts) from v_R 0.020 m/s
2026-09-13 10:39:31,133 - INFO - Sent actuator positions to RoboClaw → M1 (left): 969, M2 (right): 1100 (counts)
2026-09-13 10:39:31,133 - INFO - 2026-09-13 10:39:31 APPLY → left_pos: 969, right_pos: 1100 (counts), v_L: 0.48 m/s, v_R: 0.02 m/s
2026-09-13 10:39:31,133 - INFO - 2026-09-13 10:39:31 Path tracking needs correction: heading_ok=False (alpha=27.7deg), distance_ok=False (cross=1.523m)
2026-09-13 10:39:31,277 - INFO - 2026-09-13 10:39:31 [3.4 OBSERVED] current_turn_radius: 2.15m
2026-09-13 10:39:31,277 - INFO - 2026-09-13 10:39:31 [3.4 OBSERVED] turn_direction: LEFT
2026-09-13 10:39:31,277 - INFO - 2026-09-13 10:39:31 [3.4 OBSERVED] estimated left/right wheel speeds: 0.529, 0.735 m/s
2026-09-13 10:39:31,280 - INFO - 2026-09-13 10:39:31 [STATE] Current state: FOLLOWING_PATH
2026-09-13 10:39:31,280 - INFO - 2026-09-13 10:39:31 [SPEED] tight-turn cap: R=0.35m -> 0.250 m/s
2026-09-13 10:39:31,281 - INFO - 2026-09-13 10:39:31 [FOLLOW] TRACK: progress=0.00m/37.2m seg=0 cross=1.40m alpha=32.4° target=(0.00,0.00) R=0.35 RIGHT v=0.25 dwell=0.0s
2026-09-13 10:39:31,281 - INFO - 2026-09-13 10:39:31 Turn: RIGHT, R: 0.35m, v_L: 0.50 m/s, v_R: 0.00 m/s
2026-09-13 10:39:31,281 - INFO - 2026-09-13 10:39:31 left_actuator_position: 954 (counts) from v_L 0.499 m/s
2026-09-13 10:39:31,281 - INFO - 2026-09-13 10:39:31 right_actuator_position: 1100 (counts) from v_R 0.001 m/s
2026-09-13 10:39:31,294 - INFO - Sent actuator positions to RoboClaw → M1 (left): 954, M2 (right): 1100 (counts)
2026-09-13 10:39:31,294 - INFO - 2026-09-13 10:39:31 APPLY → left_pos: 954, right_pos: 1100 (counts), v_L: 0.50 m/s, v_R: 0.00 m/s
2026-09-13 10:39:31,295 - INFO - 2026-09-13 10:39:31 Path tracking needs correction: heading_ok=False (alpha=32.4deg), distance_ok=False (cross=1.405m)
2026-09-13 10:39:31,494 - INFO - 2026-09-13 10:39:31 [3.4 OBSERVED] current_turn_radius: 2.35m
2026-09-13 10:39:31,494 - INFO - 2026-09-13 10:39:31 [3.4 OBSERVED] turn_direction: LEFT
2026-09-13 10:39:31,494 - INFO - 2026-09-13 10:39:31 [3.4 OBSERVED] estimated left/right wheel speeds: 0.496, 0.670 m/s
2026-09-13 10:39:31,497 - INFO - 2026-09-13 10:39:31 [STATE] Current state: FOLLOWING_PATH
2026-09-13 10:39:31,497 - INFO - 2026-09-13 10:39:31 [SPEED] tight-turn cap: R=0.33m -> 0.250 m/s
2026-09-13 10:39:31,497 - INFO - 2026-09-13 10:39:31 [FOLLOW] TRACK: progress=0.00m/37.2m seg=0 cross=1.32m alpha=37.2° target=(0.00,0.00) R=0.33 RIGHT v=0.25 dwell=0.0s
2026-09-13 10:39:31,497 - INFO - 2026-09-13 10:39:31 TIGHT TURN - Reverse wheel motion required (v_L=0.51, v_R=-0.01)
2026-09-13 10:39:31,497 - INFO - 2026-09-13 10:39:31 Turn: RIGHT, R: 0.33m, v_L: 0.51 m/s, v_R: -0.01 m/s
2026-09-13 10:39:31,497 - INFO - 2026-09-13 10:39:31 left_actuator_position: 942 (counts) from v_L 0.515 m/s
2026-09-13 10:39:31,497 - INFO - 2026-09-13 10:39:31 right_actuator_position: 1350 (counts) from v_R -0.015 m/s
2026-09-13 10:39:31,510 - INFO - Sent actuator positions to RoboClaw → M1 (left): 942, M2 (right): 1350 (counts)
2026-09-13 10:39:31,510 - INFO - 2026-09-13 10:39:31 APPLY → left_pos: 942, right_pos: 1350 (counts), v_L: 0.51 m/s, v_R: -0.01 m/s
2026-09-13 10:39:31,511 - INFO - 2026-09-13 10:39:31 Path tracking needs correction: heading_ok=False (alpha=37.2deg), distance_ok=False (cross=1.321m)
2026-09-13 10:39:31,700 - INFO - 2026-09-13 10:39:31 [3.4 OBSERVED] current_turn_radius: 4.35m
2026-09-13 10:39:31,700 - INFO - 2026-09-13 10:39:31 [3.4 OBSERVED] turn_direction: LEFT
2026-09-13 10:39:31,700 - INFO - 2026-09-13 10:39:31 [3.4 OBSERVED] estimated left/right wheel speeds: 0.287, 0.337 m/s
2026-09-13 10:39:31,702 - INFO - 2026-09-13 10:39:31 [STATE] Current state: FOLLOWING_PATH
2026-09-13 10:39:31,702 - INFO - 2026-09-13 10:39:31 [SPEED] tight-turn cap: R=0.31m -> 0.250 m/s
2026-09-13 10:39:31,702 - INFO - 2026-09-13 10:39:31 [FOLLOW] TRACK: progress=0.00m/37.2m seg=0 cross=1.26m alpha=39.5° target=(0.00,0.00) R=0.31 RIGHT v=0.25 dwell=0.0s
2026-09-13 10:39:31,702 - INFO - 2026-09-13 10:39:31 TIGHT TURN - Reverse wheel motion required (v_L=0.53, v_R=-0.03)
2026-09-13 10:39:31,702 - INFO - 2026-09-13 10:39:31 Turn: RIGHT, R: 0.31m, v_L: 0.53 m/s, v_R: -0.03 m/s
2026-09-13 10:39:31,702 - INFO - 2026-09-13 10:39:31 left_actuator_position: 932 (counts) from v_L 0.529 m/s
2026-09-13 10:39:31,702 - INFO - 2026-09-13 10:39:31 right_actuator_position: 1361 (counts) from v_R -0.029 m/s
2026-09-13 10:39:31,715 - INFO - Sent actuator positions to RoboClaw → M1 (left): 932, M2 (right): 1361 (counts)
2026-09-13 10:39:31,715 - INFO - 2026-09-13 10:39:31 APPLY → left_pos: 932, right_pos: 1361 (counts), v_L: 0.53 m/s, v_R: -0.03 m/s
2026-09-13 10:39:31,715 - INFO - 2026-09-13 10:39:31 Path tracking needs correction: heading_ok=False (alpha=39.5deg), distance_ok=False (cross=1.255m)
2026-09-13 10:39:31,905 - INFO - 2026-09-13 10:39:31 [3.4 OBSERVED] current_turn_radius: 1.55m
2026-09-13 10:39:31,905 - INFO - 2026-09-13 10:39:31 [3.4 OBSERVED] turn_direction: LEFT
2026-09-13 10:39:31,905 - INFO - 2026-09-13 10:39:31 [3.4 OBSERVED] estimated left/right wheel speeds: 0.138, 0.218 m/s
2026-09-13 10:39:31,909 - INFO - 2026-09-13 10:39:31 [STATE] Current state: FOLLOWING_PATH
2026-09-13 10:39:31,909 - INFO - 2026-09-13 10:39:31 [SPEED] tight-turn cap: R=0.31m -> 0.250 m/s
2026-09-13 10:39:31,909 - INFO - 2026-09-13 10:39:31 [FOLLOW] TRACK: progress=0.00m/37.2m seg=0 cross=1.23m alpha=42.3° target=(0.00,0.00) R=0.31 RIGHT v=0.25 dwell=0.0s
2026-09-13 10:39:31,909 - INFO - 2026-09-13 10:39:31 TIGHT TURN - Reverse wheel motion required (v_L=0.53, v_R=-0.03)
2026-09-13 10:39:31,909 - INFO - 2026-09-13 10:39:31 Turn: RIGHT, R: 0.31m, v_L: 0.53 m/s, v_R: -0.03 m/s
2026-09-13 10:39:31,909 - INFO - 2026-09-13 10:39:31 left_actuator_position: 927 (counts) from v_L 0.535 m/s
2026-09-13 10:39:31,909 - INFO - 2026-09-13 10:39:31 right_actuator_position: 1365 (counts) from v_R -0.035 m/s
2026-09-13 10:39:31,922 - INFO - Sent actuator positions to RoboClaw → M1 (left): 927, M2 (right): 1365 (counts)
2026-09-13 10:39:31,922 - INFO - 2026-09-13 10:39:31 APPLY → left_pos: 927, right_pos: 1365 (counts), v_L: 0.53 m/s, v_R: -0.03 m/s
2026-09-13 10:39:31,922 - INFO - 2026-09-13 10:39:31 Path tracking needs correction: heading_ok=False (alpha=42.3deg), distance_ok=False (cross=1.230m)
2026-09-13 10:39:32,108 - INFO - 2026-09-13 10:39:32 [3.4 OBSERVED] current_turn_radius: infm
2026-09-13 10:39:32,109 - INFO - 2026-09-13 10:39:32 [3.4 OBSERVED] turn_direction: LEFT
2026-09-13 10:39:32,109 - INFO - 2026-09-13 10:39:32 [3.4 OBSERVED] estimated left/right wheel speeds: nan, nan m/s
2026-09-13 10:39:32,112 - INFO - 2026-09-13 10:39:32 [STATE] Current state: FOLLOWING_PATH
2026-09-13 10:39:32,112 - INFO - 2026-09-13 10:39:32 [SPEED] tight-turn cap: R=0.31m -> 0.250 m/s
2026-09-13 10:39:32,112 - INFO - 2026-09-13 10:39:32 [FOLLOW] TRACK: progress=0.00m/37.2m seg=0 cross=1.24m alpha=43.1° target=(0.00,0.00) R=0.31 RIGHT v=0.25 dwell=0.0s
2026-09-13 10:39:32,112 - INFO - 2026-09-13 10:39:32 TIGHT TURN - Reverse wheel motion required (v_L=0.53, v_R=-0.03)
2026-09-13 10:39:32,112 - INFO - 2026-09-13 10:39:32 Turn: RIGHT, R: 0.31m, v_L: 0.53 m/s, v_R: -0.03 m/s
2026-09-13 10:39:32,112 - INFO - 2026-09-13 10:39:32 left_actuator_position: 929 (counts) from v_L 0.533 m/s
2026-09-13 10:39:32,112 - INFO - 2026-09-13 10:39:32 right_actuator_position: 1364 (counts) from v_R -0.033 m/s
2026-09-13 10:39:32,124 - INFO - Sent actuator positions to RoboClaw → M1 (left): 929, M2 (right): 1364 (counts)
2026-09-13 10:39:32,124 - INFO - 2026-09-13 10:39:32 APPLY → left_pos: 929, right_pos: 1364 (counts), v_L: 0.53 m/s, v_R: -0.03 m/s
2026-09-13 10:39:32,124 - INFO - 2026-09-13 10:39:32 Path tracking needs correction: heading_ok=False (alpha=43.1deg), distance_ok=False (cross=1.237m)
2026-09-13 10:39:32,288 - INFO - 2026-09-13 10:39:32 [3.4 OBSERVED] current_turn_radius: infm
2026-09-13 10:39:32,289 - INFO - 2026-09-13 10:39:32 [3.4 OBSERVED] turn_direction: LEFT
2026-09-13 10:39:32,289 - INFO - 2026-09-13 10:39:32 [3.4 OBSERVED] estimated left/right wheel speeds: nan, nan m/s
2026-09-13 10:39:32,292 - INFO - 2026-09-13 10:39:32 [STATE] Current state: FOLLOWING_PATH
2026-09-13 10:39:32,292 - INFO - 2026-09-13 10:39:32 [SPEED] tight-turn cap: R=0.31m -> 0.250 m/s
2026-09-13 10:39:32,292 - INFO - 2026-09-13 10:39:32 [FOLLOW] TRACK: progress=0.00m/37.2m seg=0 cross=1.24m alpha=43.4° target=(0.00,0.00) R=0.31 RIGHT v=0.25 dwell=0.0s
2026-09-13 10:39:32,292 - INFO - 2026-09-13 10:39:32 TIGHT TURN - Reverse wheel motion required (v_L=0.53, v_R=-0.03)
2026-09-13 10:39:32,292 - INFO - 2026-09-13 10:39:32 Turn: RIGHT, R: 0.31m, v_L: 0.53 m/s, v_R: -0.03 m/s
2026-09-13 10:39:32,292 - INFO - 2026-09-13 10:39:32 left_actuator_position: 929 (counts) from v_L 0.533 m/s
2026-09-13 10:39:32,292 - INFO - 2026-09-13 10:39:32 right_actuator_position: 1364 (counts) from v_R -0.033 m/s
2026-09-13 10:39:32,305 - INFO - Sent actuator positions to RoboClaw → M1 (left): 929, M2 (right): 1364 (counts)
2026-09-13 10:39:32,305 - INFO - 2026-09-13 10:39:32 APPLY → left_pos: 929, right_pos: 1364 (counts), v_L: 0.53 m/s, v_R: -0.03 m/s
2026-09-13 10:39:32,305 - INFO - 2026-09-13 10:39:32 Path tracking needs correction: heading_ok=False (alpha=43.4deg), distance_ok=False (cross=1.237m)
2026-09-13 10:39:32,489 - INFO - 2026-09-13 10:39:32 [3.4 OBSERVED] current_turn_radius: 1.00m
2026-09-13 10:39:32,489 - INFO - 2026-09-13 10:39:32 [3.4 OBSERVED] turn_direction: RIGHT
2026-09-13 10:39:32,490 - INFO - 2026-09-13 10:39:32 [3.4 OBSERVED] estimated left/right wheel speeds: 0.219, 0.105 m/s
2026-09-13 10:39:32,492 - INFO - 2026-09-13 10:39:32 [STATE] Current state: FOLLOWING_PATH
2026-09-13 10:39:32,492 - INFO - 2026-09-13 10:39:32 [SPEED] tight-turn cap: R=0.32m -> 0.250 m/s
2026-09-13 10:39:32,492 - INFO - 2026-09-13 10:39:32 [FOLLOW] TRACK: progress=0.00m/37.2m seg=0 cross=1.27m alpha=40.7° target=(0.00,0.00) R=0.32 RIGHT v=0.25 dwell=0.0s
2026-09-13 10:39:32,492 - INFO - 2026-09-13 10:39:32 TIGHT TURN - Reverse wheel motion required (v_L=0.53, v_R=-0.03)
2026-09-13 10:39:32,492 - INFO - 2026-09-13 10:39:32 Turn: RIGHT, R: 0.32m, v_L: 0.53 m/s, v_R: -0.03 m/s
2026-09-13 10:39:32,492 - INFO - 2026-09-13 10:39:32 left_actuator_position: 934 (counts) from v_L 0.526 m/s
2026-09-13 10:39:32,493 - INFO - 2026-09-13 10:39:32 right_actuator_position: 1358 (counts) from v_R -0.026 m/s
2026-09-13 10:39:32,505 - INFO - Sent actuator positions to RoboClaw → M1 (left): 934, M2 (right): 1358 (counts)
2026-09-13 10:39:32,505 - INFO - 2026-09-13 10:39:32 APPLY → left_pos: 934, right_pos: 1358 (counts), v_L: 0.53 m/s, v_R: -0.03 m/s
2026-09-13 10:39:32,505 - INFO - 2026-09-13 10:39:32 Path tracking needs correction: heading_ok=False (alpha=40.7deg), distance_ok=False (cross=1.269m)
2026-09-13 10:39:32,684 - INFO - 2026-09-13 10:39:32 [3.4 OBSERVED] current_turn_radius: 1.05m
2026-09-13 10:39:32,684 - INFO - 2026-09-13 10:39:32 [3.4 OBSERVED] turn_direction: RIGHT
2026-09-13 10:39:32,684 - INFO - 2026-09-13 10:39:32 [3.4 OBSERVED] estimated left/right wheel speeds: 0.186, 0.093 m/s
2026-09-13 10:39:32,685 - INFO - 2026-09-13 10:39:32 [STATE] Current state: FOLLOWING_PATH
2026-09-13 10:39:32,685 - INFO - 2026-09-13 10:39:32 [SPEED] tight-turn cap: R=0.32m -> 0.250 m/s
2026-09-13 10:39:32,685 - INFO - 2026-09-13 10:39:32 [FOLLOW] TRACK: progress=0.00m/37.2m seg=0 cross=1.29m alpha=37.8° target=(0.00,0.00) R=0.32 RIGHT v=0.25 dwell=0.0s
2026-09-13 10:39:32,686 - INFO - 2026-09-13 10:39:32 TIGHT TURN - Reverse wheel motion required (v_L=0.52, v_R=-0.02)
2026-09-13 10:39:32,686 - INFO - 2026-09-13 10:39:32 Turn: RIGHT, R: 0.32m, v_L: 0.52 m/s, v_R: -0.02 m/s
2026-09-13 10:39:32,686 - INFO - 2026-09-13 10:39:32 left_actuator_position: 938 (counts) from v_L 0.520 m/s
2026-09-13 10:39:32,686 - INFO - 2026-09-13 10:39:32 right_actuator_position: 1354 (counts) from v_R -0.020 m/s
2026-09-13 10:39:32,701 - INFO - Sent actuator positions to RoboClaw → M1 (left): 938, M2 (right): 1354 (counts)
2026-09-13 10:39:32,701 - INFO - 2026-09-13 10:39:32 APPLY → left_pos: 938, right_pos: 1354 (counts), v_L: 0.52 m/s, v_R: -0.02 m/s
2026-09-13 10:39:32,701 - INFO - 2026-09-13 10:39:32 Path tracking needs correction: heading_ok=False (alpha=37.8deg), distance_ok=False (cross=1.295m)
2026-09-13 10:39:32,885 - INFO - 2026-09-13 10:39:32 [3.4 OBSERVED] current_turn_radius: 1.40m
2026-09-13 10:39:32,885 - INFO - 2026-09-13 10:39:32 [3.4 OBSERVED] turn_direction: RIGHT
2026-09-13 10:39:32,885 - INFO - 2026-09-13 10:39:32 [3.4 OBSERVED] estimated left/right wheel speeds: 0.173, 0.104 m/s
2026-09-13 10:39:32,888 - INFO - 2026-09-13 10:39:32 [STATE] Current state: FOLLOWING_PATH
2026-09-13 10:39:32,888 - INFO - 2026-09-13 10:39:32 [SPEED] tight-turn cap: R=0.33m -> 0.250 m/s
2026-09-13 10:39:32,888 - INFO - 2026-09-13 10:39:32 [FOLLOW] TRACK: progress=0.00m/37.2m seg=0 cross=1.31m alpha=36.3° target=(0.00,0.00) R=0.33 RIGHT v=0.25 dwell=0.0s
2026-09-13 10:39:32,889 - INFO - 2026-09-13 10:39:32 TIGHT TURN - Reverse wheel motion required (v_L=0.52, v_R=-0.02)
2026-09-13 10:39:32,889 - INFO - 2026-09-13 10:39:32 Turn: RIGHT, R: 0.33m, v_L: 0.52 m/s, v_R: -0.02 m/s
2026-09-13 10:39:32,889 - INFO - 2026-09-13 10:39:32 left_actuator_position: 941 (counts) from v_L 0.517 m/s
2026-09-13 10:39:32,889 - INFO - 2026-09-13 10:39:32 right_actuator_position: 1351 (counts) from v_R -0.017 m/s
2026-09-13 10:39:32,901 - INFO - Sent actuator positions to RoboClaw → M1 (left): 941, M2 (right): 1351 (counts)
2026-09-13 10:39:32,901 - INFO - 2026-09-13 10:39:32 APPLY → left_pos: 941, right_pos: 1351 (counts), v_L: 0.52 m/s, v_R: -0.02 m/s
2026-09-13 10:39:32,902 - INFO - 2026-09-13 10:39:32 Path tracking needs correction: heading_ok=False (alpha=36.3deg), distance_ok=False (cross=1.311m)
2026-09-13 10:39:33,083 - INFO - 2026-09-13 10:39:33 [3.4 OBSERVED] current_turn_radius: 23.70m
2026-09-13 10:39:33,083 - INFO - 2026-09-13 10:39:33 [3.4 OBSERVED] turn_direction: RIGHT
2026-09-13 10:39:33,083 - INFO - 2026-09-13 10:39:33 [3.4 OBSERVED] estimated left/right wheel speeds: 0.120, 0.116 m/s
2026-09-13 10:39:33,085 - INFO - 2026-09-13 10:39:33 [STATE] Current state: FOLLOWING_PATH
2026-09-13 10:39:33,086 - INFO - 2026-09-13 10:39:33 [SPEED] tight-turn cap: R=0.34m -> 0.250 m/s
2026-09-13 10:39:33,086 - INFO - 2026-09-13 10:39:33 [FOLLOW] TRACK: progress=0.00m/37.2m seg=0 cross=1.34m alpha=35.5° target=(0.00,0.00) R=0.34 RIGHT v=0.25 dwell=0.0s
2026-09-13 10:39:33,086 - INFO - 2026-09-13 10:39:33 TIGHT TURN - Reverse wheel motion required (v_L=0.51, v_R=-0.01)
2026-09-13 10:39:33,086 - INFO - 2026-09-13 10:39:33 Turn: RIGHT, R: 0.34m, v_L: 0.51 m/s, v_R: -0.01 m/s
2026-09-13 10:39:33,086 - INFO - 2026-09-13 10:39:33 left_actuator_position: 946 (counts) from v_L 0.510 m/s
2026-09-13 10:39:33,086 - INFO - 2026-09-13 10:39:33 right_actuator_position: 1346 (counts) from v_R -0.010 m/s
2026-09-13 10:39:33,098 - INFO - Sent actuator positions to RoboClaw → M1 (left): 946, M2 (right): 1346 (counts)
2026-09-13 10:39:33,098 - INFO - 2026-09-13 10:39:33 APPLY → left_pos: 946, right_pos: 1346 (counts), v_L: 0.51 m/s, v_R: -0.01 m/s
2026-09-13 10:39:33,099 - INFO - 2026-09-13 10:39:33 Path tracking needs correction: heading_ok=False (alpha=35.5deg), distance_ok=False (cross=1.344m)
2026-09-13 10:39:33,282 - INFO - 2026-09-13 10:39:33 [3.4 OBSERVED] current_turn_radius: 2.52m
2026-09-13 10:39:33,282 - INFO - 2026-09-13 10:39:33 [3.4 OBSERVED] turn_direction: RIGHT
2026-09-13 10:39:33,282 - INFO - 2026-09-13 10:39:33 [3.4 OBSERVED] estimated left/right wheel speeds: 0.130, 0.098 m/s
2026-09-13 10:39:33,285 - INFO - 2026-09-13 10:39:33 [STATE] Current state: FOLLOWING_PATH
2026-09-13 10:39:33,285 - INFO - 2026-09-13 10:39:33 [SPEED] tight-turn cap: R=0.34m -> 0.250 m/s
2026-09-13 10:39:33,285 - INFO - 2026-09-13 10:39:33 [FOLLOW] TRACK: progress=0.00m/37.2m seg=0 cross=1.36m alpha=34.6° target=(0.00,0.00) R=0.34 RIGHT v=0.25 dwell=0.0s
2026-09-13 10:39:33,285 - INFO - 2026-09-13 10:39:33 TIGHT TURN - Reverse wheel motion required (v_L=0.51, v_R=-0.01)
2026-09-13 10:39:33,285 - INFO - 2026-09-13 10:39:33 Turn: RIGHT, R: 0.34m, v_L: 0.51 m/s, v_R: -0.01 m/s
2026-09-13 10:39:33,285 - INFO - 2026-09-13 10:39:33 left_actuator_position: 948 (counts) from v_L 0.507 m/s
2026-09-13 10:39:33,285 - INFO - 2026-09-13 10:39:33 right_actuator_position: 1344 (counts) from v_R -0.007 m/s
2026-09-13 10:39:33,298 - INFO - Sent actuator positions to RoboClaw → M1 (left): 948, M2 (right): 1344 (counts)
2026-09-13 10:39:33,299 - INFO - 2026-09-13 10:39:33 APPLY → left_pos: 948, right_pos: 1344 (counts), v_L: 0.51 m/s, v_R: -0.01 m/s
2026-09-13 10:39:33,299 - INFO - 2026-09-13 10:39:33 Path tracking needs correction: heading_ok=False (alpha=34.6deg), distance_ok=False (cross=1.361m)
2026-09-13 10:39:33,480 - INFO - 2026-09-13 10:39:33 [3.4 OBSERVED] current_turn_radius: 1.56m
2026-09-13 10:39:33,480 - INFO - 2026-09-13 10:39:33 [3.4 OBSERVED] turn_direction: RIGHT
2026-09-13 10:39:33,480 - INFO - 2026-09-13 10:39:33 [3.4 OBSERVED] estimated left/right wheel speeds: 0.130, 0.083 m/s
2026-09-13 10:39:33,483 - INFO - 2026-09-13 10:39:33 [STATE] Current state: FOLLOWING_PATH
2026-09-13 10:39:33,483 - INFO - 2026-09-13 10:39:33 [SPEED] tight-turn cap: R=0.34m -> 0.250 m/s
2026-09-13 10:39:33,483 - INFO - 2026-09-13 10:39:33 [FOLLOW] TRACK: progress=0.00m/37.2m seg=0 cross=1.37m alpha=33.0° target=(0.00,0.00) R=0.34 RIGHT v=0.25 dwell=0.0s
2026-09-13 10:39:33,483 - INFO - 2026-09-13 10:39:33 TIGHT TURN - Reverse wheel motion required (v_L=0.51, v_R=-0.01)
2026-09-13 10:39:33,483 - INFO - 2026-09-13 10:39:33 Turn: RIGHT, R: 0.34m, v_L: 0.51 m/s, v_R: -0.01 m/s
2026-09-13 10:39:33,483 - INFO - 2026-09-13 10:39:33 left_actuator_position: 950 (counts) from v_L 0.505 m/s
2026-09-13 10:39:33,483 - INFO - 2026-09-13 10:39:33 right_actuator_position: 1343 (counts) from v_R -0.005 m/s
2026-09-13 10:39:33,496 - INFO - Sent actuator positions to RoboClaw → M1 (left): 950, M2 (right): 1343 (counts)
2026-09-13 10:39:33,497 - INFO - 2026-09-13 10:39:33 APPLY → left_pos: 950, right_pos: 1343 (counts), v_L: 0.51 m/s, v_R: -0.01 m/s
2026-09-13 10:39:33,497 - INFO - 2026-09-13 10:39:33 Path tracking needs correction: heading_ok=False (alpha=33.0deg), distance_ok=False (cross=1.371m)
2026-09-13 10:39:33,684 - INFO - 2026-09-13 10:39:33 [3.4 OBSERVED] current_turn_radius: 2.04m
2026-09-13 10:39:33,684 - INFO - 2026-09-13 10:39:33 [3.4 OBSERVED] turn_direction: RIGHT
2026-09-13 10:39:33,684 - INFO - 2026-09-13 10:39:33 [3.4 OBSERVED] estimated left/right wheel speeds: 0.130, 0.092 m/s
2026-09-13 10:39:33,686 - INFO - 2026-09-13 10:39:33 [STATE] Current state: FOLLOWING_PATH
2026-09-13 10:39:33,686 - INFO - 2026-09-13 10:39:33 [SPEED] tight-turn cap: R=0.35m -> 0.250 m/s
2026-09-13 10:39:33,686 - INFO - 2026-09-13 10:39:33 [FOLLOW] TRACK: progress=0.00m/37.2m seg=0 cross=1.39m alpha=32.0° target=(0.00,0.00) R=0.35 RIGHT v=0.25 dwell=0.0s
2026-09-13 10:39:33,686 - INFO - 2026-09-13 10:39:33 TIGHT TURN - Reverse wheel motion required (v_L=0.50, v_R=-0.00)
2026-09-13 10:39:33,686 - INFO - 2026-09-13 10:39:33 Turn: RIGHT, R: 0.35m, v_L: 0.50 m/s, v_R: -0.00 m/s
2026-09-13 10:39:33,686 - INFO - 2026-09-13 10:39:33 left_actuator_position: 952 (counts) from v_L 0.502 m/s
2026-09-13 10:39:33,686 - INFO - 2026-09-13 10:39:33 right_actuator_position: 1340 (counts) from v_R -0.002 m/s
2026-09-13 10:39:33,700 - INFO - Sent actuator positions to RoboClaw → M1 (left): 952, M2 (right): 1340 (counts)
2026-09-13 10:39:33,700 - INFO - 2026-09-13 10:39:33 APPLY → left_pos: 952, right_pos: 1340 (counts), v_L: 0.50 m/s, v_R: -0.00 m/s
2026-09-13 10:39:33,700 - INFO - 2026-09-13 10:39:33 Path tracking needs correction: heading_ok=False (alpha=32.0deg), distance_ok=False (cross=1.388m)
2026-09-13 10:39:33,887 - INFO - 2026-09-13 10:39:33 [3.4 OBSERVED] current_turn_radius: infm
2026-09-13 10:39:33,887 - INFO - 2026-09-13 10:39:33 [3.4 OBSERVED] turn_direction: RIGHT
2026-09-13 10:39:33,887 - INFO - 2026-09-13 10:39:33 [3.4 OBSERVED] estimated left/right wheel speeds: nan, nan m/s
2026-09-13 10:39:33,890 - INFO - 2026-09-13 10:39:33 [STATE] Current state: FOLLOWING_PATH
2026-09-13 10:39:33,890 - INFO - 2026-09-13 10:39:33 [SPEED] tight-turn cap: R=0.35m -> 0.250 m/s
2026-09-13 10:39:33,890 - INFO - 2026-09-13 10:39:33 [FOLLOW] TRACK: progress=0.00m/37.2m seg=0 cross=1.41m alpha=31.5° target=(0.00,0.00) R=0.35 RIGHT v=0.25 dwell=0.0s
2026-09-13 10:39:33,890 - INFO - 2026-09-13 10:39:33 Turn: RIGHT, R: 0.35m, v_L: 0.50 m/s, v_R: 0.00 m/s
2026-09-13 10:39:33,890 - INFO - 2026-09-13 10:39:33 left_actuator_position: 955 (counts) from v_L 0.498 m/s
2026-09-13 10:39:33,890 - INFO - 2026-09-13 10:39:33 right_actuator_position: 1100 (counts) from v_R 0.002 m/s
2026-09-13 10:39:33,903 - INFO - Sent actuator positions to RoboClaw → M1 (left): 955, M2 (right): 1100 (counts)
2026-09-13 10:39:33,903 - INFO - 2026-09-13 10:39:33 APPLY → left_pos: 955, right_pos: 1100 (counts), v_L: 0.50 m/s, v_R: 0.00 m/s
2026-09-13 10:39:33,903 - INFO - 2026-09-13 10:39:33 Path tracking needs correction: heading_ok=False (alpha=31.5deg), distance_ok=False (cross=1.411m)
2026-09-13 10:39:34,085 - INFO - 2026-09-13 10:39:34 [3.4 OBSERVED] current_turn_radius: infm
2026-09-13 10:39:34,085 - INFO - 2026-09-13 10:39:34 [3.4 OBSERVED] turn_direction: RIGHT
2026-09-13 10:39:34,085 - INFO - 2026-09-13 10:39:34 [3.4 OBSERVED] estimated left/right wheel speeds: nan, nan m/s
2026-09-13 10:39:34,089 - INFO - 2026-09-13 10:39:34 [STATE] Current state: FOLLOWING_PATH
2026-09-13 10:39:34,089 - INFO - 2026-09-13 10:39:34 [SPEED] tight-turn cap: R=0.36m -> 0.250 m/s
2026-09-13 10:39:34,089 - INFO - 2026-09-13 10:39:34 [FOLLOW] TRACK: progress=0.00m/37.2m seg=0 cross=1.43m alpha=31.1° target=(0.00,0.00) R=0.36 RIGHT v=0.25 dwell=0.0s
2026-09-13 10:39:34,089 - INFO - 2026-09-13 10:39:34 Turn: RIGHT, R: 0.36m, v_L: 0.50 m/s, v_R: 0.00 m/s
2026-09-13 10:39:34,089 - INFO - 2026-09-13 10:39:34 left_actuator_position: 958 (counts) from v_L 0.495 m/s
2026-09-13 10:39:34,089 - INFO - 2026-09-13 10:39:34 right_actuator_position: 1100 (counts) from v_R 0.005 m/s
2026-09-13 10:39:34,103 - INFO - Sent actuator positions to RoboClaw → M1 (left): 958, M2 (right): 1100 (counts)
2026-09-13 10:39:34,103 - INFO - 2026-09-13 10:39:34 APPLY → left_pos: 958, right_pos: 1100 (counts), v_L: 0.50 m/s, v_R: 0.00 m/s
2026-09-13 10:39:34,103 - INFO - 2026-09-13 10:39:34 Path tracking needs correction: heading_ok=False (alpha=31.1deg), distance_ok=False (cross=1.428m)
2026-09-13 10:39:34,280 - INFO - 2026-09-13 10:39:34 [3.4 OBSERVED] current_turn_radius: infm
2026-09-13 10:39:34,280 - INFO - 2026-09-13 10:39:34 [3.4 OBSERVED] turn_direction: RIGHT
2026-09-13 10:39:34,280 - INFO - 2026-09-13 10:39:34 [3.4 OBSERVED] estimated left/right wheel speeds: nan, nan m/s
2026-09-13 10:39:34,283 - INFO - 2026-09-13 10:39:34 [STATE] Current state: FOLLOWING_PATH
2026-09-13 10:39:34,283 - INFO - 2026-09-13 10:39:34 [SPEED] tight-turn cap: R=0.36m -> 0.250 m/s
2026-09-13 10:39:34,283 - INFO - 2026-09-13 10:39:34 [FOLLOW] TRACK: progress=0.00m/37.2m seg=0 cross=1.45m alpha=31.2° target=(0.00,0.00) R=0.36 RIGHT v=0.25 dwell=0.0s
2026-09-13 10:39:34,283 - INFO - 2026-09-13 10:39:34 Turn: RIGHT, R: 0.36m, v_L: 0.49 m/s, v_R: 0.01 m/s
2026-09-13 10:39:34,284 - INFO - 2026-09-13 10:39:34 left_actuator_position: 961 (counts) from v_L 0.491 m/s
2026-09-13 10:39:34,284 - INFO - 2026-09-13 10:39:34 right_actuator_position: 1100 (counts) from v_R 0.009 m/s
2026-09-13 10:39:34,297 - INFO - Sent actuator positions to RoboClaw → M1 (left): 961, M2 (right): 1100 (counts)
2026-09-13 10:39:34,297 - INFO - 2026-09-13 10:39:34 APPLY → left_pos: 961, right_pos: 1100 (counts), v_L: 0.49 m/s, v_R: 0.01 m/s
2026-09-13 10:39:34,297 - INFO - 2026-09-13 10:39:34 Path tracking needs correction: heading_ok=False (alpha=31.2deg), distance_ok=False (cross=1.451m)
2026-09-13 10:39:34,481 - INFO - 2026-09-13 10:39:34 [3.4 OBSERVED] current_turn_radius: infm
2026-09-13 10:39:34,481 - INFO - 2026-09-13 10:39:34 [3.4 OBSERVED] turn_direction: RIGHT
2026-09-13 10:39:34,481 - INFO - 2026-09-13 10:39:34 [3.4 OBSERVED] estimated left/right wheel speeds: nan, nan m/s
2026-09-13 10:39:34,483 - INFO - 2026-09-13 10:39:34 [STATE] Current state: FOLLOWING_PATH
2026-09-13 10:39:34,483 - INFO - 2026-09-13 10:39:34 [SPEED] tight-turn cap: R=0.36m -> 0.250 m/s
2026-09-13 10:39:34,483 - INFO - 2026-09-13 10:39:34 [FOLLOW] TRACK: progress=0.00m/37.2m seg=0 cross=1.44m alpha=30.1° target=(0.00,0.00) R=0.36 RIGHT v=0.25 dwell=0.0s
2026-09-13 10:39:34,484 - INFO - 2026-09-13 10:39:34 Turn: RIGHT, R: 0.36m, v_L: 0.49 m/s, v_R: 0.01 m/s
2026-09-13 10:39:34,484 - INFO - 2026-09-13 10:39:34 left_actuator_position: 960 (counts) from v_L 0.492 m/s
2026-09-13 10:39:34,484 - INFO - 2026-09-13 10:39:34 right_actuator_position: 1100 (counts) from v_R 0.008 m/s
2026-09-13 10:39:34,497 - INFO - Sent actuator positions to RoboClaw → M1 (left): 960, M2 (right): 1100 (counts)
2026-09-13 10:39:34,497 - INFO - 2026-09-13 10:39:34 APPLY → left_pos: 960, right_pos: 1100 (counts), v_L: 0.49 m/s, v_R: 0.01 m/s
2026-09-13 10:39:34,497 - INFO - 2026-09-13 10:39:34 Path tracking needs correction: heading_ok=False (alpha=30.1deg), distance_ok=False (cross=1.444m)
2026-09-13 10:39:34,683 - INFO - 2026-09-13 10:39:34 [3.4 OBSERVED] current_turn_radius: infm
2026-09-13 10:39:34,683 - INFO - 2026-09-13 10:39:34 [3.4 OBSERVED] turn_direction: LEFT
2026-09-13 10:39:34,683 - INFO - 2026-09-13 10:39:34 [3.4 OBSERVED] estimated left/right wheel speeds: nan, nan m/s
2026-09-13 10:39:34,687 - INFO - 2026-09-13 10:39:34 [STATE] Current state: FOLLOWING_PATH
2026-09-13 10:39:34,687 - INFO - 2026-09-13 10:39:34 [SPEED] tight-turn cap: R=0.36m -> 0.250 m/s
2026-09-13 10:39:34,687 - INFO - 2026-09-13 10:39:34 [FOLLOW] TRACK: progress=0.00m/37.2m seg=0 cross=1.44m alpha=30.9° target=(0.00,0.00) R=0.36 RIGHT v=0.25 dwell=0.0s
2026-09-13 10:39:34,688 - INFO - 2026-09-13 10:39:34 Turn: RIGHT, R: 0.36m, v_L: 0.49 m/s, v_R: 0.01 m/s
2026-09-13 10:39:34,688 - INFO - 2026-09-13 10:39:34 left_actuator_position: 960 (counts) from v_L 0.492 m/s
2026-09-13 10:39:34,688 - INFO - 2026-09-13 10:39:34 right_actuator_position: 1100 (counts) from v_R 0.008 m/s
2026-09-13 10:39:34,700 - INFO - Sent actuator positions to RoboClaw → M1 (left): 960, M2 (right): 1100 (counts)
2026-09-13 10:39:34,700 - INFO - 2026-09-13 10:39:34 APPLY → left_pos: 960, right_pos: 1100 (counts), v_L: 0.49 m/s, v_R: 0.01 m/s
2026-09-13 10:39:34,700 - INFO - 2026-09-13 10:39:34 Path tracking needs correction: heading_ok=False (alpha=30.9deg), distance_ok=False (cross=1.444m)
2026-09-13 10:39:34,880 - INFO - 2026-09-13 10:39:34 [3.4 OBSERVED] current_turn_radius: infm
2026-09-13 10:39:34,880 - INFO - 2026-09-13 10:39:34 [3.4 OBSERVED] turn_direction: RIGHT
2026-09-13 10:39:34,881 - INFO - 2026-09-13 10:39:34 [3.4 OBSERVED] estimated left/right wheel speeds: nan, nan m/s
2026-09-13 10:39:34,883 - INFO - 2026-09-13 10:39:34 [STATE] Current state: FOLLOWING_PATH
2026-09-13 10:39:34,884 - INFO - 2026-09-13 10:39:34 [SPEED] tight-turn cap: R=0.36m -> 0.250 m/s
2026-09-13 10:39:34,884 - INFO - 2026-09-13 10:39:34 [FOLLOW] TRACK: progress=0.00m/37.2m seg=0 cross=1.44m alpha=30.7° target=(0.00,0.00) R=0.36 RIGHT v=0.25 dwell=0.0s
2026-09-13 10:39:34,884 - INFO - 2026-09-13 10:39:34 Turn: RIGHT, R: 0.36m, v_L: 0.49 m/s, v_R: 0.01 m/s
2026-09-13 10:39:34,884 - INFO - 2026-09-13 10:39:34 left_actuator_position: 960 (counts) from v_L 0.492 m/s
2026-09-13 10:39:34,884 - INFO - 2026-09-13 10:39:34 right_actuator_position: 1100 (counts) from v_R 0.008 m/s
2026-09-13 10:39:34,896 - INFO - Sent actuator positions to RoboClaw → M1 (left): 960, M2 (right): 1100 (counts)
2026-09-13 10:39:34,897 - INFO - 2026-09-13 10:39:34 APPLY → left_pos: 960, right_pos: 1100 (counts), v_L: 0.49 m/s, v_R: 0.01 m/s
2026-09-13 10:39:34,897 - INFO - 2026-09-13 10:39:34 Path tracking needs correction: heading_ok=False (alpha=30.7deg), distance_ok=False (cross=1.444m)
2026-09-13 10:39:35,090 - INFO - 2026-09-13 10:39:35 [3.4 OBSERVED] current_turn_radius: infm
2026-09-13 10:39:35,091 - INFO - 2026-09-13 10:39:35 [3.4 OBSERVED] turn_direction: LEFT
2026-09-13 10:39:35,091 - INFO - 2026-09-13 10:39:35 [3.4 OBSERVED] estimated left/right wheel speeds: nan, nan m/s
2026-09-13 10:39:35,093 - INFO - 2026-09-13 10:39:35 [STATE] Current state: FOLLOWING_PATH
2026-09-13 10:39:35,094 - INFO - 2026-09-13 10:39:35 [SPEED] tight-turn cap: R=0.36m -> 0.250 m/s
2026-09-13 10:39:35,094 - INFO - 2026-09-13 10:39:35 [FOLLOW] TRACK: progress=0.00m/37.2m seg=0 cross=1.43m alpha=31.4° target=(0.00,0.00) R=0.36 RIGHT v=0.25 dwell=0.0s
2026-09-13 10:39:35,094 - INFO - 2026-09-13 10:39:35 Turn: RIGHT, R: 0.36m, v_L: 0.50 m/s, v_R: 0.00 m/s
2026-09-13 10:39:35,094 - INFO - 2026-09-13 10:39:35 left_actuator_position: 958 (counts) from v_L 0.495 m/s
2026-09-13 10:39:35,094 - INFO - 2026-09-13 10:39:35 right_actuator_position: 1100 (counts) from v_R 0.005 m/s
2026-09-13 10:39:35,107 - INFO - Sent actuator positions to RoboClaw → M1 (left): 958, M2 (right): 1100 (counts)
2026-09-13 10:39:35,107 - INFO - 2026-09-13 10:39:35 APPLY → left_pos: 958, right_pos: 1100 (counts), v_L: 0.50 m/s, v_R: 0.00 m/s
2026-09-13 10:39:35,108 - INFO - 2026-09-13 10:39:35 Path tracking needs correction: heading_ok=False (alpha=31.4deg), distance_ok=False (cross=1.428m)
2026-09-13 10:39:35,275 - INFO - HEARTBEAT: Loop running, last GPS data 0.0s ago
2026-09-13 10:39:35,282 - INFO - 2026-09-13 10:39:35 [3.4 OBSERVED] current_turn_radius: infm
2026-09-13 10:39:35,282 - INFO - 2026-09-13 10:39:35 [3.4 OBSERVED] turn_direction: RIGHT
2026-09-13 10:39:35,282 - INFO - 2026-09-13 10:39:35 [3.4 OBSERVED] estimated left/right wheel speeds: nan, nan m/s
2026-09-13 10:39:35,284 - INFO - 2026-09-13 10:39:35 [STATE] Current state: FOLLOWING_PATH
2026-09-13 10:39:35,284 - INFO - 2026-09-13 10:39:35 [SPEED] tight-turn cap: R=0.36m -> 0.250 m/s
2026-09-13 10:39:35,284 - INFO - 2026-09-13 10:39:35 [FOLLOW] TRACK: progress=0.00m/37.2m seg=0 cross=1.43m alpha=31.2° target=(0.00,0.00) R=0.36 RIGHT v=0.25 dwell=0.0s
2026-09-13 10:39:35,284 - INFO - 2026-09-13 10:39:35 Turn: RIGHT, R: 0.36m, v_L: 0.50 m/s, v_R: 0.00 m/s
2026-09-13 10:39:35,284 - INFO - 2026-09-13 10:39:35 left_actuator_position: 958 (counts) from v_L 0.495 m/s
2026-09-13 10:39:35,284 - INFO - 2026-09-13 10:39:35 right_actuator_position: 1100 (counts) from v_R 0.005 m/s
2026-09-13 10:39:35,297 - INFO - Sent actuator positions to RoboClaw → M1 (left): 958, M2 (right): 1100 (counts)
2026-09-13 10:39:35,297 - INFO - 2026-09-13 10:39:35 APPLY → left_pos: 958, right_pos: 1100 (counts), v_L: 0.50 m/s, v_R: 0.00 m/s
2026-09-13 10:39:35,298 - INFO - 2026-09-13 10:39:35 Path tracking needs correction: heading_ok=False (alpha=31.2deg), distance_ok=False (cross=1.428m)
2026-09-13 10:39:35,481 - INFO - 2026-09-13 10:39:35 [3.4 OBSERVED] current_turn_radius: infm
2026-09-13 10:39:35,481 - INFO - 2026-09-13 10:39:35 [3.4 OBSERVED] turn_direction: LEFT
2026-09-13 10:39:35,481 - INFO - 2026-09-13 10:39:35 [3.4 OBSERVED] estimated left/right wheel speeds: nan, nan m/s
2026-09-13 10:39:35,484 - INFO - 2026-09-13 10:39:35 [STATE] Current state: FOLLOWING_PATH
2026-09-13 10:39:35,484 - INFO - 2026-09-13 10:39:35 [SPEED] tight-turn cap: R=0.36m -> 0.250 m/s
2026-09-13 10:39:35,484 - INFO - 2026-09-13 10:39:35 [FOLLOW] TRACK: progress=0.00m/37.2m seg=0 cross=1.43m alpha=31.2° target=(0.00,0.00) R=0.36 RIGHT v=0.25 dwell=0.0s
2026-09-13 10:39:35,484 - INFO - 2026-09-13 10:39:35 Turn: RIGHT, R: 0.36m, v_L: 0.50 m/s, v_R: 0.00 m/s
2026-09-13 10:39:35,484 - INFO - 2026-09-13 10:39:35 left_actuator_position: 958 (counts) from v_L 0.495 m/s
2026-09-13 10:39:35,484 - INFO - 2026-09-13 10:39:35 right_actuator_position: 1100 (counts) from v_R 0.005 m/s
2026-09-13 10:39:35,498 - INFO - Sent actuator positions to RoboClaw → M1 (left): 958, M2 (right): 1100 (counts)
2026-09-13 10:39:35,498 - INFO - 2026-09-13 10:39:35 APPLY → left_pos: 958, right_pos: 1100 (counts), v_L: 0.50 m/s, v_R: 0.00 m/s
2026-09-13 10:39:35,498 - INFO - 2026-09-13 10:39:35 Path tracking needs correction: heading_ok=False (alpha=31.2deg), distance_ok=False (cross=1.428m)
2026-09-13 10:39:35,684 - INFO - 2026-09-13 10:39:35 [3.4 OBSERVED] current_turn_radius: infm
2026-09-13 10:39:35,684 - INFO - 2026-09-13 10:39:35 [3.4 OBSERVED] turn_direction: RIGHT
2026-09-13 10:39:35,684 - INFO - 2026-09-13 10:39:35 [3.4 OBSERVED] estimated left/right wheel speeds: nan, nan m/s
2026-09-13 10:39:35,687 - INFO - 2026-09-13 10:39:35 [STATE] Current state: FOLLOWING_PATH
2026-09-13 10:39:35,687 - INFO - 2026-09-13 10:39:35 [SPEED] tight-turn cap: R=0.36m -> 0.250 m/s
2026-09-13 10:39:35,687 - INFO - 2026-09-13 10:39:35 [FOLLOW] TRACK: progress=0.00m/37.2m seg=0 cross=1.43m alpha=31.0° target=(0.00,0.00) R=0.36 RIGHT v=0.25 dwell=0.0s
2026-09-13 10:39:35,687 - INFO - 2026-09-13 10:39:35 Turn: RIGHT, R: 0.36m, v_L: 0.50 m/s, v_R: 0.00 m/s
2026-09-13 10:39:35,687 - INFO - 2026-09-13 10:39:35 left_actuator_position: 958 (counts) from v_L 0.495 m/s
2026-09-13 10:39:35,687 - INFO - 2026-09-13 10:39:35 right_actuator_position: 1100 (counts) from v_R 0.005 m/s
2026-09-13 10:39:35,700 - INFO - Sent actuator positions to RoboClaw → M1 (left): 958, M2 (right): 1100 (counts)
2026-09-13 10:39:35,700 - INFO - 2026-09-13 10:39:35 APPLY → left_pos: 958, right_pos: 1100 (counts), v_L: 0.50 m/s, v_R: 0.00 m/s
2026-09-13 10:39:35,700 - INFO - 2026-09-13 10:39:35 Path tracking needs correction: heading_ok=False (alpha=31.0deg), distance_ok=False (cross=1.428m)
2026-09-13 10:39:35,884 - INFO - 2026-09-13 10:39:35 [3.4 OBSERVED] current_turn_radius: infm
2026-09-13 10:39:35,884 - INFO - 2026-09-13 10:39:35 [3.4 OBSERVED] turn_direction: RIGHT
2026-09-13 10:39:35,884 - INFO - 2026-09-13 10:39:35 [3.4 OBSERVED] estimated left/right wheel speeds: nan, nan m/s
2026-09-13 10:39:35,887 - INFO - 2026-09-13 10:39:35 [STATE] Current state: FOLLOWING_PATH
2026-09-13 10:39:35,887 - INFO - 2026-09-13 10:39:35 [SPEED] tight-turn cap: R=0.36m -> 0.250 m/s
2026-09-13 10:39:35,887 - INFO - 2026-09-13 10:39:35 [FOLLOW] TRACK: progress=0.00m/37.2m seg=0 cross=1.43m alpha=30.4° target=(0.00,0.00) R=0.36 RIGHT v=0.25 dwell=0.0s
2026-09-13 10:39:35,887 - INFO - 2026-09-13 10:39:35 Turn: RIGHT, R: 0.36m, v_L: 0.50 m/s, v_R: 0.00 m/s
2026-09-13 10:39:35,887 - INFO - 2026-09-13 10:39:35 left_actuator_position: 958 (counts) from v_L 0.495 m/s
2026-09-13 10:39:35,887 - INFO - 2026-09-13 10:39:35 right_actuator_position: 1100 (counts) from v_R 0.005 m/s
2026-09-13 10:39:35,900 - INFO - Sent actuator positions to RoboClaw → M1 (left): 958, M2 (right): 1100 (counts)
2026-09-13 10:39:35,900 - INFO - 2026-09-13 10:39:35 APPLY → left_pos: 958, right_pos: 1100 (counts), v_L: 0.50 m/s, v_R: 0.00 m/s
2026-09-13 10:39:35,900 - INFO - 2026-09-13 10:39:35 Path tracking needs correction: heading_ok=False (alpha=30.4deg), distance_ok=False (cross=1.428m)
2026-09-13 10:39:36,094 - INFO - 2026-09-13 10:39:36 [3.4 OBSERVED] current_turn_radius: infm
2026-09-13 10:39:36,094 - INFO - 2026-09-13 10:39:36 [3.4 OBSERVED] turn_direction: LEFT
2026-09-13 10:39:36,094 - INFO - 2026-09-13 10:39:36 [3.4 OBSERVED] estimated left/right wheel speeds: nan, nan m/s
2026-09-13 10:39:36,097 - INFO - 2026-09-13 10:39:36 [STATE] Current state: FOLLOWING_PATH
2026-09-13 10:39:36,097 - INFO - 2026-09-13 10:39:36 [SPEED] tight-turn cap: R=0.36m -> 0.250 m/s
2026-09-13 10:39:36,097 - INFO - 2026-09-13 10:39:36 [FOLLOW] TRACK: progress=0.00m/37.2m seg=0 cross=1.43m alpha=30.4° target=(0.00,0.00) R=0.36 RIGHT v=0.25 dwell=0.0s
2026-09-13 10:39:36,097 - INFO - 2026-09-13 10:39:36 Turn: RIGHT, R: 0.36m, v_L: 0.50 m/s, v_R: 0.00 m/s
2026-09-13 10:39:36,098 - INFO - 2026-09-13 10:39:36 left_actuator_position: 958 (counts) from v_L 0.495 m/s
2026-09-13 10:39:36,098 - INFO - 2026-09-13 10:39:36 right_actuator_position: 1100 (counts) from v_R 0.005 m/s
2026-09-13 10:39:36,110 - INFO - Sent actuator positions to RoboClaw → M1 (left): 958, M2 (right): 1100 (counts)
2026-09-13 10:39:36,110 - INFO - 2026-09-13 10:39:36 APPLY → left_pos: 958, right_pos: 1100 (counts), v_L: 0.50 m/s, v_R: 0.00 m/s
2026-09-13 10:39:36,110 - INFO - 2026-09-13 10:39:36 Path tracking needs correction: heading_ok=False (alpha=30.4deg), distance_ok=False (cross=1.428m)
2026-09-13 10:39:36,284 - INFO - 2026-09-13 10:39:36 [3.4 OBSERVED] current_turn_radius: infm
2026-09-13 10:39:36,284 - INFO - 2026-09-13 10:39:36 [3.4 OBSERVED] turn_direction: LEFT
2026-09-13 10:39:36,284 - INFO - 2026-09-13 10:39:36 [3.4 OBSERVED] estimated left/right wheel speeds: nan, nan m/s
2026-09-13 10:39:36,287 - INFO - 2026-09-13 10:39:36 [STATE] Current state: FOLLOWING_PATH
2026-09-13 10:39:36,287 - INFO - 2026-09-13 10:39:36 [SPEED] tight-turn cap: R=0.36m -> 0.250 m/s
2026-09-13 10:39:36,287 - INFO - 2026-09-13 10:39:36 [FOLLOW] TRACK: progress=0.00m/37.2m seg=0 cross=1.43m alpha=30.5° target=(0.00,0.00) R=0.36 RIGHT v=0.25 dwell=0.0s
2026-09-13 10:39:36,287 - INFO - 2026-09-13 10:39:36 Turn: RIGHT, R: 0.36m, v_L: 0.50 m/s, v_R: 0.00 m/s
2026-09-13 10:39:36,287 - INFO - 2026-09-13 10:39:36 left_actuator_position: 958 (counts) from v_L 0.495 m/s
2026-09-13 10:39:36,288 - INFO - 2026-09-13 10:39:36 right_actuator_position: 1100 (counts) from v_R 0.005 m/s
2026-09-13 10:39:36,301 - INFO - Sent actuator positions to RoboClaw → M1 (left): 958, M2 (right): 1100 (counts)
2026-09-13 10:39:36,301 - INFO - 2026-09-13 10:39:36 APPLY → left_pos: 958, right_pos: 1100 (counts), v_L: 0.50 m/s, v_R: 0.00 m/s
2026-09-13 10:39:36,301 - INFO - 2026-09-13 10:39:36 Path tracking needs correction: heading_ok=False (alpha=30.5deg), distance_ok=False (cross=1.428m)
2026-09-13 10:39:36,486 - INFO - 2026-09-13 10:39:36 [3.4 OBSERVED] current_turn_radius: infm
2026-09-13 10:39:36,486 - INFO - 2026-09-13 10:39:36 [3.4 OBSERVED] turn_direction: LEFT
2026-09-13 10:39:36,486 - INFO - 2026-09-13 10:39:36 [3.4 OBSERVED] estimated left/right wheel speeds: nan, nan m/s
2026-09-13 10:39:36,488 - INFO - 2026-09-13 10:39:36 [STATE] Current state: FOLLOWING_PATH
2026-09-13 10:39:36,488 - INFO - 2026-09-13 10:39:36 [SPEED] tight-turn cap: R=0.36m -> 0.250 m/s
2026-09-13 10:39:36,488 - INFO - 2026-09-13 10:39:36 [FOLLOW] TRACK: progress=0.00m/37.2m seg=0 cross=1.43m alpha=30.8° target=(0.00,0.00) R=0.36 RIGHT v=0.25 dwell=0.0s
2026-09-13 10:39:36,489 - INFO - 2026-09-13 10:39:36 Turn: RIGHT, R: 0.36m, v_L: 0.50 m/s, v_R: 0.00 m/s
2026-09-13 10:39:36,489 - INFO - 2026-09-13 10:39:36 left_actuator_position: 958 (counts) from v_L 0.495 m/s
2026-09-13 10:39:36,489 - INFO - 2026-09-13 10:39:36 right_actuator_position: 1100 (counts) from v_R 0.005 m/s
2026-09-13 10:39:36,501 - INFO - Sent actuator positions to RoboClaw → M1 (left): 958, M2 (right): 1100 (counts)
2026-09-13 10:39:36,501 - INFO - 2026-09-13 10:39:36 APPLY → left_pos: 958, right_pos: 1100 (counts), v_L: 0.50 m/s, v_R: 0.00 m/s
2026-09-13 10:39:36,501 - INFO - 2026-09-13 10:39:36 Path tracking needs correction: heading_ok=False (alpha=30.8deg), distance_ok=False (cross=1.428m)
2026-09-13 10:39:36,676 - INFO - 2026-09-13 10:39:36 [3.4 OBSERVED] current_turn_radius: infm
2026-09-13 10:39:36,676 - INFO - 2026-09-13 10:39:36 [3.4 OBSERVED] turn_direction: LEFT
2026-09-13 10:39:36,676 - INFO - 2026-09-13 10:39:36 [3.4 OBSERVED] estimated left/right wheel speeds: nan, nan m/s
2026-09-13 10:39:36,678 - INFO - 2026-09-13 10:39:36 [STATE] Current state: FOLLOWING_PATH
2026-09-13 10:39:36,678 - ERROR - 2026-09-13 10:39:36 [FOLLOW] SAFETY ABORT: no progress for 25 epochs (progress 0.00m, cross-track 1.43m)
2026-09-13 10:39:36,691 - INFO - Actuators commanded to neutral (1100) -- Follower safety abort
2026-09-13 10:39:36,705 - INFO - Actuators commanded to neutral (1100) -- Repeat exit - returning to neutral
2026-09-13 10:39:37,025 - INFO - Shutdown: actuators confirmed at neutral (Repeat exit - returning to neutral)
2026-09-13 10:39:37,025 - INFO - GREEN_LED GPIO cleaned up successfully
