2026-09-06 10:23:29,290 - INFO - Logging initialized to /home/dali/Documents/ReMow-Rover-Tests/Repeat/Logs/readRecordedRun-2026-09-06_10-23-29.log
2026-09-06 10:23:29,292 - INFO - RoboClaw opened successfully on /dev/serial/by-id/usb-Basicmicro_Inc._USB_Roboclaw_2x15A-if00
2026-09-06 10:23:29,597 - INFO - Encoders reset to zero
2026-09-06 10:23:29,597 - INFO - Starting readRecordedRun with combination: 66
2026-09-06 10:23:29,597 - INFO - Selected most recent recording: 66_20260830-114454_GPSData.csv
2026-09-06 10:23:29,601 - INFO - GREEN_LED initialized on GPIO 17
2026-09-06 10:23:29,614 - INFO - Navigation CSV initialized at /home/dali/Documents/ReMow-Rover-Tests/Repeat/2026-09-06_10-23-29_navigation_log.csv
2026-09-06 10:23:29,614 - INFO - ENU origin from first waypoint: 37.9008976667, -97.6641736667
2026-09-06 10:23:29,645 - INFO - Path model: 35 rows -> 30 points -> 29 segments, 37.2m total, leading dwell 2.0s
2026-09-06 10:23:29,645 - WARNING - guidance config: minimum_path_turn_radius (0.0) is at or below track_width/2 (0.35) -- the INNER WHEEL REVERSES and the mower PIVOTS instead of turning. Actuators saturate to full opposite lock. This is the 2026-07-05 death-spiral configuration; supervised operation only.
2026-09-06 10:23:29,645 - INFO - === GUIDANCE: gary_arrows === tangent_window=3.0m lookahead=2.0m+0.8s*v [1.5-5.0m] kappa_max=unbounded (no minimum radius) slew=0.6/m/s deadband=0.04/m
2026-09-06 10:23:29,646 - WARNING - UNVALIDATED GUIDANCE MODE 'gary_arrows' IS ACTIVE. This steering law has not been field-validated on this machine. Supervised operation only; blade disabled; operator within reach of the physical kill switch.
2026-09-06 10:23:29,666 - INFO - Actuators commanded to neutral (1100) -- Startup - ensuring neutral position
2026-09-06 10:23:29,666 - INFO - Actuators initialized to neutral (1100)
2026-09-06 10:23:29,666 - WARNING - === SKIP-ACQUIRE ENABLED (path_resume_nearest=True) ===
2026-09-06 10:23:29,666 - WARNING - ACQUIRE is BYPASSED. Repeat will start in TRACK at the nearest projection on the recorded path; the recorded start point is NOT driven to. This is a gary_arrows TRACK test.
2026-09-06 10:23:29,666 - WARNING - Refuses to start if cross-track exceeds infm (path_resume_max_cross_track). Rollback: set path_resume_nearest=False for normal ACQUIRE.
2026-09-06 10:23:29,666 - WARNING - On a LOOPED route this starts wherever the mower is parked, which may be a later leg. Park it where you intend the run to begin.
2026-09-06 10:23:29,666 - INFO - === UNIFIED PATH FOLLOWER INITIALIZED ===
2026-09-06 10:23:29,666 - INFO - First segment: heading 2.5°, length 0.33m; path ends at (3.30E, 2.61N)
2026-09-06 10:23:29,667 - INFO - Initial state: FOLLOWING_PATH (follower mode ACQUIRE)
2026-09-06 10:23:29,667 - INFO - Acquire timeout: 300.0s
2026-09-06 10:23:29,667 - INFO - === WAITING FOR GPS RTK FIX ===
2026-09-06 10:23:29,667 - INFO - Need: relPosValid=1, carrSoln=2, relPosHeadingValid=1 (timeout: 60.0s)
2026-09-06 10:23:29,716 - INFO - GPS status: relPosValid=1, carrSoln=2, headingValid=1 (0.0s)
2026-09-06 10:23:29,716 - INFO - === GPS RTK FIXED — ready to navigate (0.0s) ===
2026-09-06 10:23:29,717 - INFO - Using persisted heading from driving to work area: 72.68° (captured at 2026-09-06 10:23:10)
2026-09-06 10:23:29,910 - INFO - 2026-09-06 10:23:29 Initial Moving Baseline state: active
2026-09-06 10:23:29,910 - INFO - 2026-09-06 10:23:29 Initial carrier solution: fixed
2026-09-06 10:23:29,912 - INFO - 2026-09-06 10:23:29 [3.4 OBSERVED] current_turn_radius: infm
2026-09-06 10:23:29,912 - INFO - 2026-09-06 10:23:29 [3.4 OBSERVED] turn_direction: STRAIGHT
2026-09-06 10:23:29,912 - INFO - 2026-09-06 10:23:29 [3.4 OBSERVED] estimated left/right wheel speeds: 0.007, 0.007 m/s
2026-09-06 10:23:29,918 - INFO - 2026-09-06 10:23:29 [STATE] Current state: FOLLOWING_PATH
2026-09-06 10:23:29,919 - WARNING - 2026-09-06 10:23:29 [FOLLOW] ACQUIRE SKIPPED -> TRACK at nearest projection: progress=0.00m of 37.2m (remaining 37.2m), cross=5.47m (limit infm), heading=72.1°, target_progress=0.00m, target=(0.00,0.00), alpha=-26.2°
2026-09-06 10:23:29,919 - WARNING - 2026-09-06 10:23:29 [FOLLOW] GARY_ARROWS TRACK GUIDANCE IS NOW ACTIVE - this run evaluates it from epoch one; the recorded start point was never driven to
2026-09-06 10:23:29,919 - INFO - 2026-09-06 10:23:29 [FOLLOW] TRACK: progress=0.00m/37.2m seg=0 cross=5.47m alpha=-26.2° target=(0.00,0.00) R=inf STRAIGHT v=0.75 dwell=0.0s
2026-09-06 10:23:29,919 - WARNING - Unexpected turn_direction: STRAIGHT, defaulting to straight
2026-09-06 10:23:29,919 - INFO - 2026-09-06 10:23:29 Turn: STRAIGHT, R: infm, v_L: 0.75 m/s, v_R: 0.75 m/s
2026-09-06 10:23:29,919 - INFO - 2026-09-06 10:23:29 left_actuator_position: 762 (counts) from v_L 0.750 m/s
2026-09-06 10:23:29,919 - INFO - 2026-09-06 10:23:29 right_actuator_position: 762 (counts) from v_R 0.750 m/s
2026-09-06 10:23:29,936 - INFO - Sent actuator positions to RoboClaw → M1 (left): 762, M2 (right): 762 (counts)
2026-09-06 10:23:29,936 - INFO - 2026-09-06 10:23:29 APPLY → left_pos: 762, right_pos: 762 (counts), v_L: 0.75 m/s, v_R: 0.75 m/s
2026-09-06 10:23:29,937 - INFO - 2026-09-06 10:23:29 Path tracking needs correction: heading_ok=False (alpha=26.2deg), distance_ok=False (cross=5.473m)
2026-09-06 10:23:30,129 - INFO - 2026-09-06 10:23:30 [3.4 OBSERVED] current_turn_radius: infm
2026-09-06 10:23:30,129 - INFO - 2026-09-06 10:23:30 [3.4 OBSERVED] turn_direction: RIGHT
2026-09-06 10:23:30,129 - INFO - 2026-09-06 10:23:30 [3.4 OBSERVED] estimated left/right wheel speeds: nan, nan m/s
2026-09-06 10:23:30,135 - INFO - 2026-09-06 10:23:30 [STATE] Current state: FOLLOWING_PATH
2026-09-06 10:23:30,136 - INFO - 2026-09-06 10:23:30 [FOLLOW] TRACK: progress=0.00m/37.2m seg=0 cross=5.46m alpha=-26.4° target=(0.00,0.00) R=inf STRAIGHT v=0.75 dwell=0.0s
2026-09-06 10:23:30,136 - WARNING - Unexpected turn_direction: STRAIGHT, defaulting to straight
2026-09-06 10:23:30,136 - INFO - 2026-09-06 10:23:30 Turn: STRAIGHT, R: infm, v_L: 0.75 m/s, v_R: 0.75 m/s
2026-09-06 10:23:30,136 - INFO - 2026-09-06 10:23:30 left_actuator_position: 762 (counts) from v_L 0.750 m/s
2026-09-06 10:23:30,136 - INFO - 2026-09-06 10:23:30 right_actuator_position: 762 (counts) from v_R 0.750 m/s
2026-09-06 10:23:30,168 - INFO - Sent actuator positions to RoboClaw → M1 (left): 762, M2 (right): 762 (counts)
2026-09-06 10:23:30,168 - INFO - 2026-09-06 10:23:30 APPLY → left_pos: 762, right_pos: 762 (counts), v_L: 0.75 m/s, v_R: 0.75 m/s
2026-09-06 10:23:30,169 - INFO - 2026-09-06 10:23:30 Path tracking needs correction: heading_ok=False (alpha=26.4deg), distance_ok=False (cross=5.463m)
2026-09-06 10:23:30,312 - INFO - 2026-09-06 10:23:30 [3.4 OBSERVED] current_turn_radius: infm
2026-09-06 10:23:30,312 - INFO - 2026-09-06 10:23:30 [3.4 OBSERVED] turn_direction: RIGHT
2026-09-06 10:23:30,312 - INFO - 2026-09-06 10:23:30 [3.4 OBSERVED] estimated left/right wheel speeds: nan, nan m/s
2026-09-06 10:23:30,315 - INFO - 2026-09-06 10:23:30 [STATE] Current state: FOLLOWING_PATH
2026-09-06 10:23:30,316 - INFO - 2026-09-06 10:23:30 [FOLLOW] TRACK: progress=0.00m/37.2m seg=0 cross=5.47m alpha=-26.4° target=(0.00,0.00) R=inf STRAIGHT v=0.75 dwell=0.0s
2026-09-06 10:23:30,316 - WARNING - Unexpected turn_direction: STRAIGHT, defaulting to straight
2026-09-06 10:23:30,316 - INFO - 2026-09-06 10:23:30 Turn: STRAIGHT, R: infm, v_L: 0.75 m/s, v_R: 0.75 m/s
2026-09-06 10:23:30,316 - INFO - 2026-09-06 10:23:30 left_actuator_position: 762 (counts) from v_L 0.750 m/s
2026-09-06 10:23:30,316 - INFO - 2026-09-06 10:23:30 right_actuator_position: 762 (counts) from v_R 0.750 m/s
2026-09-06 10:23:30,335 - INFO - Sent actuator positions to RoboClaw → M1 (left): 762, M2 (right): 762 (counts)
2026-09-06 10:23:30,335 - INFO - 2026-09-06 10:23:30 APPLY → left_pos: 762, right_pos: 762 (counts), v_L: 0.75 m/s, v_R: 0.75 m/s
2026-09-06 10:23:30,336 - INFO - 2026-09-06 10:23:30 Path tracking needs correction: heading_ok=False (alpha=26.4deg), distance_ok=False (cross=5.473m)
2026-09-06 10:23:30,509 - INFO - 2026-09-06 10:23:30 [3.4 OBSERVED] current_turn_radius: infm
2026-09-06 10:23:30,509 - INFO - 2026-09-06 10:23:30 [3.4 OBSERVED] turn_direction: LEFT
2026-09-06 10:23:30,509 - INFO - 2026-09-06 10:23:30 [3.4 OBSERVED] estimated left/right wheel speeds: nan, nan m/s
2026-09-06 10:23:30,511 - INFO - 2026-09-06 10:23:30 [STATE] Current state: FOLLOWING_PATH
2026-09-06 10:23:30,512 - INFO - 2026-09-06 10:23:30 [FOLLOW] TRACK: progress=0.00m/37.2m seg=0 cross=5.45m alpha=-26.2° target=(0.00,0.00) R=inf STRAIGHT v=0.75 dwell=0.0s
2026-09-06 10:23:30,512 - WARNING - Unexpected turn_direction: STRAIGHT, defaulting to straight
2026-09-06 10:23:30,512 - INFO - 2026-09-06 10:23:30 Turn: STRAIGHT, R: infm, v_L: 0.75 m/s, v_R: 0.75 m/s
2026-09-06 10:23:30,512 - INFO - 2026-09-06 10:23:30 left_actuator_position: 762 (counts) from v_L 0.750 m/s
2026-09-06 10:23:30,512 - INFO - 2026-09-06 10:23:30 right_actuator_position: 762 (counts) from v_R 0.750 m/s
2026-09-06 10:23:30,529 - INFO - Sent actuator positions to RoboClaw → M1 (left): 762, M2 (right): 762 (counts)
2026-09-06 10:23:30,529 - INFO - 2026-09-06 10:23:30 APPLY → left_pos: 762, right_pos: 762 (counts), v_L: 0.75 m/s, v_R: 0.75 m/s
2026-09-06 10:23:30,529 - INFO - 2026-09-06 10:23:30 Path tracking needs correction: heading_ok=False (alpha=26.2deg), distance_ok=False (cross=5.452m)
2026-09-06 10:23:30,705 - INFO - 2026-09-06 10:23:30 [3.4 OBSERVED] current_turn_radius: 2.21m
2026-09-06 10:23:30,705 - INFO - 2026-09-06 10:23:30 [3.4 OBSERVED] turn_direction: LEFT
2026-09-06 10:23:30,705 - INFO - 2026-09-06 10:23:30 [3.4 OBSERVED] estimated left/right wheel speeds: 0.316, 0.435 m/s
2026-09-06 10:23:30,706 - INFO - 2026-09-06 10:23:30 [STATE] Current state: FOLLOWING_PATH
2026-09-06 10:23:30,707 - INFO - 2026-09-06 10:23:30 [FOLLOW] TRACK: progress=0.00m/37.2m seg=0 cross=5.39m alpha=-24.7° target=(0.00,0.00) R=inf STRAIGHT v=0.75 dwell=0.0s
2026-09-06 10:23:30,707 - WARNING - Unexpected turn_direction: STRAIGHT, defaulting to straight
2026-09-06 10:23:30,707 - INFO - 2026-09-06 10:23:30 Turn: STRAIGHT, R: infm, v_L: 0.75 m/s, v_R: 0.75 m/s
2026-09-06 10:23:30,707 - INFO - 2026-09-06 10:23:30 left_actuator_position: 762 (counts) from v_L 0.750 m/s
2026-09-06 10:23:30,707 - INFO - 2026-09-06 10:23:30 right_actuator_position: 762 (counts) from v_R 0.750 m/s
2026-09-06 10:23:30,728 - INFO - Sent actuator positions to RoboClaw → M1 (left): 762, M2 (right): 762 (counts)
2026-09-06 10:23:30,728 - INFO - 2026-09-06 10:23:30 APPLY → left_pos: 762, right_pos: 762 (counts), v_L: 0.75 m/s, v_R: 0.75 m/s
2026-09-06 10:23:30,729 - INFO - 2026-09-06 10:23:30 Path tracking needs correction: heading_ok=False (alpha=24.7deg), distance_ok=False (cross=5.387m)
2026-09-06 10:23:30,917 - INFO - 2026-09-06 10:23:30 [3.4 OBSERVED] current_turn_radius: 1.89m
2026-09-06 10:23:30,917 - INFO - 2026-09-06 10:23:30 [3.4 OBSERVED] turn_direction: LEFT
2026-09-06 10:23:30,917 - INFO - 2026-09-06 10:23:30 [3.4 OBSERVED] estimated left/right wheel speeds: 0.414, 0.602 m/s
2026-09-06 10:23:30,922 - INFO - 2026-09-06 10:23:30 [STATE] Current state: FOLLOWING_PATH
2026-09-06 10:23:30,923 - INFO - 2026-09-06 10:23:30 [FOLLOW] TRACK: progress=0.00m/37.2m seg=0 cross=5.28m alpha=-22.0° target=(0.00,0.00) R=inf STRAIGHT v=0.75 dwell=0.0s
2026-09-06 10:23:30,923 - WARNING - Unexpected turn_direction: STRAIGHT, defaulting to straight
2026-09-06 10:23:30,923 - INFO - 2026-09-06 10:23:30 Turn: STRAIGHT, R: infm, v_L: 0.75 m/s, v_R: 0.75 m/s
2026-09-06 10:23:30,923 - INFO - 2026-09-06 10:23:30 left_actuator_position: 762 (counts) from v_L 0.750 m/s
2026-09-06 10:23:30,923 - INFO - 2026-09-06 10:23:30 right_actuator_position: 762 (counts) from v_R 0.750 m/s
2026-09-06 10:23:30,943 - INFO - Sent actuator positions to RoboClaw → M1 (left): 762, M2 (right): 762 (counts)
2026-09-06 10:23:30,943 - INFO - 2026-09-06 10:23:30 APPLY → left_pos: 762, right_pos: 762 (counts), v_L: 0.75 m/s, v_R: 0.75 m/s
2026-09-06 10:23:30,944 - INFO - 2026-09-06 10:23:30 Path tracking needs correction: heading_ok=False (alpha=22.0deg), distance_ok=False (cross=5.278m)
2026-09-06 10:23:31,114 - INFO - 2026-09-06 10:23:31 [3.4 OBSERVED] current_turn_radius: 3.29m
2026-09-06 10:23:31,114 - INFO - 2026-09-06 10:23:31 [3.4 OBSERVED] turn_direction: LEFT
2026-09-06 10:23:31,114 - INFO - 2026-09-06 10:23:31 [3.4 OBSERVED] estimated left/right wheel speeds: 0.824, 1.020 m/s
2026-09-06 10:23:31,120 - INFO - 2026-09-06 10:23:31 [STATE] Current state: FOLLOWING_PATH
2026-09-06 10:23:31,121 - INFO - 2026-09-06 10:23:31 [FOLLOW] TRACK: progress=0.00m/37.2m seg=0 cross=5.13m alpha=-20.0° target=(0.00,0.00) R=inf STRAIGHT v=0.75 dwell=0.0s
2026-09-06 10:23:31,121 - WARNING - Unexpected turn_direction: STRAIGHT, defaulting to straight
2026-09-06 10:23:31,121 - INFO - 2026-09-06 10:23:31 Turn: STRAIGHT, R: infm, v_L: 0.75 m/s, v_R: 0.75 m/s
2026-09-06 10:23:31,121 - INFO - 2026-09-06 10:23:31 left_actuator_position: 762 (counts) from v_L 0.750 m/s
2026-09-06 10:23:31,121 - INFO - 2026-09-06 10:23:31 right_actuator_position: 762 (counts) from v_R 0.750 m/s
2026-09-06 10:23:31,140 - INFO - Sent actuator positions to RoboClaw → M1 (left): 762, M2 (right): 762 (counts)
2026-09-06 10:23:31,140 - INFO - 2026-09-06 10:23:31 APPLY → left_pos: 762, right_pos: 762 (counts), v_L: 0.75 m/s, v_R: 0.75 m/s
2026-09-06 10:23:31,141 - INFO - 2026-09-06 10:23:31 Path tracking needs correction: heading_ok=False (alpha=20.0deg), distance_ok=False (cross=5.129m)
2026-09-06 10:23:31,320 - INFO - 2026-09-06 10:23:31 [3.4 OBSERVED] current_turn_radius: 1.82m
2026-09-06 10:23:31,320 - INFO - 2026-09-06 10:23:31 [3.4 OBSERVED] turn_direction: LEFT
2026-09-06 10:23:31,320 - INFO - 2026-09-06 10:23:31 [3.4 OBSERVED] estimated left/right wheel speeds: 0.835, 1.232 m/s
2026-09-06 10:23:31,328 - INFO - 2026-09-06 10:23:31 [STATE] Current state: FOLLOWING_PATH
2026-09-06 10:23:31,329 - INFO - 2026-09-06 10:23:31 [FOLLOW] TRACK: progress=0.00m/37.2m seg=0 cross=4.92m alpha=-13.3° target=(0.00,0.00) R=inf STRAIGHT v=0.75 dwell=0.0s
2026-09-06 10:23:31,329 - WARNING - Unexpected turn_direction: STRAIGHT, defaulting to straight
2026-09-06 10:23:31,329 - INFO - 2026-09-06 10:23:31 Turn: STRAIGHT, R: infm, v_L: 0.75 m/s, v_R: 0.75 m/s
2026-09-06 10:23:31,329 - INFO - 2026-09-06 10:23:31 left_actuator_position: 762 (counts) from v_L 0.750 m/s
2026-09-06 10:23:31,329 - INFO - 2026-09-06 10:23:31 right_actuator_position: 762 (counts) from v_R 0.750 m/s
2026-09-06 10:23:31,350 - INFO - Sent actuator positions to RoboClaw → M1 (left): 762, M2 (right): 762 (counts)
2026-09-06 10:23:31,350 - INFO - 2026-09-06 10:23:31 APPLY → left_pos: 762, right_pos: 762 (counts), v_L: 0.75 m/s, v_R: 0.75 m/s
2026-09-06 10:23:31,351 - INFO - 2026-09-06 10:23:31 Path tracking needs correction: heading_ok=False (alpha=13.3deg), distance_ok=False (cross=4.921m)
2026-09-06 10:23:31,511 - INFO - 2026-09-06 10:23:31 [3.4 OBSERVED] current_turn_radius: 2.29m
2026-09-06 10:23:31,511 - INFO - 2026-09-06 10:23:31 [3.4 OBSERVED] turn_direction: LEFT
2026-09-06 10:23:31,511 - INFO - 2026-09-06 10:23:31 [3.4 OBSERVED] estimated left/right wheel speeds: 0.856, 1.165 m/s
2026-09-06 10:23:31,512 - INFO - 2026-09-06 10:23:31 [STATE] Current state: FOLLOWING_PATH
2026-09-06 10:23:31,513 - INFO - 2026-09-06 10:23:31 [FOLLOW] TRACK: progress=0.00m/37.2m seg=0 cross=4.73m alpha=-9.7° target=(0.00,0.00) R=inf STRAIGHT v=0.75 dwell=0.0s
2026-09-06 10:23:31,513 - WARNING - Unexpected turn_direction: STRAIGHT, defaulting to straight
2026-09-06 10:23:31,513 - INFO - 2026-09-06 10:23:31 Turn: STRAIGHT, R: infm, v_L: 0.75 m/s, v_R: 0.75 m/s
2026-09-06 10:23:31,513 - INFO - 2026-09-06 10:23:31 left_actuator_position: 762 (counts) from v_L 0.750 m/s
2026-09-06 10:23:31,513 - INFO - 2026-09-06 10:23:31 right_actuator_position: 762 (counts) from v_R 0.750 m/s
2026-09-06 10:23:31,532 - INFO - Sent actuator positions to RoboClaw → M1 (left): 762, M2 (right): 762 (counts)
2026-09-06 10:23:31,533 - INFO - 2026-09-06 10:23:31 APPLY → left_pos: 762, right_pos: 762 (counts), v_L: 0.75 m/s, v_R: 0.75 m/s
2026-09-06 10:23:31,533 - INFO - 2026-09-06 10:23:31 Path tracking needs correction: heading_ok=True (alpha=9.7deg), distance_ok=False (cross=4.727m)
2026-09-06 10:23:31,714 - INFO - 2026-09-06 10:23:31 [3.4 OBSERVED] current_turn_radius: 3.41m
2026-09-06 10:23:31,714 - INFO - 2026-09-06 10:23:31 [3.4 OBSERVED] turn_direction: LEFT
2026-09-06 10:23:31,714 - INFO - 2026-09-06 10:23:31 [3.4 OBSERVED] estimated left/right wheel speeds: 0.883, 1.085 m/s
2026-09-06 10:23:31,716 - INFO - 2026-09-06 10:23:31 [STATE] Current state: FOLLOWING_PATH
2026-09-06 10:23:31,717 - INFO - 2026-09-06 10:23:31 [FOLLOW] TRACK: progress=0.00m/37.2m seg=0 cross=4.51m alpha=-6.5° target=(0.00,0.00) R=inf STRAIGHT v=0.75 dwell=0.0s
2026-09-06 10:23:31,717 - WARNING - Unexpected turn_direction: STRAIGHT, defaulting to straight
2026-09-06 10:23:31,717 - INFO - 2026-09-06 10:23:31 Turn: STRAIGHT, R: infm, v_L: 0.75 m/s, v_R: 0.75 m/s
2026-09-06 10:23:31,717 - INFO - 2026-09-06 10:23:31 left_actuator_position: 762 (counts) from v_L 0.750 m/s
2026-09-06 10:23:31,717 - INFO - 2026-09-06 10:23:31 right_actuator_position: 762 (counts) from v_R 0.750 m/s
2026-09-06 10:23:31,729 - INFO - Sent actuator positions to RoboClaw → M1 (left): 762, M2 (right): 762 (counts)
2026-09-06 10:23:31,730 - INFO - 2026-09-06 10:23:31 APPLY → left_pos: 762, right_pos: 762 (counts), v_L: 0.75 m/s, v_R: 0.75 m/s
2026-09-06 10:23:31,730 - INFO - 2026-09-06 10:23:31 Path tracking needs correction: heading_ok=True (alpha=6.5deg), distance_ok=False (cross=4.509m)
2026-09-06 10:23:31,914 - INFO - 2026-09-06 10:23:31 [3.4 OBSERVED] current_turn_radius: 2.95m
2026-09-06 10:23:31,914 - INFO - 2026-09-06 10:23:31 [3.4 OBSERVED] turn_direction: LEFT
2026-09-06 10:23:31,914 - INFO - 2026-09-06 10:23:31 [3.4 OBSERVED] estimated left/right wheel speeds: 0.899, 1.142 m/s
2026-09-06 10:23:31,916 - INFO - 2026-09-06 10:23:31 [STATE] Current state: FOLLOWING_PATH
2026-09-06 10:23:31,917 - INFO - 2026-09-06 10:23:31 [FOLLOW] TRACK: progress=0.00m/37.2m seg=0 cross=4.27m alpha=-2.8° target=(0.00,0.00) R=inf STRAIGHT v=0.75 dwell=0.0s
2026-09-06 10:23:31,917 - WARNING - Unexpected turn_direction: STRAIGHT, defaulting to straight
2026-09-06 10:23:31,917 - INFO - 2026-09-06 10:23:31 Turn: STRAIGHT, R: infm, v_L: 0.75 m/s, v_R: 0.75 m/s
2026-09-06 10:23:31,917 - INFO - 2026-09-06 10:23:31 left_actuator_position: 762 (counts) from v_L 0.750 m/s
2026-09-06 10:23:31,917 - INFO - 2026-09-06 10:23:31 right_actuator_position: 762 (counts) from v_R 0.750 m/s
2026-09-06 10:23:31,929 - INFO - Sent actuator positions to RoboClaw → M1 (left): 762, M2 (right): 762 (counts)
2026-09-06 10:23:31,929 - INFO - 2026-09-06 10:23:31 APPLY → left_pos: 762, right_pos: 762 (counts), v_L: 0.75 m/s, v_R: 0.75 m/s
2026-09-06 10:23:31,930 - INFO - 2026-09-06 10:23:31 Path tracking needs correction: heading_ok=True (alpha=2.8deg), distance_ok=False (cross=4.267m)
2026-09-06 10:23:32,125 - INFO - 2026-09-06 10:23:32 [3.4 OBSERVED] current_turn_radius: 2.59m
2026-09-06 10:23:32,125 - INFO - 2026-09-06 10:23:32 [3.4 OBSERVED] turn_direction: LEFT
2026-09-06 10:23:32,125 - INFO - 2026-09-06 10:23:32 [3.4 OBSERVED] estimated left/right wheel speeds: 0.712, 0.934 m/s
2026-09-06 10:23:32,128 - INFO - 2026-09-06 10:23:32 [STATE] Current state: FOLLOWING_PATH
2026-09-06 10:23:32,129 - INFO - 2026-09-06 10:23:32 [SPEED] tight-turn cap: R=1.02m -> 0.511 m/s
2026-09-06 10:23:32,129 - INFO - 2026-09-06 10:23:32 [FOLLOW] TRACK: progress=0.00m/37.2m seg=0 cross=4.09m alpha=0.5° target=(0.00,0.00) R=1.02 RIGHT v=0.51 dwell=0.0s
2026-09-06 10:23:32,129 - INFO - 2026-09-06 10:23:32 Turn: RIGHT, R: 1.02m, v_L: 0.69 m/s, v_R: 0.34 m/s
2026-09-06 10:23:32,129 - INFO - 2026-09-06 10:23:32 left_actuator_position: 811 (counts) from v_L 0.686 m/s
2026-09-06 10:23:32,129 - INFO - 2026-09-06 10:23:32 right_actuator_position: 1080 (counts) from v_R 0.336 m/s
2026-09-06 10:23:32,142 - INFO - Sent actuator positions to RoboClaw → M1 (left): 811, M2 (right): 1080 (counts)
2026-09-06 10:23:32,142 - INFO - 2026-09-06 10:23:32 APPLY → left_pos: 811, right_pos: 1080 (counts), v_L: 0.69 m/s, v_R: 0.34 m/s
2026-09-06 10:23:32,143 - INFO - 2026-09-06 10:23:32 Path tracking needs correction: heading_ok=True (alpha=0.5deg), distance_ok=False (cross=4.087m)
2026-09-06 10:23:32,307 - INFO - 2026-09-06 10:23:32 [3.4 OBSERVED] current_turn_radius: 8.73m
2026-09-06 10:23:32,307 - INFO - 2026-09-06 10:23:32 [3.4 OBSERVED] turn_direction: LEFT
2026-09-06 10:23:32,307 - INFO - 2026-09-06 10:23:32 [3.4 OBSERVED] estimated left/right wheel speeds: 0.988, 1.071 m/s
2026-09-06 10:23:32,309 - INFO - 2026-09-06 10:23:32 [STATE] Current state: FOLLOWING_PATH
2026-09-06 10:23:32,310 - INFO - 2026-09-06 10:23:32 [SPEED] tight-turn cap: R=0.97m -> 0.485 m/s
2026-09-06 10:23:32,310 - INFO - 2026-09-06 10:23:32 [FOLLOW] TRACK: progress=0.00m/37.2m seg=0 cross=3.88m alpha=1.2° target=(0.00,0.00) R=0.97 RIGHT v=0.49 dwell=0.0s
2026-09-06 10:23:32,310 - INFO - 2026-09-06 10:23:32 Turn: RIGHT, R: 0.97m, v_L: 0.66 m/s, v_R: 0.31 m/s
2026-09-06 10:23:32,310 - INFO - 2026-09-06 10:23:32 left_actuator_position: 830 (counts) from v_L 0.660 m/s
2026-09-06 10:23:32,310 - INFO - 2026-09-06 10:23:32 right_actuator_position: 1100 (counts) from v_R 0.310 m/s
2026-09-06 10:23:32,325 - INFO - Sent actuator positions to RoboClaw → M1 (left): 830, M2 (right): 1100 (counts)
2026-09-06 10:23:32,325 - INFO - 2026-09-06 10:23:32 APPLY → left_pos: 830, right_pos: 1100 (counts), v_L: 0.66 m/s, v_R: 0.31 m/s
2026-09-06 10:23:32,326 - INFO - 2026-09-06 10:23:32 Path tracking needs correction: heading_ok=True (alpha=1.2deg), distance_ok=False (cross=3.884m)
2026-09-06 10:23:32,509 - INFO - 2026-09-06 10:23:32 [3.4 OBSERVED] current_turn_radius: 6.83m
2026-09-06 10:23:32,509 - INFO - 2026-09-06 10:23:32 [3.4 OBSERVED] turn_direction: LEFT
2026-09-06 10:23:32,509 - INFO - 2026-09-06 10:23:32 [3.4 OBSERVED] estimated left/right wheel speeds: 0.949, 1.051 m/s
2026-09-06 10:23:32,512 - INFO - 2026-09-06 10:23:32 [STATE] Current state: FOLLOWING_PATH
2026-09-06 10:23:32,513 - INFO - 2026-09-06 10:23:32 [SPEED] tight-turn cap: R=0.92m -> 0.461 m/s
2026-09-06 10:23:32,513 - INFO - 2026-09-06 10:23:32 [FOLLOW] TRACK: progress=0.00m/37.2m seg=0 cross=3.69m alpha=2.5° target=(0.00,0.00) R=0.92 RIGHT v=0.46 dwell=0.0s
2026-09-06 10:23:32,513 - INFO - 2026-09-06 10:23:32 Turn: RIGHT, R: 0.92m, v_L: 0.64 m/s, v_R: 0.29 m/s
2026-09-06 10:23:32,513 - INFO - 2026-09-06 10:23:32 left_actuator_position: 849 (counts) from v_L 0.636 m/s
2026-09-06 10:23:32,513 - INFO - 2026-09-06 10:23:32 right_actuator_position: 1100 (counts) from v_R 0.286 m/s
2026-09-06 10:23:32,527 - INFO - Sent actuator positions to RoboClaw → M1 (left): 849, M2 (right): 1100 (counts)
2026-09-06 10:23:32,527 - INFO - 2026-09-06 10:23:32 APPLY → left_pos: 849, right_pos: 1100 (counts), v_L: 0.64 m/s, v_R: 0.29 m/s
2026-09-06 10:23:32,527 - INFO - 2026-09-06 10:23:32 Path tracking needs correction: heading_ok=True (alpha=2.5deg), distance_ok=False (cross=3.690m)
2026-09-06 10:23:32,712 - INFO - 2026-09-06 10:23:32 [3.4 OBSERVED] current_turn_radius: 36.42m
2026-09-06 10:23:32,712 - INFO - 2026-09-06 10:23:32 [3.4 OBSERVED] turn_direction: RIGHT
2026-09-06 10:23:32,712 - INFO - 2026-09-06 10:23:32 [3.4 OBSERVED] estimated left/right wheel speeds: 1.011, 0.991 m/s
2026-09-06 10:23:32,715 - INFO - 2026-09-06 10:23:32 [STATE] Current state: FOLLOWING_PATH
2026-09-06 10:23:32,716 - INFO - 2026-09-06 10:23:32 [SPEED] tight-turn cap: R=0.87m -> 0.436 m/s
2026-09-06 10:23:32,716 - INFO - 2026-09-06 10:23:32 [FOLLOW] TRACK: progress=0.00m/37.2m seg=0 cross=3.49m alpha=1.5° target=(0.00,0.00) R=0.87 RIGHT v=0.44 dwell=0.0s
2026-09-06 10:23:32,716 - INFO - 2026-09-06 10:23:32 Turn: RIGHT, R: 0.87m, v_L: 0.61 m/s, v_R: 0.26 m/s
2026-09-06 10:23:32,716 - INFO - 2026-09-06 10:23:32 left_actuator_position: 869 (counts) from v_L 0.611 m/s
2026-09-06 10:23:32,716 - INFO - 2026-09-06 10:23:32 right_actuator_position: 1100 (counts) from v_R 0.261 m/s
2026-09-06 10:23:32,729 - INFO - Sent actuator positions to RoboClaw → M1 (left): 869, M2 (right): 1100 (counts)
2026-09-06 10:23:32,729 - INFO - 2026-09-06 10:23:32 APPLY → left_pos: 869, right_pos: 1100 (counts), v_L: 0.61 m/s, v_R: 0.26 m/s
2026-09-06 10:23:32,729 - INFO - 2026-09-06 10:23:32 Path tracking needs correction: heading_ok=True (alpha=1.5deg), distance_ok=False (cross=3.487m)
2026-09-06 10:23:32,910 - INFO - 2026-09-06 10:23:32 [3.4 OBSERVED] current_turn_radius: 9.83m
2026-09-06 10:23:32,910 - INFO - 2026-09-06 10:23:32 [3.4 OBSERVED] turn_direction: LEFT
2026-09-06 10:23:32,910 - INFO - 2026-09-06 10:23:32 [3.4 OBSERVED] estimated left/right wheel speeds: 0.910, 0.977 m/s
2026-09-06 10:23:32,913 - INFO - 2026-09-06 10:23:32 [STATE] Current state: FOLLOWING_PATH
2026-09-06 10:23:32,913 - INFO - 2026-09-06 10:23:32 [SPEED] tight-turn cap: R=0.83m -> 0.415 m/s
2026-09-06 10:23:32,913 - INFO - 2026-09-06 10:23:32 [FOLLOW] TRACK: progress=0.00m/37.2m seg=0 cross=3.32m alpha=3.7° target=(0.00,0.00) R=0.83 RIGHT v=0.42 dwell=0.0s
2026-09-06 10:23:32,913 - INFO - 2026-09-06 10:23:32 Turn: RIGHT, R: 0.83m, v_L: 0.59 m/s, v_R: 0.24 m/s
2026-09-06 10:23:32,913 - INFO - 2026-09-06 10:23:32 left_actuator_position: 884 (counts) from v_L 0.590 m/s
2026-09-06 10:23:32,913 - INFO - 2026-09-06 10:23:32 right_actuator_position: 1100 (counts) from v_R 0.240 m/s
2026-09-06 10:23:32,926 - INFO - Sent actuator positions to RoboClaw → M1 (left): 884, M2 (right): 1100 (counts)
2026-09-06 10:23:32,927 - INFO - 2026-09-06 10:23:32 APPLY → left_pos: 884, right_pos: 1100 (counts), v_L: 0.59 m/s, v_R: 0.24 m/s
2026-09-06 10:23:32,927 - INFO - 2026-09-06 10:23:32 Path tracking needs correction: heading_ok=True (alpha=3.7deg), distance_ok=False (cross=3.322m)
2026-09-06 10:23:33,121 - INFO - 2026-09-06 10:23:33 [3.4 OBSERVED] current_turn_radius: 148.71m
2026-09-06 10:23:33,121 - INFO - 2026-09-06 10:23:33 [3.4 OBSERVED] turn_direction: RIGHT
2026-09-06 10:23:33,121 - INFO - 2026-09-06 10:23:33 [3.4 OBSERVED] estimated left/right wheel speeds: 0.675, 0.672 m/s
2026-09-06 10:23:33,123 - INFO - 2026-09-06 10:23:33 [STATE] Current state: FOLLOWING_PATH
2026-09-06 10:23:33,123 - INFO - 2026-09-06 10:23:33 [SPEED] tight-turn cap: R=0.79m -> 0.397 m/s
2026-09-06 10:23:33,123 - INFO - 2026-09-06 10:23:33 [FOLLOW] TRACK: progress=0.00m/37.2m seg=0 cross=3.18m alpha=4.2° target=(0.00,0.00) R=0.79 RIGHT v=0.40 dwell=0.0s
2026-09-06 10:23:33,123 - INFO - 2026-09-06 10:23:33 Turn: RIGHT, R: 0.79m, v_L: 0.57 m/s, v_R: 0.22 m/s
2026-09-06 10:23:33,123 - INFO - 2026-09-06 10:23:33 left_actuator_position: 898 (counts) from v_L 0.572 m/s
2026-09-06 10:23:33,123 - INFO - 2026-09-06 10:23:33 right_actuator_position: 1100 (counts) from v_R 0.222 m/s
2026-09-06 10:23:33,136 - INFO - Sent actuator positions to RoboClaw → M1 (left): 898, M2 (right): 1100 (counts)
2026-09-06 10:23:33,136 - INFO - 2026-09-06 10:23:33 APPLY → left_pos: 898, right_pos: 1100 (counts), v_L: 0.57 m/s, v_R: 0.22 m/s
2026-09-06 10:23:33,137 - INFO - 2026-09-06 10:23:33 Path tracking needs correction: heading_ok=True (alpha=4.2deg), distance_ok=False (cross=3.176m)
2026-09-06 10:23:33,308 - INFO - 2026-09-06 10:23:33 [3.4 OBSERVED] current_turn_radius: 2.02m
2026-09-06 10:23:33,308 - INFO - 2026-09-06 10:23:33 [3.4 OBSERVED] turn_direction: RIGHT
2026-09-06 10:23:33,308 - INFO - 2026-09-06 10:23:33 [3.4 OBSERVED] estimated left/right wheel speeds: 0.555, 0.391 m/s
2026-09-06 10:23:33,310 - INFO - 2026-09-06 10:23:33 [STATE] Current state: FOLLOWING_PATH
2026-09-06 10:23:33,310 - INFO - 2026-09-06 10:23:33 [SPEED] tight-turn cap: R=0.77m -> 0.385 m/s
2026-09-06 10:23:33,310 - INFO - 2026-09-06 10:23:33 [FOLLOW] TRACK: progress=0.00m/37.2m seg=0 cross=3.08m alpha=1.7° target=(0.00,0.00) R=0.77 RIGHT v=0.39 dwell=0.0s
2026-09-06 10:23:33,310 - INFO - 2026-09-06 10:23:33 Turn: RIGHT, R: 0.77m, v_L: 0.56 m/s, v_R: 0.21 m/s
2026-09-06 10:23:33,310 - INFO - 2026-09-06 10:23:33 left_actuator_position: 908 (counts) from v_L 0.560 m/s
2026-09-06 10:23:33,310 - INFO - 2026-09-06 10:23:33 right_actuator_position: 1100 (counts) from v_R 0.210 m/s
2026-09-06 10:23:33,323 - INFO - Sent actuator positions to RoboClaw → M1 (left): 908, M2 (right): 1100 (counts)
2026-09-06 10:23:33,323 - INFO - 2026-09-06 10:23:33 APPLY → left_pos: 908, right_pos: 1100 (counts), v_L: 0.56 m/s, v_R: 0.21 m/s
2026-09-06 10:23:33,324 - INFO - 2026-09-06 10:23:33 Path tracking needs correction: heading_ok=True (alpha=1.7deg), distance_ok=False (cross=3.082m)
2026-09-06 10:23:33,516 - INFO - 2026-09-06 10:23:33 [3.4 OBSERVED] current_turn_radius: 9.71m
2026-09-06 10:23:33,516 - INFO - 2026-09-06 10:23:33 [3.4 OBSERVED] turn_direction: RIGHT
2026-09-06 10:23:33,516 - INFO - 2026-09-06 10:23:33 [3.4 OBSERVED] estimated left/right wheel speeds: 0.378, 0.352 m/s
2026-09-06 10:23:33,518 - INFO - 2026-09-06 10:23:33 [STATE] Current state: FOLLOWING_PATH
2026-09-06 10:23:33,519 - INFO - 2026-09-06 10:23:33 [SPEED] tight-turn cap: R=0.75m -> 0.376 m/s
2026-09-06 10:23:33,519 - INFO - 2026-09-06 10:23:33 [FOLLOW] TRACK: progress=0.00m/37.2m seg=0 cross=3.01m alpha=1.8° target=(0.00,0.00) R=0.75 RIGHT v=0.38 dwell=0.0s
2026-09-06 10:23:33,519 - INFO - 2026-09-06 10:23:33 Turn: RIGHT, R: 0.75m, v_L: 0.55 m/s, v_R: 0.20 m/s
2026-09-06 10:23:33,519 - INFO - 2026-09-06 10:23:33 left_actuator_position: 915 (counts) from v_L 0.551 m/s
2026-09-06 10:23:33,519 - INFO - 2026-09-06 10:23:33 right_actuator_position: 1100 (counts) from v_R 0.201 m/s
2026-09-06 10:23:33,530 - INFO - Sent actuator positions to RoboClaw → M1 (left): 915, M2 (right): 1100 (counts)
2026-09-06 10:23:33,530 - INFO - 2026-09-06 10:23:33 APPLY → left_pos: 915, right_pos: 1100 (counts), v_L: 0.55 m/s, v_R: 0.20 m/s
2026-09-06 10:23:33,531 - INFO - 2026-09-06 10:23:33 Path tracking needs correction: heading_ok=True (alpha=1.8deg), distance_ok=False (cross=3.007m)
2026-09-06 10:23:33,712 - INFO - 2026-09-06 10:23:33 [3.4 OBSERVED] current_turn_radius: 2.35m
2026-09-06 10:23:33,712 - INFO - 2026-09-06 10:23:33 [3.4 OBSERVED] turn_direction: RIGHT
2026-09-06 10:23:33,712 - INFO - 2026-09-06 10:23:33 [3.4 OBSERVED] estimated left/right wheel speeds: 0.422, 0.313 m/s
2026-09-06 10:23:33,716 - INFO - 2026-09-06 10:23:33 [STATE] Current state: FOLLOWING_PATH
2026-09-06 10:23:33,716 - INFO - 2026-09-06 10:23:33 [SPEED] tight-turn cap: R=0.73m -> 0.367 m/s
2026-09-06 10:23:33,716 - INFO - 2026-09-06 10:23:33 [FOLLOW] TRACK: progress=0.00m/37.2m seg=0 cross=2.94m alpha=0.1° target=(0.00,0.00) R=0.73 RIGHT v=0.37 dwell=0.0s
2026-09-06 10:23:33,716 - INFO - 2026-09-06 10:23:33 Turn: RIGHT, R: 0.73m, v_L: 0.54 m/s, v_R: 0.19 m/s
2026-09-06 10:23:33,716 - INFO - 2026-09-06 10:23:33 left_actuator_position: 921 (counts) from v_L 0.542 m/s
2026-09-06 10:23:33,716 - INFO - 2026-09-06 10:23:33 right_actuator_position: 1100 (counts) from v_R 0.192 m/s
2026-09-06 10:23:33,727 - INFO - Sent actuator positions to RoboClaw → M1 (left): 921, M2 (right): 1100 (counts)
2026-09-06 10:23:33,727 - INFO - 2026-09-06 10:23:33 APPLY → left_pos: 921, right_pos: 1100 (counts), v_L: 0.54 m/s, v_R: 0.19 m/s
2026-09-06 10:23:33,728 - INFO - 2026-09-06 10:23:33 Path tracking needs correction: heading_ok=True (alpha=0.1deg), distance_ok=False (cross=2.937m)
2026-09-06 10:23:33,911 - INFO - 2026-09-06 10:23:33 [3.4 OBSERVED] current_turn_radius: 2.12m
2026-09-06 10:23:33,911 - INFO - 2026-09-06 10:23:33 [3.4 OBSERVED] turn_direction: RIGHT
2026-09-06 10:23:33,911 - INFO - 2026-09-06 10:23:33 [3.4 OBSERVED] estimated left/right wheel speeds: 0.297, 0.213 m/s
2026-09-06 10:23:33,913 - INFO - 2026-09-06 10:23:33 [STATE] Current state: FOLLOWING_PATH
2026-09-06 10:23:33,913 - INFO - 2026-09-06 10:23:33 [FOLLOW] TRACK: progress=0.00m/37.2m seg=0 cross=2.86m alpha=-0.7° target=(0.00,0.00) R=inf STRAIGHT v=0.75 dwell=0.0s
2026-09-06 10:23:33,913 - INFO - 2026-09-06 10:23:33 Turn: STRAIGHT, R: infm, v_L: 0.75 m/s, v_R: 0.75 m/s
2026-09-06 10:23:33,913 - INFO - 2026-09-06 10:23:33 left_actuator_position: 762 (counts) from v_L 0.750 m/s
2026-09-06 10:23:33,913 - INFO - 2026-09-06 10:23:33 right_actuator_position: 762 (counts) from v_R 0.750 m/s
2026-09-06 10:23:33,927 - INFO - Sent actuator positions to RoboClaw → M1 (left): 762, M2 (right): 762 (counts)
2026-09-06 10:23:33,927 - INFO - 2026-09-06 10:23:33 APPLY → left_pos: 762, right_pos: 762 (counts), v_L: 0.75 m/s, v_R: 0.75 m/s
2026-09-06 10:23:33,927 - INFO - 2026-09-06 10:23:33 Path tracking needs correction: heading_ok=True (alpha=0.7deg), distance_ok=False (cross=2.862m)
2026-09-06 10:23:34,128 - INFO - 2026-09-06 10:23:34 [3.4 OBSERVED] current_turn_radius: 1.65m
2026-09-06 10:23:34,128 - INFO - 2026-09-06 10:23:34 [3.4 OBSERVED] turn_direction: RIGHT
2026-09-06 10:23:34,128 - INFO - 2026-09-06 10:23:34 [3.4 OBSERVED] estimated left/right wheel speeds: 0.352, 0.229 m/s
2026-09-06 10:23:34,130 - INFO - 2026-09-06 10:23:34 [STATE] Current state: FOLLOWING_PATH
2026-09-06 10:23:34,130 - INFO - 2026-09-06 10:23:34 [FOLLOW] TRACK: progress=0.00m/37.2m seg=0 cross=2.81m alpha=-2.8° target=(0.00,0.00) R=inf STRAIGHT v=0.75 dwell=0.0s
2026-09-06 10:23:34,130 - WARNING - Unexpected turn_direction: STRAIGHT, defaulting to straight
2026-09-06 10:23:34,130 - INFO - 2026-09-06 10:23:34 Turn: STRAIGHT, R: infm, v_L: 0.75 m/s, v_R: 0.75 m/s
2026-09-06 10:23:34,130 - INFO - 2026-09-06 10:23:34 left_actuator_position: 762 (counts) from v_L 0.750 m/s
2026-09-06 10:23:34,130 - INFO - 2026-09-06 10:23:34 right_actuator_position: 762 (counts) from v_R 0.750 m/s
2026-09-06 10:23:34,146 - INFO - Sent actuator positions to RoboClaw → M1 (left): 762, M2 (right): 762 (counts)
2026-09-06 10:23:34,147 - INFO - 2026-09-06 10:23:34 APPLY → left_pos: 762, right_pos: 762 (counts), v_L: 0.75 m/s, v_R: 0.75 m/s
2026-09-06 10:23:34,147 - INFO - 2026-09-06 10:23:34 Path tracking needs correction: heading_ok=True (alpha=2.8deg), distance_ok=False (cross=2.815m)
2026-09-06 10:23:34,312 - INFO - 2026-09-06 10:23:34 [3.4 OBSERVED] current_turn_radius: 2.15m
2026-09-06 10:23:34,312 - INFO - 2026-09-06 10:23:34 [3.4 OBSERVED] turn_direction: RIGHT
2026-09-06 10:23:34,312 - INFO - 2026-09-06 10:23:34 [3.4 OBSERVED] estimated left/right wheel speeds: 0.328, 0.236 m/s
2026-09-06 10:23:34,316 - INFO - 2026-09-06 10:23:34 [STATE] Current state: FOLLOWING_PATH
2026-09-06 10:23:34,316 - INFO - 2026-09-06 10:23:34 [FOLLOW] TRACK: progress=0.00m/37.2m seg=0 cross=2.74m alpha=-4.1° target=(0.00,0.00) R=inf STRAIGHT v=0.75 dwell=0.0s
2026-09-06 10:23:34,316 - WARNING - Unexpected turn_direction: STRAIGHT, defaulting to straight
2026-09-06 10:23:34,316 - INFO - 2026-09-06 10:23:34 Turn: STRAIGHT, R: infm, v_L: 0.75 m/s, v_R: 0.75 m/s
2026-09-06 10:23:34,316 - INFO - 2026-09-06 10:23:34 left_actuator_position: 762 (counts) from v_L 0.750 m/s
2026-09-06 10:23:34,316 - INFO - 2026-09-06 10:23:34 right_actuator_position: 762 (counts) from v_R 0.750 m/s
2026-09-06 10:23:34,329 - INFO - Sent actuator positions to RoboClaw → M1 (left): 762, M2 (right): 762 (counts)
2026-09-06 10:23:34,330 - INFO - 2026-09-06 10:23:34 APPLY → left_pos: 762, right_pos: 762 (counts), v_L: 0.75 m/s, v_R: 0.75 m/s
2026-09-06 10:23:34,330 - INFO - 2026-09-06 10:23:34 Path tracking needs correction: heading_ok=True (alpha=4.1deg), distance_ok=False (cross=2.744m)
2026-09-06 10:23:34,517 - INFO - 2026-09-06 10:23:34 [3.4 OBSERVED] current_turn_radius: 2.98m
2026-09-06 10:23:34,517 - INFO - 2026-09-06 10:23:34 [3.4 OBSERVED] turn_direction: RIGHT
2026-09-06 10:23:34,517 - INFO - 2026-09-06 10:23:34 [3.4 OBSERVED] estimated left/right wheel speeds: 0.368, 0.291 m/s
2026-09-06 10:23:34,520 - INFO - 2026-09-06 10:23:34 [STATE] Current state: FOLLOWING_PATH
2026-09-06 10:23:34,520 - INFO - 2026-09-06 10:23:34 [FOLLOW] TRACK: progress=0.00m/37.2m seg=0 cross=2.68m alpha=-5.0° target=(0.00,0.00) R=inf STRAIGHT v=0.75 dwell=0.0s
2026-09-06 10:23:34,520 - WARNING - Unexpected turn_direction: STRAIGHT, defaulting to straight
2026-09-06 10:23:34,520 - INFO - 2026-09-06 10:23:34 Turn: STRAIGHT, R: infm, v_L: 0.75 m/s, v_R: 0.75 m/s
2026-09-06 10:23:34,520 - INFO - 2026-09-06 10:23:34 left_actuator_position: 762 (counts) from v_L 0.750 m/s
2026-09-06 10:23:34,520 - INFO - 2026-09-06 10:23:34 right_actuator_position: 762 (counts) from v_R 0.750 m/s
2026-09-06 10:23:34,533 - INFO - Sent actuator positions to RoboClaw → M1 (left): 762, M2 (right): 762 (counts)
2026-09-06 10:23:34,534 - INFO - 2026-09-06 10:23:34 APPLY → left_pos: 762, right_pos: 762 (counts), v_L: 0.75 m/s, v_R: 0.75 m/s
2026-09-06 10:23:34,534 - INFO - 2026-09-06 10:23:34 Path tracking needs correction: heading_ok=True (alpha=5.0deg), distance_ok=False (cross=2.684m)
2026-09-06 10:23:34,720 - INFO - 2026-09-06 10:23:34 [3.4 OBSERVED] current_turn_radius: 6.70m
2026-09-06 10:23:34,720 - INFO - 2026-09-06 10:23:34 [3.4 OBSERVED] turn_direction: RIGHT
2026-09-06 10:23:34,721 - INFO - 2026-09-06 10:23:34 [3.4 OBSERVED] estimated left/right wheel speeds: 0.666, 0.600 m/s
2026-09-06 10:23:34,723 - INFO - 2026-09-06 10:23:34 [STATE] Current state: FOLLOWING_PATH
2026-09-06 10:23:34,723 - INFO - 2026-09-06 10:23:34 [FOLLOW] TRACK: progress=0.00m/37.2m seg=0 cross=2.56m alpha=-6.1° target=(0.00,0.00) R=inf STRAIGHT v=0.75 dwell=0.0s
2026-09-06 10:23:34,723 - WARNING - Unexpected turn_direction: STRAIGHT, defaulting to straight
2026-09-06 10:23:34,723 - INFO - 2026-09-06 10:23:34 Turn: STRAIGHT, R: infm, v_L: 0.75 m/s, v_R: 0.75 m/s
2026-09-06 10:23:34,723 - INFO - 2026-09-06 10:23:34 left_actuator_position: 762 (counts) from v_L 0.750 m/s
2026-09-06 10:23:34,723 - INFO - 2026-09-06 10:23:34 right_actuator_position: 762 (counts) from v_R 0.750 m/s
2026-09-06 10:23:34,738 - INFO - Sent actuator positions to RoboClaw → M1 (left): 762, M2 (right): 762 (counts)
2026-09-06 10:23:34,739 - INFO - 2026-09-06 10:23:34 APPLY → left_pos: 762, right_pos: 762 (counts), v_L: 0.75 m/s, v_R: 0.75 m/s
2026-09-06 10:23:34,739 - INFO - 2026-09-06 10:23:34 Path tracking needs correction: heading_ok=True (alpha=6.1deg), distance_ok=False (cross=2.556m)
2026-09-06 10:23:34,914 - INFO - 2026-09-06 10:23:34 [3.4 OBSERVED] current_turn_radius: 88.61m
2026-09-06 10:23:34,914 - INFO - 2026-09-06 10:23:34 [3.4 OBSERVED] turn_direction: LEFT
2026-09-06 10:23:34,914 - INFO - 2026-09-06 10:23:34 [3.4 OBSERVED] estimated left/right wheel speeds: 0.884, 0.891 m/s
2026-09-06 10:23:34,917 - INFO - 2026-09-06 10:23:34 [STATE] Current state: FOLLOWING_PATH
2026-09-06 10:23:34,917 - INFO - 2026-09-06 10:23:34 [FOLLOW] TRACK: progress=0.00m/37.2m seg=0 cross=2.38m alpha=-6.8° target=(0.00,0.00) R=inf STRAIGHT v=0.75 dwell=0.0s
2026-09-06 10:23:34,917 - WARNING - Unexpected turn_direction: STRAIGHT, defaulting to straight
2026-09-06 10:23:34,917 - INFO - 2026-09-06 10:23:34 Turn: STRAIGHT, R: infm, v_L: 0.75 m/s, v_R: 0.75 m/s
2026-09-06 10:23:34,917 - INFO - 2026-09-06 10:23:34 left_actuator_position: 762 (counts) from v_L 0.750 m/s
2026-09-06 10:23:34,917 - INFO - 2026-09-06 10:23:34 right_actuator_position: 762 (counts) from v_R 0.750 m/s
2026-09-06 10:23:34,929 - INFO - Sent actuator positions to RoboClaw → M1 (left): 762, M2 (right): 762 (counts)
2026-09-06 10:23:34,930 - INFO - 2026-09-06 10:23:34 APPLY → left_pos: 762, right_pos: 762 (counts), v_L: 0.75 m/s, v_R: 0.75 m/s
2026-09-06 10:23:34,930 - INFO - 2026-09-06 10:23:34 Path tracking needs correction: heading_ok=True (alpha=6.8deg), distance_ok=False (cross=2.375m)
2026-09-06 10:23:35,115 - INFO - 2026-09-06 10:23:35 [3.4 OBSERVED] current_turn_radius: 14.54m
2026-09-06 10:23:35,115 - INFO - 2026-09-06 10:23:35 [3.4 OBSERVED] turn_direction: RIGHT
2026-09-06 10:23:35,115 - INFO - 2026-09-06 10:23:35 [3.4 OBSERVED] estimated left/right wheel speeds: 0.919, 0.876 m/s
2026-09-06 10:23:35,117 - INFO - 2026-09-06 10:23:35 [STATE] Current state: FOLLOWING_PATH
2026-09-06 10:23:35,117 - INFO - 2026-09-06 10:23:35 [FOLLOW] TRACK: progress=0.00m/37.2m seg=0 cross=2.21m alpha=-8.7° target=(0.00,0.00) R=inf STRAIGHT v=0.75 dwell=0.0s
2026-09-06 10:23:35,117 - WARNING - Unexpected turn_direction: STRAIGHT, defaulting to straight
2026-09-06 10:23:35,117 - INFO - 2026-09-06 10:23:35 Turn: STRAIGHT, R: infm, v_L: 0.75 m/s, v_R: 0.75 m/s
2026-09-06 10:23:35,117 - INFO - 2026-09-06 10:23:35 left_actuator_position: 762 (counts) from v_L 0.750 m/s
2026-09-06 10:23:35,117 - INFO - 2026-09-06 10:23:35 right_actuator_position: 762 (counts) from v_R 0.750 m/s
2026-09-06 10:23:35,129 - INFO - Sent actuator positions to RoboClaw → M1 (left): 762, M2 (right): 762 (counts)
2026-09-06 10:23:35,130 - INFO - 2026-09-06 10:23:35 APPLY → left_pos: 762, right_pos: 762 (counts), v_L: 0.75 m/s, v_R: 0.75 m/s
2026-09-06 10:23:35,130 - INFO - 2026-09-06 10:23:35 Path tracking needs correction: heading_ok=True (alpha=8.7deg), distance_ok=False (cross=2.209m)
2026-09-06 10:23:35,310 - INFO - 2026-09-06 10:23:35 [3.4 OBSERVED] current_turn_radius: 8.48m
2026-09-06 10:23:35,310 - INFO - 2026-09-06 10:23:35 [3.4 OBSERVED] turn_direction: LEFT
2026-09-06 10:23:35,310 - INFO - 2026-09-06 10:23:35 [3.4 OBSERVED] estimated left/right wheel speeds: 0.895, 0.972 m/s
2026-09-06 10:23:35,313 - INFO - 2026-09-06 10:23:35 [STATE] Current state: FOLLOWING_PATH
2026-09-06 10:23:35,313 - INFO - 2026-09-06 10:23:35 [FOLLOW] TRACK: progress=0.00m/37.2m seg=0 cross=2.02m alpha=-7.9° target=(0.00,0.00) R=inf STRAIGHT v=0.75 dwell=0.0s
2026-09-06 10:23:35,313 - WARNING - Unexpected turn_direction: STRAIGHT, defaulting to straight
2026-09-06 10:23:35,313 - INFO - 2026-09-06 10:23:35 Turn: STRAIGHT, R: infm, v_L: 0.75 m/s, v_R: 0.75 m/s
2026-09-06 10:23:35,313 - INFO - 2026-09-06 10:23:35 left_actuator_position: 762 (counts) from v_L 0.750 m/s
2026-09-06 10:23:35,313 - INFO - 2026-09-06 10:23:35 right_actuator_position: 762 (counts) from v_R 0.750 m/s
2026-09-06 10:23:35,327 - INFO - Sent actuator positions to RoboClaw → M1 (left): 762, M2 (right): 762 (counts)
2026-09-06 10:23:35,327 - INFO - 2026-09-06 10:23:35 APPLY → left_pos: 762, right_pos: 762 (counts), v_L: 0.75 m/s, v_R: 0.75 m/s
2026-09-06 10:23:35,327 - INFO - 2026-09-06 10:23:35 Path tracking needs correction: heading_ok=True (alpha=7.9deg), distance_ok=False (cross=2.024m)
2026-09-06 10:23:35,514 - INFO - 2026-09-06 10:23:35 [3.4 OBSERVED] current_turn_radius: 4.81m
2026-09-06 10:23:35,514 - INFO - 2026-09-06 10:23:35 [3.4 OBSERVED] turn_direction: RIGHT
2026-09-06 10:23:35,514 - INFO - 2026-09-06 10:23:35 [3.4 OBSERVED] estimated left/right wheel speeds: 0.962, 0.831 m/s
2026-09-06 10:23:35,517 - INFO - 2026-09-06 10:23:35 [STATE] Current state: FOLLOWING_PATH
2026-09-06 10:23:35,517 - INFO - 2026-09-06 10:23:35 [FOLLOW] TRACK: progress=0.00m/37.2m seg=0 cross=1.83m alpha=-10.9° target=(0.00,0.00) R=inf STRAIGHT v=0.75 dwell=0.0s
2026-09-06 10:23:35,517 - WARNING - Unexpected turn_direction: STRAIGHT, defaulting to straight
2026-09-06 10:23:35,517 - INFO - 2026-09-06 10:23:35 Turn: STRAIGHT, R: infm, v_L: 0.75 m/s, v_R: 0.75 m/s
2026-09-06 10:23:35,517 - INFO - 2026-09-06 10:23:35 left_actuator_position: 762 (counts) from v_L 0.750 m/s
2026-09-06 10:23:35,517 - INFO - 2026-09-06 10:23:35 right_actuator_position: 762 (counts) from v_R 0.750 m/s
2026-09-06 10:23:35,529 - INFO - Sent actuator positions to RoboClaw → M1 (left): 762, M2 (right): 762 (counts)
2026-09-06 10:23:35,529 - INFO - 2026-09-06 10:23:35 APPLY → left_pos: 762, right_pos: 762 (counts), v_L: 0.75 m/s, v_R: 0.75 m/s
2026-09-06 10:23:35,529 - INFO - 2026-09-06 10:23:35 Path tracking needs correction: heading_ok=False (alpha=10.9deg), distance_ok=False (cross=1.831m)
2026-09-06 10:23:35,713 - INFO - 2026-09-06 10:23:35 [3.4 OBSERVED] current_turn_radius: 4.26m
2026-09-06 10:23:35,713 - INFO - 2026-09-06 10:23:35 [3.4 OBSERVED] turn_direction: LEFT
2026-09-06 10:23:35,713 - INFO - 2026-09-06 10:23:35 [3.4 OBSERVED] estimated left/right wheel speeds: 0.901, 1.063 m/s
2026-09-06 10:23:35,716 - INFO - 2026-09-06 10:23:35 [STATE] Current state: FOLLOWING_PATH
2026-09-06 10:23:35,716 - INFO - 2026-09-06 10:23:35 [FOLLOW] TRACK: progress=0.00m/37.2m seg=0 cross=1.63m alpha=-9.7° target=(0.00,0.00) R=inf STRAIGHT v=0.75 dwell=0.0s
2026-09-06 10:23:35,716 - WARNING - Unexpected turn_direction: STRAIGHT, defaulting to straight
2026-09-06 10:23:35,716 - INFO - 2026-09-06 10:23:35 Turn: STRAIGHT, R: infm, v_L: 0.75 m/s, v_R: 0.75 m/s
2026-09-06 10:23:35,716 - INFO - 2026-09-06 10:23:35 left_actuator_position: 762 (counts) from v_L 0.750 m/s
2026-09-06 10:23:35,716 - INFO - 2026-09-06 10:23:35 right_actuator_position: 762 (counts) from v_R 0.750 m/s
2026-09-06 10:23:35,728 - INFO - Sent actuator positions to RoboClaw → M1 (left): 762, M2 (right): 762 (counts)
2026-09-06 10:23:35,728 - INFO - 2026-09-06 10:23:35 APPLY → left_pos: 762, right_pos: 762 (counts), v_L: 0.75 m/s, v_R: 0.75 m/s
2026-09-06 10:23:35,728 - INFO - 2026-09-06 10:23:35 Path tracking needs correction: heading_ok=True (alpha=9.7deg), distance_ok=False (cross=1.629m)
2026-09-06 10:23:35,914 - INFO - 2026-09-06 10:23:35 [3.4 OBSERVED] current_turn_radius: 2.38m
2026-09-06 10:23:35,914 - INFO - 2026-09-06 10:23:35 [3.4 OBSERVED] turn_direction: LEFT
2026-09-06 10:23:35,914 - INFO - 2026-09-06 10:23:35 [3.4 OBSERVED] estimated left/right wheel speeds: 0.892, 1.199 m/s
2026-09-06 10:23:35,917 - INFO - 2026-09-06 10:23:35 [STATE] Current state: FOLLOWING_PATH
2026-09-06 10:23:35,917 - INFO - 2026-09-06 10:23:35 [FOLLOW] TRACK: progress=0.00m/37.2m seg=0 cross=1.44m alpha=-4.7° target=(0.00,0.00) R=inf STRAIGHT v=0.75 dwell=0.0s
2026-09-06 10:23:35,917 - WARNING - Unexpected turn_direction: STRAIGHT, defaulting to straight
2026-09-06 10:23:35,917 - INFO - 2026-09-06 10:23:35 Turn: STRAIGHT, R: infm, v_L: 0.75 m/s, v_R: 0.75 m/s
2026-09-06 10:23:35,917 - INFO - 2026-09-06 10:23:35 left_actuator_position: 762 (counts) from v_L 0.750 m/s
2026-09-06 10:23:35,917 - INFO - 2026-09-06 10:23:35 right_actuator_position: 762 (counts) from v_R 0.750 m/s
2026-09-06 10:23:35,930 - INFO - Sent actuator positions to RoboClaw → M1 (left): 762, M2 (right): 762 (counts)
2026-09-06 10:23:35,930 - INFO - 2026-09-06 10:23:35 APPLY → left_pos: 762, right_pos: 762 (counts), v_L: 0.75 m/s, v_R: 0.75 m/s
2026-09-06 10:23:35,930 - INFO - 2026-09-06 10:23:35 Path tracking needs correction: heading_ok=True (alpha=4.7deg), distance_ok=False (cross=1.440m)
2026-09-06 10:23:36,131 - INFO - 2026-09-06 10:23:36 [3.4 OBSERVED] current_turn_radius: 3.81m
2026-09-06 10:23:36,131 - INFO - 2026-09-06 10:23:36 [3.4 OBSERVED] turn_direction: LEFT
2026-09-06 10:23:36,131 - INFO - 2026-09-06 10:23:36 [3.4 OBSERVED] estimated left/right wheel speeds: 0.927, 1.115 m/s
2026-09-06 10:23:36,134 - INFO - 2026-09-06 10:23:36 [STATE] Current state: FOLLOWING_PATH
2026-09-06 10:23:36,134 - INFO - 2026-09-06 10:23:36 [FOLLOW] TRACK: progress=0.00m/37.2m seg=0 cross=1.24m alpha=-0.8° target=(0.00,0.00) R=inf STRAIGHT v=0.75 dwell=0.0s
2026-09-06 10:23:36,134 - INFO - 2026-09-06 10:23:36 Turn: STRAIGHT, R: infm, v_L: 0.75 m/s, v_R: 0.75 m/s
2026-09-06 10:23:36,134 - INFO - 2026-09-06 10:23:36 left_actuator_position: 762 (counts) from v_L 0.750 m/s
2026-09-06 10:23:36,134 - INFO - 2026-09-06 10:23:36 right_actuator_position: 762 (counts) from v_R 0.750 m/s
2026-09-06 10:23:36,147 - INFO - Sent actuator positions to RoboClaw → M1 (left): 762, M2 (right): 762 (counts)
2026-09-06 10:23:36,147 - INFO - 2026-09-06 10:23:36 APPLY → left_pos: 762, right_pos: 762 (counts), v_L: 0.75 m/s, v_R: 0.75 m/s
2026-09-06 10:23:36,147 - INFO - 2026-09-06 10:23:36 Path tracking needs correction: heading_ok=True (alpha=0.8deg), distance_ok=False (cross=1.236m)
2026-09-06 10:23:36,316 - INFO - 2026-09-06 10:23:36 [3.4 OBSERVED] current_turn_radius: 7.11m
2026-09-06 10:23:36,316 - INFO - 2026-09-06 10:23:36 [3.4 OBSERVED] turn_direction: LEFT
2026-09-06 10:23:36,316 - INFO - 2026-09-06 10:23:36 [3.4 OBSERVED] estimated left/right wheel speeds: 0.922, 1.018 m/s
2026-09-06 10:23:36,319 - INFO - 2026-09-06 10:23:36 [STATE] Current state: FOLLOWING_PATH
2026-09-06 10:23:36,319 - INFO - 2026-09-06 10:23:36 [FOLLOW] TRACK: progress=0.00m/37.2m seg=0 cross=1.04m alpha=-1.2° target=(0.00,0.00) R=inf STRAIGHT v=0.75 dwell=0.0s
2026-09-06 10:23:36,319 - INFO - 2026-09-06 10:23:36 Turn: STRAIGHT, R: infm, v_L: 0.75 m/s, v_R: 0.75 m/s
2026-09-06 10:23:36,319 - INFO - 2026-09-06 10:23:36 left_actuator_position: 762 (counts) from v_L 0.750 m/s
2026-09-06 10:23:36,319 - INFO - 2026-09-06 10:23:36 right_actuator_position: 762 (counts) from v_R 0.750 m/s
2026-09-06 10:23:36,333 - INFO - Sent actuator positions to RoboClaw → M1 (left): 762, M2 (right): 762 (counts)
2026-09-06 10:23:36,333 - INFO - 2026-09-06 10:23:36 APPLY → left_pos: 762, right_pos: 762 (counts), v_L: 0.75 m/s, v_R: 0.75 m/s
2026-09-06 10:23:36,333 - INFO - 2026-09-06 10:23:36 Path tracking needs correction: heading_ok=True (alpha=1.2deg), distance_ok=False (cross=1.044m)
2026-09-06 10:23:36,516 - INFO - 2026-09-06 10:23:36 [3.4 OBSERVED] current_turn_radius: 5.33m
2026-09-06 10:23:36,516 - INFO - 2026-09-06 10:23:36 [3.4 OBSERVED] turn_direction: LEFT
2026-09-06 10:23:36,516 - INFO - 2026-09-06 10:23:36 [3.4 OBSERVED] estimated left/right wheel speeds: 0.931, 1.061 m/s
2026-09-06 10:23:36,519 - INFO - 2026-09-06 10:23:36 [STATE] Current state: FOLLOWING_PATH
2026-09-06 10:23:36,519 - INFO - 2026-09-06 10:23:36 [SPEED] tight-turn cap: R=0.21m -> 0.250 m/s
2026-09-06 10:23:36,519 - INFO - 2026-09-06 10:23:36 [FOLLOW] TRACK: progress=0.00m/37.2m seg=0 cross=0.84m alpha=1.5° target=(0.00,0.00) R=0.21 RIGHT v=0.25 dwell=0.0s
2026-09-06 10:23:36,519 - INFO - 2026-09-06 10:23:36 TIGHT TURN - Reverse wheel motion required (v_L=0.67, v_R=-0.17)
2026-09-06 10:23:36,519 - INFO - 2026-09-06 10:23:36 Turn: RIGHT, R: 0.21m, v_L: 0.67 m/s, v_R: -0.17 m/s
2026-09-06 10:23:36,519 - INFO - 2026-09-06 10:23:36 left_actuator_position: 826 (counts) from v_L 0.666 m/s
2026-09-06 10:23:36,519 - INFO - 2026-09-06 10:23:36 right_actuator_position: 1450 (counts) from v_R -0.166 m/s
2026-09-06 10:23:36,533 - INFO - Sent actuator positions to RoboClaw → M1 (left): 826, M2 (right): 1450 (counts)
2026-09-06 10:23:36,533 - INFO - 2026-09-06 10:23:36 APPLY → left_pos: 826, right_pos: 1450 (counts), v_L: 0.67 m/s, v_R: -0.17 m/s
2026-09-06 10:23:36,533 - INFO - 2026-09-06 10:23:36 Path tracking needs correction: heading_ok=True (alpha=1.5deg), distance_ok=False (cross=0.841m)
2026-09-06 10:23:36,719 - INFO - 2026-09-06 10:23:36 [3.4 OBSERVED] current_turn_radius: 3.39m
2026-09-06 10:23:36,719 - INFO - 2026-09-06 10:23:36 [3.4 OBSERVED] turn_direction: LEFT
2026-09-06 10:23:36,719 - INFO - 2026-09-06 10:23:36 [3.4 OBSERVED] estimated left/right wheel speeds: 0.855, 1.052 m/s
2026-09-06 10:23:36,723 - INFO - 2026-09-06 10:23:36 [STATE] Current state: FOLLOWING_PATH
2026-09-06 10:23:36,723 - INFO - 2026-09-06 10:23:36 [SPEED] tight-turn cap: R=0.15m -> 0.250 m/s
2026-09-06 10:23:36,723 - INFO - 2026-09-06 10:23:36 [FOLLOW] TRACK: progress=0.00m/37.2m seg=0 cross=0.62m alpha=3.4° target=(0.00,0.00) R=0.15 RIGHT v=0.25 dwell=0.0s
2026-09-06 10:23:36,723 - INFO - 2026-09-06 10:23:36 TIGHT TURN - Reverse wheel motion required (v_L=0.81, v_R=-0.31)
2026-09-06 10:23:36,723 - INFO - 2026-09-06 10:23:36 Turn: RIGHT, R: 0.15m, v_L: 0.81 m/s, v_R: -0.31 m/s
2026-09-06 10:23:36,723 - INFO - 2026-09-06 10:23:36 left_actuator_position: 712 (counts) from v_L 0.815 m/s
2026-09-06 10:23:36,723 - INFO - 2026-09-06 10:23:36 right_actuator_position: 1450 (counts) from v_R -0.315 m/s
2026-09-06 10:23:36,737 - INFO - Sent actuator positions to RoboClaw → M1 (left): 712, M2 (right): 1450 (counts)
2026-09-06 10:23:36,737 - INFO - 2026-09-06 10:23:36 APPLY → left_pos: 712, right_pos: 1450 (counts), v_L: 0.81 m/s, v_R: -0.31 m/s
2026-09-06 10:23:36,737 - INFO - 2026-09-06 10:23:36 Path tracking needs correction: heading_ok=True (alpha=3.4deg), distance_ok=False (cross=0.619m)
2026-09-06 10:23:36,909 - INFO - 2026-09-06 10:23:36 [3.4 OBSERVED] current_turn_radius: 1.97m
2026-09-06 10:23:36,909 - INFO - 2026-09-06 10:23:36 [3.4 OBSERVED] turn_direction: LEFT
2026-09-06 10:23:36,909 - INFO - 2026-09-06 10:23:36 [3.4 OBSERVED] estimated left/right wheel speeds: 0.891, 1.275 m/s
2026-09-06 10:23:36,913 - INFO - 2026-09-06 10:23:36 [STATE] Current state: FOLLOWING_PATH
2026-09-06 10:23:36,913 - INFO - 2026-09-06 10:23:36 [SPEED] tight-turn cap: R=0.10m -> 0.250 m/s
2026-09-06 10:23:36,913 - INFO - 2026-09-06 10:23:36 [FOLLOW] TRACK: progress=0.00m/37.2m seg=0 cross=0.41m alpha=8.3° target=(0.00,0.00) R=0.10 RIGHT v=0.25 dwell=0.0s
2026-09-06 10:23:36,913 - INFO - 2026-09-06 10:23:36 TIGHT TURN - Reverse wheel motion required (v_L=1.11, v_R=-0.61)
2026-09-06 10:23:36,913 - INFO - 2026-09-06 10:23:36 Turn: RIGHT, R: 0.10m, v_L: 1.11 m/s, v_R: -0.61 m/s
2026-09-06 10:23:36,913 - INFO - 2026-09-06 10:23:36 left_actuator_position: 485 (counts) from v_L 1.109 m/s
2026-09-06 10:23:36,914 - INFO - 2026-09-06 10:23:36 right_actuator_position: 1450 (counts) from v_R -0.609 m/s
2026-09-06 10:23:36,927 - INFO - Sent actuator positions to RoboClaw → M1 (left): 485, M2 (right): 1450 (counts)
2026-09-06 10:23:36,927 - INFO - 2026-09-06 10:23:36 APPLY → left_pos: 485, right_pos: 1450 (counts), v_L: 1.11 m/s, v_R: -0.61 m/s
2026-09-06 10:23:36,927 - INFO - 2026-09-06 10:23:36 Path tracking needs correction: heading_ok=True (alpha=8.3deg), distance_ok=False (cross=0.407m)
2026-09-06 10:23:37,126 - INFO - 2026-09-06 10:23:37 [3.4 OBSERVED] current_turn_radius: 4.85m
2026-09-06 10:23:37,126 - INFO - 2026-09-06 10:23:37 [3.4 OBSERVED] turn_direction: LEFT
2026-09-06 10:23:37,127 - INFO - 2026-09-06 10:23:37 [3.4 OBSERVED] estimated left/right wheel speeds: 1.069, 1.236 m/s
2026-09-06 10:23:37,130 - INFO - 2026-09-06 10:23:37 [STATE] Current state: FOLLOWING_PATH
2026-09-06 10:23:37,130 - INFO - 2026-09-06 10:23:37 [SPEED] tight-turn cap: R=0.05m -> 0.250 m/s
2026-09-06 10:23:37,130 - INFO - 2026-09-06 10:23:37 [FOLLOW] TRACK: progress=0.00m/37.2m seg=0 cross=0.18m alpha=28.9° target=(0.00,0.00) R=0.05 RIGHT v=0.25 dwell=0.0s
2026-09-06 10:23:37,130 - INFO - 2026-09-06 10:23:37 TIGHT TURN - Reverse wheel motion required (v_L=2.15, v_R=-1.65)
2026-09-06 10:23:37,131 - INFO - 2026-09-06 10:23:37 Turn: RIGHT, R: 0.05m, v_L: 2.15 m/s, v_R: -1.65 m/s
2026-09-06 10:23:37,131 - INFO - 2026-09-06 10:23:37 left_actuator_position: 420 (counts) from v_L 2.154 m/s
2026-09-06 10:23:37,131 - INFO - 2026-09-06 10:23:37 right_actuator_position: 1450 (counts) from v_R -1.654 m/s
2026-09-06 10:23:37,144 - INFO - Sent actuator positions to RoboClaw → M1 (left): 420, M2 (right): 1450 (counts)
2026-09-06 10:23:37,144 - INFO - 2026-09-06 10:23:37 APPLY → left_pos: 420, right_pos: 1450 (counts), v_L: 2.15 m/s, v_R: -1.65 m/s
2026-09-06 10:23:37,144 - INFO - 2026-09-06 10:23:37 Path tracking needs correction: heading_ok=False (alpha=28.9deg), distance_ok=True (cross=0.184m)
2026-09-06 10:23:37,319 - INFO - 2026-09-06 10:23:37 [3.4 OBSERVED] current_turn_radius: 6.66m
2026-09-06 10:23:37,319 - INFO - 2026-09-06 10:23:37 [3.4 OBSERVED] turn_direction: LEFT
2026-09-06 10:23:37,319 - INFO - 2026-09-06 10:23:37 [3.4 OBSERVED] estimated left/right wheel speeds: 0.918, 1.020 m/s
2026-09-06 10:23:37,323 - INFO - 2026-09-06 10:23:37 [STATE] Current state: FOLLOWING_PATH
2026-09-06 10:23:37,323 - INFO - 2026-09-06 10:23:37 [SPEED] tight-turn cap: R=0.79m -> 0.393 m/s
2026-09-06 10:23:37,323 - INFO - 2026-09-06 10:23:37 [FOLLOW] TRACK: progress=0.33m/37.2m seg=0 cross=0.05m alpha=-10.4° target=(0.01,0.33) R=0.79 LEFT v=0.39 dwell=0.0s
2026-09-06 10:23:37,323 - INFO - 2026-09-06 10:23:37 Turn: LEFT, R: 0.79m, v_L: 0.22 m/s, v_R: 0.57 m/s
2026-09-06 10:23:37,323 - INFO - 2026-09-06 10:23:37 left_actuator_position: 1100 (counts) from v_L 0.218 m/s
2026-09-06 10:23:37,323 - INFO - 2026-09-06 10:23:37 right_actuator_position: 902 (counts) from v_R 0.568 m/s
2026-09-06 10:23:37,337 - INFO - Sent actuator positions to RoboClaw → M1 (left): 1100, M2 (right): 902 (counts)
2026-09-06 10:23:37,337 - INFO - 2026-09-06 10:23:37 APPLY → left_pos: 1100, right_pos: 902 (counts), v_L: 0.22 m/s, v_R: 0.57 m/s
2026-09-06 10:23:37,337 - INFO - 2026-09-06 10:23:37 Path tracking needs correction: heading_ok=False (alpha=10.4deg), distance_ok=True (cross=0.046m)
2026-09-06 10:23:37,532 - INFO - 2026-09-06 10:23:37 [3.4 OBSERVED] current_turn_radius: 41.76m
2026-09-06 10:23:37,532 - INFO - 2026-09-06 10:23:37 [3.4 OBSERVED] turn_direction: LEFT
2026-09-06 10:23:37,532 - INFO - 2026-09-06 10:23:37 [3.4 OBSERVED] estimated left/right wheel speeds: 0.754, 0.767 m/s
2026-09-06 10:23:37,534 - INFO - 2026-09-06 10:23:37 [STATE] Current state: FOLLOWING_PATH
2026-09-06 10:23:37,534 - INFO - 2026-09-06 10:23:37 [SPEED] tight-turn cap: R=0.15m -> 0.250 m/s
2026-09-06 10:23:37,534 - INFO - 2026-09-06 10:23:37 [FOLLOW] TRACK: progress=0.33m/37.2m seg=0 cross=0.01m alpha=-15.6° target=(0.01,0.33) R=0.15 LEFT v=0.25 dwell=0.0s
2026-09-06 10:23:37,534 - INFO - 2026-09-06 10:23:37 TIGHT TURN - Reverse wheel motion required (v_L=-0.31, v_R=0.81)
2026-09-06 10:23:37,534 - INFO - 2026-09-06 10:23:37 Turn: LEFT, R: 0.15m, v_L: -0.31 m/s, v_R: 0.81 m/s
2026-09-06 10:23:37,534 - INFO - 2026-09-06 10:23:37 left_actuator_position: 1450 (counts) from v_L -0.315 m/s
2026-09-06 10:23:37,535 - INFO - 2026-09-06 10:23:37 right_actuator_position: 712 (counts) from v_R 0.815 m/s
2026-09-06 10:23:37,550 - INFO - Sent actuator positions to RoboClaw → M1 (left): 1450, M2 (right): 712 (counts)
2026-09-06 10:23:37,550 - INFO - 2026-09-06 10:23:37 APPLY → left_pos: 1450, right_pos: 712 (counts), v_L: -0.31 m/s, v_R: 0.81 m/s
2026-09-06 10:23:37,550 - INFO - 2026-09-06 10:23:37 Path tracking needs correction: heading_ok=False (alpha=15.6deg), distance_ok=True (cross=0.009m)
2026-09-06 10:23:37,724 - INFO - 2026-09-06 10:23:37 [3.4 OBSERVED] current_turn_radius: 1.15m
2026-09-06 10:23:37,724 - INFO - 2026-09-06 10:23:37 [3.4 OBSERVED] turn_direction: RIGHT
2026-09-06 10:23:37,724 - INFO - 2026-09-06 10:23:37 [3.4 OBSERVED] estimated left/right wheel speeds: 0.827, 0.440 m/s
2026-09-06 10:23:37,727 - INFO - 2026-09-06 10:23:37 [STATE] Current state: FOLLOWING_PATH
2026-09-06 10:23:37,727 - INFO - 2026-09-06 10:23:37 [FOLLOW] TRACK: progress=0.33m/37.2m seg=0 cross=0.00m alpha=-28.2° target=(0.01,0.33) R=inf STRAIGHT v=0.97 dwell=0.0s
2026-09-06 10:23:37,727 - INFO - 2026-09-06 10:23:37 Turn: STRAIGHT, R: infm, v_L: 0.97 m/s, v_R: 0.97 m/s
2026-09-06 10:23:37,727 - INFO - 2026-09-06 10:23:37 left_actuator_position: 594 (counts) from v_L 0.968 m/s
2026-09-06 10:23:37,727 - INFO - 2026-09-06 10:23:37 right_actuator_position: 594 (counts) from v_R 0.968 m/s
2026-09-06 10:23:37,743 - INFO - Sent actuator positions to RoboClaw → M1 (left): 594, M2 (right): 594 (counts)
2026-09-06 10:23:37,743 - INFO - 2026-09-06 10:23:37 APPLY → left_pos: 594, right_pos: 594 (counts), v_L: 0.97 m/s, v_R: 0.97 m/s
2026-09-06 10:23:37,743 - INFO - 2026-09-06 10:23:37 Path tracking needs correction: heading_ok=False (alpha=28.2deg), distance_ok=True (cross=0.000m)
2026-09-06 10:23:37,928 - INFO - 2026-09-06 10:23:37 [3.4 OBSERVED] current_turn_radius: 0.98m
2026-09-06 10:23:37,928 - INFO - 2026-09-06 10:23:37 [3.4 OBSERVED] turn_direction: RIGHT
2026-09-06 10:23:37,928 - INFO - 2026-09-06 10:23:37 [3.4 OBSERVED] estimated left/right wheel speeds: 1.012, 0.480 m/s
2026-09-06 10:23:37,931 - INFO - 2026-09-06 10:23:37 [STATE] Current state: FOLLOWING_PATH
2026-09-06 10:23:37,931 - INFO - 2026-09-06 10:23:37 [SPEED] tight-turn cap: R=0.22m -> 0.250 m/s
2026-09-06 10:23:37,931 - INFO - 2026-09-06 10:23:37 [FOLLOW] TRACK: progress=1.37m/37.2m seg=1 cross=0.04m alpha=-39.9° target=(0.01,1.37) R=0.22 LEFT v=0.25 dwell=0.0s
2026-09-06 10:23:37,931 - INFO - 2026-09-06 10:23:37 TIGHT TURN - Reverse wheel motion required (v_L=-0.14, v_R=0.64)
2026-09-06 10:23:37,931 - INFO - 2026-09-06 10:23:37 Turn: LEFT, R: 0.22m, v_L: -0.14 m/s, v_R: 0.64 m/s
2026-09-06 10:23:37,931 - INFO - 2026-09-06 10:23:37 left_actuator_position: 1449 (counts) from v_L -0.144 m/s
2026-09-06 10:23:37,931 - INFO - 2026-09-06 10:23:37 right_actuator_position: 843 (counts) from v_R 0.644 m/s
2026-09-06 10:23:37,944 - INFO - Sent actuator positions to RoboClaw → M1 (left): 1449, M2 (right): 843 (counts)
2026-09-06 10:23:37,944 - INFO - 2026-09-06 10:23:37 APPLY → left_pos: 1449, right_pos: 843 (counts), v_L: -0.14 m/s, v_R: 0.64 m/s
2026-09-06 10:23:37,944 - INFO - 2026-09-06 10:23:37 Path tracking needs correction: heading_ok=False (alpha=39.9deg), distance_ok=True (cross=0.044m)
2026-09-06 10:23:38,143 - INFO - 2026-09-06 10:23:38 [3.4 OBSERVED] current_turn_radius: 0.82m
2026-09-06 10:23:38,143 - INFO - 2026-09-06 10:23:38 [3.4 OBSERVED] turn_direction: RIGHT
2026-09-06 10:23:38,143 - INFO - 2026-09-06 10:23:38 [3.4 OBSERVED] estimated left/right wheel speeds: 1.151, 0.460 m/s
2026-09-06 10:23:38,144 - INFO - 2026-09-06 10:23:38 [STATE] Current state: FOLLOWING_PATH
2026-09-06 10:23:38,144 - INFO - 2026-09-06 10:23:38 [SPEED] tight-turn cap: R=0.19m -> 0.250 m/s
2026-09-06 10:23:38,144 - INFO - 2026-09-06 10:23:38 [FOLLOW] TRACK: progress=1.37m/37.2m seg=1 cross=0.12m alpha=-58.0° target=(0.01,1.37) R=0.19 LEFT v=0.25 dwell=0.0s
2026-09-06 10:23:38,144 - INFO - 2026-09-06 10:23:38 TIGHT TURN - Reverse wheel motion required (v_L=-0.21, v_R=0.71)
2026-09-06 10:23:38,144 - INFO - 2026-09-06 10:23:38 Turn: LEFT, R: 0.19m, v_L: -0.21 m/s, v_R: 0.71 m/s
2026-09-06 10:23:38,144 - INFO - 2026-09-06 10:23:38 left_actuator_position: 1450 (counts) from v_L -0.206 m/s
2026-09-06 10:23:38,145 - INFO - 2026-09-06 10:23:38 right_actuator_position: 795 (counts) from v_R 0.706 m/s
2026-09-06 10:23:38,161 - INFO - Sent actuator positions to RoboClaw → M1 (left): 1450, M2 (right): 795 (counts)
2026-09-06 10:23:38,161 - INFO - 2026-09-06 10:23:38 APPLY → left_pos: 1450, right_pos: 795 (counts), v_L: -0.21 m/s, v_R: 0.71 m/s
2026-09-06 10:23:38,161 - INFO - 2026-09-06 10:23:38 Path tracking needs correction: heading_ok=False (alpha=58.0deg), distance_ok=True (cross=0.117m)
2026-09-06 10:23:38,324 - INFO - 2026-09-06 10:23:38 [3.4 OBSERVED] current_turn_radius: 0.63m
2026-09-06 10:23:38,324 - INFO - 2026-09-06 10:23:38 [3.4 OBSERVED] turn_direction: RIGHT
2026-09-06 10:23:38,324 - INFO - 2026-09-06 10:23:38 [3.4 OBSERVED] estimated left/right wheel speeds: 1.089, 0.315 m/s
2026-09-06 10:23:38,327 - INFO - 2026-09-06 10:23:38 [STATE] Current state: FOLLOWING_PATH
2026-09-06 10:23:38,327 - INFO - 2026-09-06 10:23:38 [SPEED] tight-turn cap: R=0.18m -> 0.250 m/s
2026-09-06 10:23:38,327 - INFO - 2026-09-06 10:23:38 [FOLLOW] TRACK: progress=1.37m/37.2m seg=1 cross=0.22m alpha=-79.0° target=(0.01,1.37) R=0.18 LEFT v=0.25 dwell=0.0s
2026-09-06 10:23:38,327 - INFO - 2026-09-06 10:23:38 TIGHT TURN - Reverse wheel motion required (v_L=-0.25, v_R=0.75)
2026-09-06 10:23:38,327 - INFO - 2026-09-06 10:23:38 Turn: LEFT, R: 0.18m, v_L: -0.25 m/s, v_R: 0.75 m/s
2026-09-06 10:23:38,328 - INFO - 2026-09-06 10:23:38 left_actuator_position: 1450 (counts) from v_L -0.249 m/s
2026-09-06 10:23:38,328 - INFO - 2026-09-06 10:23:38 right_actuator_position: 762 (counts) from v_R 0.749 m/s
2026-09-06 10:23:38,341 - INFO - Sent actuator positions to RoboClaw → M1 (left): 1450, M2 (right): 762 (counts)
2026-09-06 10:23:38,341 - INFO - 2026-09-06 10:23:38 APPLY → left_pos: 1450, right_pos: 762 (counts), v_L: -0.25 m/s, v_R: 0.75 m/s
2026-09-06 10:23:38,341 - INFO - 2026-09-06 10:23:38 Path tracking needs correction: heading_ok=False (alpha=79.0deg), distance_ok=True (cross=0.220m)
2026-09-06 10:23:38,521 - INFO - 2026-09-06 10:23:38 [3.4 OBSERVED] current_turn_radius: 1.64m
2026-09-06 10:23:38,521 - INFO - 2026-09-06 10:23:38 [3.4 OBSERVED] turn_direction: RIGHT
2026-09-06 10:23:38,521 - INFO - 2026-09-06 10:23:38 [3.4 OBSERVED] estimated left/right wheel speeds: 1.351, 0.875 m/s
2026-09-06 10:23:38,524 - INFO - 2026-09-06 10:23:38 [STATE] Current state: FOLLOWING_PATH
2026-09-06 10:23:38,524 - INFO - 2026-09-06 10:23:38 [SPEED] tight-turn cap: R=0.17m -> 0.250 m/s
2026-09-06 10:23:38,524 - INFO - 2026-09-06 10:23:38 [FOLLOW] TRACK: progress=1.37m/37.2m seg=1 cross=0.40m alpha=-104.8° target=(0.01,1.37) R=0.17 LEFT v=0.25 dwell=0.0s
2026-09-06 10:23:38,524 - INFO - 2026-09-06 10:23:38 TIGHT TURN - Reverse wheel motion required (v_L=-0.28, v_R=0.78)
2026-09-06 10:23:38,524 - INFO - 2026-09-06 10:23:38 Turn: LEFT, R: 0.17m, v_L: -0.28 m/s, v_R: 0.78 m/s
2026-09-06 10:23:38,524 - INFO - 2026-09-06 10:23:38 left_actuator_position: 1450 (counts) from v_L -0.275 m/s
2026-09-06 10:23:38,524 - INFO - 2026-09-06 10:23:38 right_actuator_position: 742 (counts) from v_R 0.775 m/s
2026-09-06 10:23:38,541 - INFO - Sent actuator positions to RoboClaw → M1 (left): 1450, M2 (right): 742 (counts)
2026-09-06 10:23:38,541 - INFO - 2026-09-06 10:23:38 APPLY → left_pos: 1450, right_pos: 742 (counts), v_L: -0.28 m/s, v_R: 0.78 m/s
2026-09-06 10:23:38,541 - INFO - 2026-09-06 10:23:38 Path tracking needs correction: heading_ok=False (alpha=104.8deg), distance_ok=False (cross=0.396m)
2026-09-06 10:23:38,723 - INFO - 2026-09-06 10:23:38 [3.4 OBSERVED] current_turn_radius: 3.48m
2026-09-06 10:23:38,723 - INFO - 2026-09-06 10:23:38 [3.4 OBSERVED] turn_direction: RIGHT
2026-09-06 10:23:38,723 - INFO - 2026-09-06 10:23:38 [3.4 OBSERVED] estimated left/right wheel speeds: 1.022, 0.836 m/s
2026-09-06 10:23:38,727 - INFO - 2026-09-06 10:23:38 [STATE] Current state: FOLLOWING_PATH
2026-09-06 10:23:38,727 - INFO - 2026-09-06 10:23:38 [SPEED] tight-turn cap: R=0.19m -> 0.250 m/s
2026-09-06 10:23:38,727 - INFO - 2026-09-06 10:23:38 [FOLLOW] TRACK: progress=1.37m/37.2m seg=1 cross=0.57m alpha=-121.4° target=(0.01,1.37) R=0.19 LEFT v=0.25 dwell=0.0s
2026-09-06 10:23:38,727 - INFO - 2026-09-06 10:23:38 TIGHT TURN - Reverse wheel motion required (v_L=-0.22, v_R=0.72)
2026-09-06 10:23:38,727 - INFO - 2026-09-06 10:23:38 Turn: LEFT, R: 0.19m, v_L: -0.22 m/s, v_R: 0.72 m/s
2026-09-06 10:23:38,727 - INFO - 2026-09-06 10:23:38 left_actuator_position: 1450 (counts) from v_L -0.218 m/s
2026-09-06 10:23:38,727 - INFO - 2026-09-06 10:23:38 right_actuator_position: 786 (counts) from v_R 0.718 m/s
2026-09-06 10:23:38,741 - INFO - Sent actuator positions to RoboClaw → M1 (left): 1450, M2 (right): 786 (counts)
2026-09-06 10:23:38,741 - INFO - 2026-09-06 10:23:38 APPLY → left_pos: 1450, right_pos: 786 (counts), v_L: -0.22 m/s, v_R: 0.72 m/s
2026-09-06 10:23:38,741 - INFO - 2026-09-06 10:23:38 Path tracking needs correction: heading_ok=False (alpha=121.4deg), distance_ok=False (cross=0.572m)
2026-09-06 10:23:38,923 - INFO - 2026-09-06 10:23:38 [3.4 OBSERVED] current_turn_radius: 4.47m
2026-09-06 10:23:38,923 - INFO - 2026-09-06 10:23:38 [3.4 OBSERVED] turn_direction: LEFT
2026-09-06 10:23:38,923 - INFO - 2026-09-06 10:23:38 [3.4 OBSERVED] estimated left/right wheel speeds: 0.625, 0.731 m/s
2026-09-06 10:23:38,927 - INFO - 2026-09-06 10:23:38 [STATE] Current state: FOLLOWING_PATH
2026-09-06 10:23:38,927 - INFO - 2026-09-06 10:23:38 [SPEED] tight-turn cap: R=0.21m -> 0.250 m/s
2026-09-06 10:23:38,927 - INFO - 2026-09-06 10:23:38 [FOLLOW] TRACK: progress=1.37m/37.2m seg=1 cross=0.72m alpha=-128.0° target=(0.01,1.37) R=0.21 LEFT v=0.25 dwell=0.0s
2026-09-06 10:23:38,927 - INFO - 2026-09-06 10:23:38 TIGHT TURN - Reverse wheel motion required (v_L=-0.16, v_R=0.66)
2026-09-06 10:23:38,927 - INFO - 2026-09-06 10:23:38 Turn: LEFT, R: 0.21m, v_L: -0.16 m/s, v_R: 0.66 m/s
2026-09-06 10:23:38,927 - INFO - 2026-09-06 10:23:38 left_actuator_position: 1450 (counts) from v_L -0.164 m/s
2026-09-06 10:23:38,927 - INFO - 2026-09-06 10:23:38 right_actuator_position: 827 (counts) from v_R 0.664 m/s
2026-09-06 10:23:38,941 - INFO - Sent actuator positions to RoboClaw → M1 (left): 1450, M2 (right): 827 (counts)
2026-09-06 10:23:38,941 - INFO - 2026-09-06 10:23:38 APPLY → left_pos: 1450, right_pos: 827 (counts), v_L: -0.16 m/s, v_R: 0.66 m/s
2026-09-06 10:23:38,941 - INFO - 2026-09-06 10:23:38 Path tracking needs correction: heading_ok=False (alpha=128.0deg), distance_ok=False (cross=0.718m)
2026-09-06 10:23:39,126 - INFO - 2026-09-06 10:23:39 [3.4 OBSERVED] current_turn_radius: 2.56m
2026-09-06 10:23:39,126 - INFO - 2026-09-06 10:23:39 [3.4 OBSERVED] turn_direction: LEFT
2026-09-06 10:23:39,126 - INFO - 2026-09-06 10:23:39 [3.4 OBSERVED] estimated left/right wheel speeds: 0.541, 0.712 m/s
2026-09-06 10:23:39,128 - INFO - 2026-09-06 10:23:39 [STATE] Current state: FOLLOWING_PATH
2026-09-06 10:23:39,128 - INFO - 2026-09-06 10:23:39 [SPEED] tight-turn cap: R=0.23m -> 0.250 m/s
2026-09-06 10:23:39,128 - INFO - 2026-09-06 10:23:39 [FOLLOW] TRACK: progress=1.37m/37.2m seg=1 cross=0.84m alpha=-129.9° target=(0.01,1.37) R=0.23 LEFT v=0.25 dwell=0.0s
2026-09-06 10:23:39,128 - INFO - 2026-09-06 10:23:39 TIGHT TURN - Reverse wheel motion required (v_L=-0.12, v_R=0.62)
2026-09-06 10:23:39,128 - INFO - 2026-09-06 10:23:39 Turn: LEFT, R: 0.23m, v_L: -0.12 m/s, v_R: 0.62 m/s
2026-09-06 10:23:39,128 - INFO - 2026-09-06 10:23:39 left_actuator_position: 1433 (counts) from v_L -0.123 m/s
2026-09-06 10:23:39,128 - INFO - 2026-09-06 10:23:39 right_actuator_position: 859 (counts) from v_R 0.623 m/s
2026-09-06 10:23:39,141 - INFO - Sent actuator positions to RoboClaw → M1 (left): 1433, M2 (right): 859 (counts)
2026-09-06 10:23:39,141 - INFO - 2026-09-06 10:23:39 APPLY → left_pos: 1433, right_pos: 859 (counts), v_L: -0.12 m/s, v_R: 0.62 m/s
2026-09-06 10:23:39,141 - INFO - 2026-09-06 10:23:39 Path tracking needs correction: heading_ok=False (alpha=129.9deg), distance_ok=False (cross=0.836m)
2026-09-06 10:23:39,325 - INFO - 2026-09-06 10:23:39 [3.4 OBSERVED] current_turn_radius: 1.64m
2026-09-06 10:23:39,325 - INFO - 2026-09-06 10:23:39 [3.4 OBSERVED] turn_direction: LEFT
2026-09-06 10:23:39,325 - INFO - 2026-09-06 10:23:39 [3.4 OBSERVED] estimated left/right wheel speeds: 0.516, 0.796 m/s
2026-09-06 10:23:39,328 - INFO - 2026-09-06 10:23:39 [STATE] Current state: FOLLOWING_PATH
2026-09-06 10:23:39,328 - INFO - 2026-09-06 10:23:39 [SPEED] tight-turn cap: R=0.26m -> 0.250 m/s
2026-09-06 10:23:39,328 - INFO - 2026-09-06 10:23:39 [FOLLOW] TRACK: progress=1.37m/37.2m seg=1 cross=0.97m alpha=-129.5° target=(0.01,1.37) R=0.26 LEFT v=0.25 dwell=0.0s
2026-09-06 10:23:39,328 - INFO - 2026-09-06 10:23:39 TIGHT TURN - Reverse wheel motion required (v_L=-0.08, v_R=0.58)
2026-09-06 10:23:39,328 - INFO - 2026-09-06 10:23:39 Turn: LEFT, R: 0.26m, v_L: -0.08 m/s, v_R: 0.58 m/s
2026-09-06 10:23:39,328 - INFO - 2026-09-06 10:23:39 left_actuator_position: 1403 (counts) from v_L -0.083 m/s
2026-09-06 10:23:39,328 - INFO - 2026-09-06 10:23:39 right_actuator_position: 890 (counts) from v_R 0.583 m/s
2026-09-06 10:23:39,341 - INFO - Sent actuator positions to RoboClaw → M1 (left): 1403, M2 (right): 890 (counts)
2026-09-06 10:23:39,341 - INFO - 2026-09-06 10:23:39 APPLY → left_pos: 1403, right_pos: 890 (counts), v_L: -0.08 m/s, v_R: 0.58 m/s
2026-09-06 10:23:39,341 - INFO - 2026-09-06 10:23:39 Path tracking needs correction: heading_ok=False (alpha=129.5deg), distance_ok=False (cross=0.967m)
2026-09-06 10:23:39,520 - INFO - 2026-09-06 10:23:39 [3.4 OBSERVED] current_turn_radius: 2.21m
2026-09-06 10:23:39,520 - INFO - 2026-09-06 10:23:39 [3.4 OBSERVED] turn_direction: LEFT
2026-09-06 10:23:39,520 - INFO - 2026-09-06 10:23:39 [3.4 OBSERVED] estimated left/right wheel speeds: 0.779, 1.072 m/s
2026-09-06 10:23:39,524 - INFO - 2026-09-06 10:23:39 [STATE] Current state: FOLLOWING_PATH
2026-09-06 10:23:39,524 - INFO - 2026-09-06 10:23:39 [SPEED] tight-turn cap: R=0.30m -> 0.250 m/s
2026-09-06 10:23:39,524 - INFO - 2026-09-06 10:23:39 [FOLLOW] TRACK: progress=1.37m/37.2m seg=1 cross=1.14m alpha=-132.3° target=(0.01,1.37) R=0.30 LEFT v=0.25 dwell=0.0s
2026-09-06 10:23:39,524 - INFO - 2026-09-06 10:23:39 TIGHT TURN - Reverse wheel motion required (v_L=-0.05, v_R=0.55)
2026-09-06 10:23:39,524 - INFO - 2026-09-06 10:23:39 Turn: LEFT, R: 0.30m, v_L: -0.05 m/s, v_R: 0.55 m/s
2026-09-06 10:23:39,524 - INFO - 2026-09-06 10:23:39 left_actuator_position: 1373 (counts) from v_L -0.045 m/s
2026-09-06 10:23:39,524 - INFO - 2026-09-06 10:23:39 right_actuator_position: 919 (counts) from v_R 0.545 m/s
2026-09-06 10:23:39,539 - INFO - Sent actuator positions to RoboClaw → M1 (left): 1373, M2 (right): 919 (counts)
2026-09-06 10:23:39,539 - INFO - 2026-09-06 10:23:39 APPLY → left_pos: 1373, right_pos: 919 (counts), v_L: -0.05 m/s, v_R: 0.55 m/s
2026-09-06 10:23:39,539 - INFO - 2026-09-06 10:23:39 Path tracking needs correction: heading_ok=False (alpha=132.3deg), distance_ok=False (cross=1.143m)
2026-09-06 10:23:39,717 - INFO - HEARTBEAT: Loop running, last GPS data 0.0s ago
2026-09-06 10:23:39,727 - INFO - 2026-09-06 10:23:39 [3.4 OBSERVED] current_turn_radius: 2.02m
2026-09-06 10:23:39,727 - INFO - 2026-09-06 10:23:39 [3.4 OBSERVED] turn_direction: LEFT
2026-09-06 10:23:39,727 - INFO - 2026-09-06 10:23:39 [3.4 OBSERVED] estimated left/right wheel speeds: 0.749, 1.063 m/s
2026-09-06 10:23:39,730 - INFO - 2026-09-06 10:23:39 [STATE] Current state: FOLLOWING_PATH
2026-09-06 10:23:39,730 - INFO - 2026-09-06 10:23:39 [SPEED] tight-turn cap: R=0.33m -> 0.250 m/s
2026-09-06 10:23:39,730 - INFO - 2026-09-06 10:23:39 [FOLLOW] TRACK: progress=1.37m/37.2m seg=1 cross=1.30m alpha=-131.9° target=(0.01,1.37) R=0.33 LEFT v=0.25 dwell=0.0s
2026-09-06 10:23:39,730 - INFO - 2026-09-06 10:23:39 TIGHT TURN - Reverse wheel motion required (v_L=-0.01, v_R=0.51)
2026-09-06 10:23:39,730 - INFO - 2026-09-06 10:23:39 Turn: LEFT, R: 0.33m, v_L: -0.01 m/s, v_R: 0.51 m/s
2026-09-06 10:23:39,731 - INFO - 2026-09-06 10:23:39 left_actuator_position: 1349 (counts) from v_L -0.014 m/s
2026-09-06 10:23:39,731 - INFO - 2026-09-06 10:23:39 right_actuator_position: 943 (counts) from v_R 0.514 m/s
2026-09-06 10:23:39,745 - INFO - Sent actuator positions to RoboClaw → M1 (left): 1349, M2 (right): 943 (counts)
2026-09-06 10:23:39,745 - INFO - 2026-09-06 10:23:39 APPLY → left_pos: 1349, right_pos: 943 (counts), v_L: -0.01 m/s, v_R: 0.51 m/s
2026-09-06 10:23:39,745 - INFO - 2026-09-06 10:23:39 Path tracking needs correction: heading_ok=False (alpha=131.9deg), distance_ok=False (cross=1.305m)
2026-09-06 10:23:39,934 - INFO - 2026-09-06 10:23:39 [3.4 OBSERVED] current_turn_radius: 1.28m
2026-09-06 10:23:39,934 - INFO - 2026-09-06 10:23:39 [3.4 OBSERVED] turn_direction: LEFT
2026-09-06 10:23:39,934 - INFO - 2026-09-06 10:23:39 [3.4 OBSERVED] estimated left/right wheel speeds: 0.556, 0.977 m/s
2026-09-06 10:23:39,937 - INFO - 2026-09-06 10:23:39 [STATE] Current state: FOLLOWING_PATH
2026-09-06 10:23:39,937 - INFO - 2026-09-06 10:23:39 [SPEED] tight-turn cap: R=0.30m -> 0.250 m/s
2026-09-06 10:23:39,937 - INFO - 2026-09-06 10:23:39 [FOLLOW] TRACK: progress=1.37m/37.2m seg=1 cross=1.20m alpha=-125.6° target=(0.01,1.37) R=0.30 LEFT v=0.25 dwell=0.0s
2026-09-06 10:23:39,937 - INFO - 2026-09-06 10:23:39 TIGHT TURN - Reverse wheel motion required (v_L=-0.04, v_R=0.54)
2026-09-06 10:23:39,937 - INFO - 2026-09-06 10:23:39 Turn: LEFT, R: 0.30m, v_L: -0.04 m/s, v_R: 0.54 m/s
2026-09-06 10:23:39,938 - INFO - 2026-09-06 10:23:39 left_actuator_position: 1367 (counts) from v_L -0.037 m/s
2026-09-06 10:23:39,938 - INFO - 2026-09-06 10:23:39 right_actuator_position: 925 (counts) from v_R 0.537 m/s
2026-09-06 10:23:39,951 - INFO - Sent actuator positions to RoboClaw → M1 (left): 1367, M2 (right): 925 (counts)
2026-09-06 10:23:39,951 - INFO - 2026-09-06 10:23:39 APPLY → left_pos: 1367, right_pos: 925 (counts), v_L: -0.04 m/s, v_R: 0.54 m/s
2026-09-06 10:23:39,951 - INFO - 2026-09-06 10:23:39 Path tracking needs correction: heading_ok=False (alpha=125.6deg), distance_ok=False (cross=1.202m)
2026-09-06 10:23:40,145 - INFO - 2026-09-06 10:23:40 [3.4 OBSERVED] current_turn_radius: 1.11m
2026-09-06 10:23:40,145 - INFO - 2026-09-06 10:23:40 [3.4 OBSERVED] turn_direction: LEFT
2026-09-06 10:23:40,145 - INFO - 2026-09-06 10:23:40 [3.4 OBSERVED] estimated left/right wheel speeds: 0.403, 0.775 m/s
2026-09-06 10:23:40,148 - INFO - 2026-09-06 10:23:40 [STATE] Current state: FOLLOWING_PATH
2026-09-06 10:23:40,148 - INFO - 2026-09-06 10:23:40 [SPEED] tight-turn cap: R=0.32m -> 0.250 m/s
2026-09-06 10:23:40,148 - INFO - 2026-09-06 10:23:40 [FOLLOW] TRACK: progress=1.37m/37.2m seg=1 cross=1.29m alpha=-123.1° target=(0.01,1.37) R=0.32 LEFT v=0.25 dwell=0.0s
2026-09-06 10:23:40,148 - INFO - 2026-09-06 10:23:40 TIGHT TURN - Reverse wheel motion required (v_L=-0.02, v_R=0.52)
2026-09-06 10:23:40,148 - INFO - 2026-09-06 10:23:40 Turn: LEFT, R: 0.32m, v_L: -0.02 m/s, v_R: 0.52 m/s
2026-09-06 10:23:40,148 - INFO - 2026-09-06 10:23:40 left_actuator_position: 1354 (counts) from v_L -0.020 m/s
2026-09-06 10:23:40,149 - INFO - 2026-09-06 10:23:40 right_actuator_position: 938 (counts) from v_R 0.520 m/s
2026-09-06 10:23:40,164 - INFO - Sent actuator positions to RoboClaw → M1 (left): 1354, M2 (right): 938 (counts)
2026-09-06 10:23:40,164 - INFO - 2026-09-06 10:23:40 APPLY → left_pos: 1354, right_pos: 938 (counts), v_L: -0.02 m/s, v_R: 0.52 m/s
2026-09-06 10:23:40,164 - INFO - 2026-09-06 10:23:40 Path tracking needs correction: heading_ok=False (alpha=123.1deg), distance_ok=False (cross=1.290m)
2026-09-06 10:23:40,322 - INFO - 2026-09-06 10:23:40 [3.4 OBSERVED] current_turn_radius: 0.74m
2026-09-06 10:23:40,322 - INFO - 2026-09-06 10:23:40 [3.4 OBSERVED] turn_direction: LEFT
2026-09-06 10:23:40,322 - INFO - 2026-09-06 10:23:40 [3.4 OBSERVED] estimated left/right wheel speeds: 0.254, 0.707 m/s
2026-09-06 10:23:40,325 - INFO - 2026-09-06 10:23:40 [STATE] Current state: FOLLOWING_PATH
2026-09-06 10:23:40,325 - INFO - 2026-09-06 10:23:40 [SPEED] tight-turn cap: R=0.34m -> 0.250 m/s
2026-09-06 10:23:40,325 - INFO - 2026-09-06 10:23:40 [FOLLOW] TRACK: progress=1.37m/37.2m seg=1 cross=1.36m alpha=-119.2° target=(0.01,1.37) R=0.34 LEFT v=0.25 dwell=0.0s
2026-09-06 10:23:40,325 - INFO - 2026-09-06 10:23:40 TIGHT TURN - Reverse wheel motion required (v_L=-0.01, v_R=0.51)
2026-09-06 10:23:40,325 - INFO - 2026-09-06 10:23:40 Turn: LEFT, R: 0.34m, v_L: -0.01 m/s, v_R: 0.51 m/s
2026-09-06 10:23:40,325 - INFO - 2026-09-06 10:23:40 left_actuator_position: 1343 (counts) from v_L -0.006 m/s
2026-09-06 10:23:40,325 - INFO - 2026-09-06 10:23:40 right_actuator_position: 949 (counts) from v_R 0.506 m/s
2026-09-06 10:23:40,338 - INFO - Sent actuator positions to RoboClaw → M1 (left): 1343, M2 (right): 949 (counts)
2026-09-06 10:23:40,338 - INFO - 2026-09-06 10:23:40 APPLY → left_pos: 1343, right_pos: 949 (counts), v_L: -0.01 m/s, v_R: 0.51 m/s
2026-09-06 10:23:40,338 - INFO - 2026-09-06 10:23:40 Path tracking needs correction: heading_ok=False (alpha=119.2deg), distance_ok=False (cross=1.363m)
2026-09-06 10:23:40,522 - INFO - 2026-09-06 10:23:40 [3.4 OBSERVED] current_turn_radius: 0.39m
2026-09-06 10:23:40,522 - INFO - 2026-09-06 10:23:40 [3.4 OBSERVED] turn_direction: LEFT
2026-09-06 10:23:40,522 - INFO - 2026-09-06 10:23:40 [3.4 OBSERVED] estimated left/right wheel speeds: 0.042, 0.699 m/s
2026-09-06 10:23:40,525 - INFO - 2026-09-06 10:23:40 [STATE] Current state: FOLLOWING_PATH
2026-09-06 10:23:40,525 - INFO - 2026-09-06 10:23:40 [SPEED] tight-turn cap: R=0.36m -> 0.250 m/s
2026-09-06 10:23:40,525 - INFO - 2026-09-06 10:23:40 [FOLLOW] TRACK: progress=1.37m/37.2m seg=1 cross=1.44m alpha=-110.0° target=(0.01,1.37) R=0.36 LEFT v=0.25 dwell=0.0s
2026-09-06 10:23:40,525 - INFO - 2026-09-06 10:23:40 Turn: LEFT, R: 0.36m, v_L: 0.01 m/s, v_R: 0.49 m/s
2026-09-06 10:23:40,525 - INFO - 2026-09-06 10:23:40 left_actuator_position: 1100 (counts) from v_L 0.006 m/s
2026-09-06 10:23:40,525 - INFO - 2026-09-06 10:23:40 right_actuator_position: 959 (counts) from v_R 0.494 m/s
2026-09-06 10:23:40,538 - INFO - Sent actuator positions to RoboClaw → M1 (left): 1100, M2 (right): 959 (counts)
2026-09-06 10:23:40,538 - INFO - 2026-09-06 10:23:40 APPLY → left_pos: 1100, right_pos: 959 (counts), v_L: 0.01 m/s, v_R: 0.49 m/s
2026-09-06 10:23:40,538 - INFO - 2026-09-06 10:23:40 Path tracking needs correction: heading_ok=False (alpha=110.0deg), distance_ok=False (cross=1.437m)
2026-09-06 10:23:40,741 - INFO - 2026-09-06 10:23:40 [3.4 OBSERVED] current_turn_radius: 0.55m
2026-09-06 10:23:40,742 - INFO - 2026-09-06 10:23:40 [3.4 OBSERVED] turn_direction: LEFT
2026-09-06 10:23:40,742 - INFO - 2026-09-06 10:23:40 [3.4 OBSERVED] estimated left/right wheel speeds: 0.126, 0.557 m/s
2026-09-06 10:23:40,744 - INFO - 2026-09-06 10:23:40 [STATE] Current state: FOLLOWING_PATH
2026-09-06 10:23:40,744 - INFO - 2026-09-06 10:23:40 [SPEED] tight-turn cap: R=0.50m -> 0.250 m/s
2026-09-06 10:23:40,744 - INFO - 2026-09-06 10:23:40 [FOLLOW] TRACK: progress=2.70m/37.2m seg=2 cross=1.50m alpha=-62.4° target=(0.01,2.70) R=0.50 LEFT v=0.25 dwell=0.0s
2026-09-06 10:23:40,745 - INFO - 2026-09-06 10:23:40 Turn: LEFT, R: 0.50m, v_L: 0.07 m/s, v_R: 0.43 m/s
2026-09-06 10:23:40,745 - INFO - 2026-09-06 10:23:40 left_actuator_position: 1100 (counts) from v_L 0.074 m/s
2026-09-06 10:23:40,745 - INFO - 2026-09-06 10:23:40 right_actuator_position: 1011 (counts) from v_R 0.426 m/s
2026-09-06 10:23:40,758 - INFO - Sent actuator positions to RoboClaw → M1 (left): 1100, M2 (right): 1011 (counts)
2026-09-06 10:23:40,758 - INFO - 2026-09-06 10:23:40 APPLY → left_pos: 1100, right_pos: 1011 (counts), v_L: 0.07 m/s, v_R: 0.43 m/s
2026-09-06 10:23:40,758 - INFO - 2026-09-06 10:23:40 Path tracking needs correction: heading_ok=False (alpha=62.4deg), distance_ok=False (cross=1.495m)
2026-09-06 10:23:40,924 - INFO - 2026-09-06 10:23:40 [3.4 OBSERVED] current_turn_radius: 0.31m
2026-09-06 10:23:40,924 - INFO - 2026-09-06 10:23:40 [3.4 OBSERVED] turn_direction: LEFT
2026-09-06 10:23:40,924 - INFO - 2026-09-06 10:23:40 [3.4 OBSERVED] estimated left/right wheel speeds: -0.031, 0.526 m/s
2026-09-06 10:23:40,927 - INFO - 2026-09-06 10:23:40 [STATE] Current state: FOLLOWING_PATH
2026-09-06 10:23:40,927 - INFO - 2026-09-06 10:23:40 [SPEED] tight-turn cap: R=0.49m -> 0.250 m/s
2026-09-06 10:23:40,927 - INFO - 2026-09-06 10:23:40 [FOLLOW] TRACK: progress=2.70m/37.2m seg=2 cross=1.52m alpha=-55.9° target=(0.01,2.70) R=0.49 LEFT v=0.25 dwell=0.0s
2026-09-06 10:23:40,927 - INFO - 2026-09-06 10:23:40 Turn: LEFT, R: 0.49m, v_L: 0.07 m/s, v_R: 0.43 m/s
2026-09-06 10:23:40,928 - INFO - 2026-09-06 10:23:40 left_actuator_position: 1100 (counts) from v_L 0.073 m/s
2026-09-06 10:23:40,928 - INFO - 2026-09-06 10:23:40 right_actuator_position: 1010 (counts) from v_R 0.427 m/s
2026-09-06 10:23:40,941 - INFO - Sent actuator positions to RoboClaw → M1 (left): 1100, M2 (right): 1010 (counts)
2026-09-06 10:23:40,941 - INFO - 2026-09-06 10:23:40 APPLY → left_pos: 1100, right_pos: 1010 (counts), v_L: 0.07 m/s, v_R: 0.43 m/s
2026-09-06 10:23:40,941 - INFO - 2026-09-06 10:23:40 Path tracking needs correction: heading_ok=False (alpha=55.9deg), distance_ok=False (cross=1.524m)
2026-09-06 10:23:41,123 - INFO - 2026-09-06 10:23:41 [3.4 OBSERVED] current_turn_radius: 0.44m
2026-09-06 10:23:41,123 - INFO - 2026-09-06 10:23:41 [3.4 OBSERVED] turn_direction: LEFT
2026-09-06 10:23:41,123 - INFO - 2026-09-06 10:23:41 [3.4 OBSERVED] estimated left/right wheel speeds: 0.070, 0.631 m/s
2026-09-06 10:23:41,125 - INFO - 2026-09-06 10:23:41 [STATE] Current state: FOLLOWING_PATH
2026-09-06 10:23:41,125 - INFO - 2026-09-06 10:23:41 [SPEED] tight-turn cap: R=0.50m -> 0.250 m/s
2026-09-06 10:23:41,125 - INFO - 2026-09-06 10:23:41 [FOLLOW] TRACK: progress=2.70m/37.2m seg=2 cross=1.57m alpha=-48.4° target=(0.01,2.70) R=0.50 LEFT v=0.25 dwell=0.0s
2026-09-06 10:23:41,125 - INFO - 2026-09-06 10:23:41 Turn: LEFT, R: 0.50m, v_L: 0.07 m/s, v_R: 0.43 m/s
2026-09-06 10:23:41,126 - INFO - 2026-09-06 10:23:41 left_actuator_position: 1100 (counts) from v_L 0.074 m/s
2026-09-06 10:23:41,126 - INFO - 2026-09-06 10:23:41 right_actuator_position: 1011 (counts) from v_R 0.426 m/s
2026-09-06 10:23:41,138 - INFO - Sent actuator positions to RoboClaw → M1 (left): 1100, M2 (right): 1011 (counts)
2026-09-06 10:23:41,138 - INFO - 2026-09-06 10:23:41 APPLY → left_pos: 1100, right_pos: 1011 (counts), v_L: 0.07 m/s, v_R: 0.43 m/s
2026-09-06 10:23:41,138 - INFO - 2026-09-06 10:23:41 Path tracking needs correction: heading_ok=False (alpha=48.4deg), distance_ok=False (cross=1.568m)
2026-09-06 10:23:41,316 - INFO - 2026-09-06 10:23:41 [3.4 OBSERVED] current_turn_radius: 0.41m
2026-09-06 10:23:41,316 - INFO - 2026-09-06 10:23:41 [3.4 OBSERVED] turn_direction: LEFT
2026-09-06 10:23:41,316 - INFO - 2026-09-06 10:23:41 [3.4 OBSERVED] estimated left/right wheel speeds: 0.047, 0.569 m/s
2026-09-06 10:23:41,318 - INFO - 2026-09-06 10:23:41 [STATE] Current state: FOLLOWING_PATH
2026-09-06 10:23:41,318 - INFO - 2026-09-06 10:23:41 [SPEED] tight-turn cap: R=0.50m -> 0.250 m/s
2026-09-06 10:23:41,318 - INFO - 2026-09-06 10:23:41 [FOLLOW] TRACK: progress=2.70m/37.2m seg=2 cross=1.61m alpha=-42.2° target=(0.01,2.70) R=0.50 LEFT v=0.25 dwell=0.0s
2026-09-06 10:23:41,318 - INFO - 2026-09-06 10:23:41 Turn: LEFT, R: 0.50m, v_L: 0.07 m/s, v_R: 0.43 m/s
2026-09-06 10:23:41,319 - INFO - 2026-09-06 10:23:41 left_actuator_position: 1100 (counts) from v_L 0.074 m/s
2026-09-06 10:23:41,319 - INFO - 2026-09-06 10:23:41 right_actuator_position: 1011 (counts) from v_R 0.426 m/s
2026-09-06 10:23:41,332 - INFO - Sent actuator positions to RoboClaw → M1 (left): 1100, M2 (right): 1011 (counts)
2026-09-06 10:23:41,332 - INFO - 2026-09-06 10:23:41 APPLY → left_pos: 1100, right_pos: 1011 (counts), v_L: 0.07 m/s, v_R: 0.43 m/s
2026-09-06 10:23:41,332 - INFO - 2026-09-06 10:23:41 Path tracking needs correction: heading_ok=False (alpha=42.2deg), distance_ok=False (cross=1.612m)
2026-09-06 10:23:41,522 - INFO - 2026-09-06 10:23:41 [3.4 OBSERVED] current_turn_radius: 0.36m
2026-09-06 10:23:41,523 - INFO - 2026-09-06 10:23:41 [3.4 OBSERVED] turn_direction: LEFT
2026-09-06 10:23:41,523 - INFO - 2026-09-06 10:23:41 [3.4 OBSERVED] estimated left/right wheel speeds: 0.009, 0.580 m/s
2026-09-06 10:23:41,525 - INFO - 2026-09-06 10:23:41 [STATE] Current state: FOLLOWING_PATH
2026-09-06 10:23:41,525 - INFO - 2026-09-06 10:23:41 [SPEED] tight-turn cap: R=0.50m -> 0.250 m/s
2026-09-06 10:23:41,525 - INFO - 2026-09-06 10:23:41 [FOLLOW] TRACK: progress=2.70m/37.2m seg=2 cross=1.64m alpha=-34.3° target=(0.01,2.70) R=0.50 LEFT v=0.25 dwell=0.0s
2026-09-06 10:23:41,525 - INFO - 2026-09-06 10:23:41 Turn: LEFT, R: 0.50m, v_L: 0.07 m/s, v_R: 0.43 m/s
2026-09-06 10:23:41,526 - INFO - 2026-09-06 10:23:41 left_actuator_position: 1100 (counts) from v_L 0.073 m/s
2026-09-06 10:23:41,526 - INFO - 2026-09-06 10:23:41 right_actuator_position: 1010 (counts) from v_R 0.427 m/s
2026-09-06 10:23:41,538 - INFO - Sent actuator positions to RoboClaw → M1 (left): 1100, M2 (right): 1010 (counts)
2026-09-06 10:23:41,538 - INFO - 2026-09-06 10:23:41 APPLY → left_pos: 1100, right_pos: 1010 (counts), v_L: 0.07 m/s, v_R: 0.43 m/s
2026-09-06 10:23:41,538 - INFO - 2026-09-06 10:23:41 Path tracking needs correction: heading_ok=False (alpha=34.3deg), distance_ok=False (cross=1.642m)
2026-09-06 10:23:41,717 - INFO - 2026-09-06 10:23:41 [3.4 OBSERVED] current_turn_radius: 0.33m
2026-09-06 10:23:41,717 - INFO - 2026-09-06 10:23:41 [3.4 OBSERVED] turn_direction: LEFT
2026-09-06 10:23:41,717 - INFO - 2026-09-06 10:23:41 [3.4 OBSERVED] estimated left/right wheel speeds: -0.019, 0.596 m/s
2026-09-06 10:23:41,721 - INFO - 2026-09-06 10:23:41 [STATE] Current state: FOLLOWING_PATH
2026-09-06 10:23:41,721 - INFO - 2026-09-06 10:23:41 [SPEED] tight-turn cap: R=0.49m -> 0.250 m/s
2026-09-06 10:23:41,721 - INFO - 2026-09-06 10:23:41 [FOLLOW] TRACK: progress=2.70m/37.2m seg=2 cross=1.66m alpha=-26.1° target=(0.01,2.70) R=0.49 LEFT v=0.25 dwell=0.0s
2026-09-06 10:23:41,721 - INFO - 2026-09-06 10:23:41 Turn: LEFT, R: 0.49m, v_L: 0.07 m/s, v_R: 0.43 m/s
2026-09-06 10:23:41,721 - INFO - 2026-09-06 10:23:41 left_actuator_position: 1100 (counts) from v_L 0.072 m/s
2026-09-06 10:23:41,721 - INFO - 2026-09-06 10:23:41 right_actuator_position: 1009 (counts) from v_R 0.428 m/s
2026-09-06 10:23:41,734 - INFO - Sent actuator positions to RoboClaw → M1 (left): 1100, M2 (right): 1009 (counts)
2026-09-06 10:23:41,734 - INFO - 2026-09-06 10:23:41 APPLY → left_pos: 1100, right_pos: 1009 (counts), v_L: 0.07 m/s, v_R: 0.43 m/s
2026-09-06 10:23:41,734 - INFO - 2026-09-06 10:23:41 Path tracking needs correction: heading_ok=False (alpha=26.1deg), distance_ok=False (cross=1.656m)
2026-09-06 10:23:41,913 - INFO - 2026-09-06 10:23:41 [3.4 OBSERVED] current_turn_radius: 0.20m
2026-09-06 10:23:41,913 - INFO - 2026-09-06 10:23:41 [3.4 OBSERVED] turn_direction: LEFT
2026-09-06 10:23:41,913 - INFO - 2026-09-06 10:23:41 [3.4 OBSERVED] estimated left/right wheel speeds: -0.138, 0.494 m/s
2026-09-06 10:23:41,915 - INFO - 2026-09-06 10:23:41 [STATE] Current state: FOLLOWING_PATH
2026-09-06 10:23:41,915 - INFO - 2026-09-06 10:23:41 [SPEED] tight-turn cap: R=0.48m -> 0.250 m/s
2026-09-06 10:23:41,915 - INFO - 2026-09-06 10:23:41 [FOLLOW] TRACK: progress=2.70m/37.2m seg=2 cross=1.64m alpha=-16.7° target=(0.01,2.70) R=0.48 LEFT v=0.25 dwell=0.0s
2026-09-06 10:23:41,915 - INFO - 2026-09-06 10:23:41 Turn: LEFT, R: 0.48m, v_L: 0.07 m/s, v_R: 0.43 m/s
2026-09-06 10:23:41,915 - INFO - 2026-09-06 10:23:41 left_actuator_position: 1100 (counts) from v_L 0.069 m/s
2026-09-06 10:23:41,915 - INFO - 2026-09-06 10:23:41 right_actuator_position: 1007 (counts) from v_R 0.431 m/s
2026-09-06 10:23:41,928 - INFO - Sent actuator positions to RoboClaw → M1 (left): 1100, M2 (right): 1007 (counts)
2026-09-06 10:23:41,928 - INFO - 2026-09-06 10:23:41 APPLY → left_pos: 1100, right_pos: 1007 (counts), v_L: 0.07 m/s, v_R: 0.43 m/s
2026-09-06 10:23:41,928 - INFO - 2026-09-06 10:23:41 Path tracking needs correction: heading_ok=False (alpha=16.7deg), distance_ok=False (cross=1.642m)
2026-09-06 10:23:42,134 - INFO - 2026-09-06 10:23:42 [3.4 OBSERVED] current_turn_radius: 0.26m
2026-09-06 10:23:42,134 - INFO - 2026-09-06 10:23:42 [3.4 OBSERVED] turn_direction: LEFT
2026-09-06 10:23:42,134 - INFO - 2026-09-06 10:23:42 [3.4 OBSERVED] estimated left/right wheel speeds: -0.066, 0.444 m/s
2026-09-06 10:23:42,138 - INFO - 2026-09-06 10:23:42 [STATE] Current state: FOLLOWING_PATH
2026-09-06 10:23:42,138 - INFO - 2026-09-06 10:23:42 [SPEED] tight-turn cap: R=0.48m -> 0.250 m/s
2026-09-06 10:23:42,138 - INFO - 2026-09-06 10:23:42 [FOLLOW] TRACK: progress=2.70m/37.2m seg=2 cross=1.66m alpha=-8.6° target=(0.01,2.70) R=0.48 LEFT v=0.25 dwell=0.0s
2026-09-06 10:23:42,138 - INFO - 2026-09-06 10:23:42 Turn: LEFT, R: 0.48m, v_L: 0.07 m/s, v_R: 0.43 m/s
2026-09-06 10:23:42,138 - INFO - 2026-09-06 10:23:42 left_actuator_position: 1100 (counts) from v_L 0.068 m/s
2026-09-06 10:23:42,138 - INFO - 2026-09-06 10:23:42 right_actuator_position: 1006 (counts) from v_R 0.432 m/s
2026-09-06 10:23:42,152 - INFO - Sent actuator positions to RoboClaw → M1 (left): 1100, M2 (right): 1006 (counts)
2026-09-06 10:23:42,152 - INFO - 2026-09-06 10:23:42 APPLY → left_pos: 1100, right_pos: 1006 (counts), v_L: 0.07 m/s, v_R: 0.43 m/s
2026-09-06 10:23:42,152 - INFO - 2026-09-06 10:23:42 Path tracking needs correction: heading_ok=True (alpha=8.6deg), distance_ok=False (cross=1.656m)
2026-09-06 10:23:42,312 - INFO - 2026-09-06 10:23:42 [3.4 OBSERVED] current_turn_radius: 0.20m
2026-09-06 10:23:42,312 - INFO - 2026-09-06 10:23:42 [3.4 OBSERVED] turn_direction: LEFT
2026-09-06 10:23:42,312 - INFO - 2026-09-06 10:23:42 [3.4 OBSERVED] estimated left/right wheel speeds: -0.132, 0.472 m/s
2026-09-06 10:23:42,315 - INFO - 2026-09-06 10:23:42 [STATE] Current state: FOLLOWING_PATH
2026-09-06 10:23:42,315 - INFO - 2026-09-06 10:23:42 [SPEED] tight-turn cap: R=0.48m -> 0.250 m/s
2026-09-06 10:23:42,315 - INFO - 2026-09-06 10:23:42 [FOLLOW] TRACK: progress=2.70m/37.2m seg=2 cross=1.67m alpha=-1.0° target=(0.01,2.70) R=0.48 LEFT v=0.25 dwell=0.0s
2026-09-06 10:23:42,315 - INFO - 2026-09-06 10:23:42 Turn: LEFT, R: 0.48m, v_L: 0.07 m/s, v_R: 0.43 m/s
2026-09-06 10:23:42,316 - INFO - 2026-09-06 10:23:42 left_actuator_position: 1100 (counts) from v_L 0.068 m/s
2026-09-06 10:23:42,316 - INFO - 2026-09-06 10:23:42 right_actuator_position: 1006 (counts) from v_R 0.432 m/s
2026-09-06 10:23:42,331 - INFO - Sent actuator positions to RoboClaw → M1 (left): 1100, M2 (right): 1006 (counts)
2026-09-06 10:23:42,331 - INFO - 2026-09-06 10:23:42 APPLY → left_pos: 1100, right_pos: 1006 (counts), v_L: 0.07 m/s, v_R: 0.43 m/s
2026-09-06 10:23:42,331 - INFO - 2026-09-06 10:23:42 Path tracking needs correction: heading_ok=True (alpha=1.0deg), distance_ok=False (cross=1.671m)
2026-09-06 10:23:42,514 - INFO - 2026-09-06 10:23:42 [3.4 OBSERVED] current_turn_radius: 0.26m
2026-09-06 10:23:42,514 - INFO - 2026-09-06 10:23:42 [3.4 OBSERVED] turn_direction: LEFT
2026-09-06 10:23:42,514 - INFO - 2026-09-06 10:23:42 [3.4 OBSERVED] estimated left/right wheel speeds: -0.083, 0.600 m/s
2026-09-06 10:23:42,518 - INFO - 2026-09-06 10:23:42 [STATE] Current state: FOLLOWING_PATH
2026-09-06 10:23:42,518 - INFO - 2026-09-06 10:23:42 [FOLLOW] TRACK: progress=2.70m/37.2m seg=2 cross=1.66m alpha=9.6° target=(0.01,2.70) R=inf STRAIGHT v=1.26 dwell=0.0s
2026-09-06 10:23:42,518 - WARNING - Unexpected turn_direction: STRAIGHT, defaulting to straight
2026-09-06 10:23:42,518 - INFO - 2026-09-06 10:23:42 Turn: STRAIGHT, R: infm, v_L: 1.26 m/s, v_R: 1.26 m/s
2026-09-06 10:23:42,518 - INFO - 2026-09-06 10:23:42 left_actuator_position: 420 (counts) from v_L 1.256 m/s
2026-09-06 10:23:42,518 - INFO - 2026-09-06 10:23:42 right_actuator_position: 420 (counts) from v_R 1.256 m/s
2026-09-06 10:23:42,531 - INFO - Sent actuator positions to RoboClaw → M1 (left): 420, M2 (right): 420 (counts)
2026-09-06 10:23:42,531 - INFO - 2026-09-06 10:23:42 APPLY → left_pos: 420, right_pos: 420 (counts), v_L: 1.26 m/s, v_R: 1.26 m/s
2026-09-06 10:23:42,531 - INFO - 2026-09-06 10:23:42 Path tracking needs correction: heading_ok=True (alpha=9.6deg), distance_ok=False (cross=1.656m)
2026-09-06 10:23:42,716 - INFO - 2026-09-06 10:23:42 [3.4 OBSERVED] current_turn_radius: 0.20m
2026-09-06 10:23:42,716 - INFO - 2026-09-06 10:23:42 [3.4 OBSERVED] turn_direction: LEFT
2026-09-06 10:23:42,716 - INFO - 2026-09-06 10:23:42 [3.4 OBSERVED] estimated left/right wheel speeds: -0.133, 0.477 m/s
2026-09-06 10:23:42,719 - INFO - 2026-09-06 10:23:42 [STATE] Current state: FOLLOWING_PATH
2026-09-06 10:23:42,719 - INFO - 2026-09-06 10:23:42 [FOLLOW] TRACK: progress=2.70m/37.2m seg=2 cross=1.66m alpha=18.6° target=(0.01,2.70) R=inf STRAIGHT v=1.26 dwell=0.0s
2026-09-06 10:23:42,719 - WARNING - Unexpected turn_direction: STRAIGHT, defaulting to straight
2026-09-06 10:23:42,719 - INFO - 2026-09-06 10:23:42 Turn: STRAIGHT, R: infm, v_L: 1.26 m/s, v_R: 1.26 m/s
2026-09-06 10:23:42,719 - INFO - 2026-09-06 10:23:42 left_actuator_position: 420 (counts) from v_L 1.256 m/s
2026-09-06 10:23:42,719 - INFO - 2026-09-06 10:23:42 right_actuator_position: 420 (counts) from v_R 1.256 m/s
2026-09-06 10:23:42,733 - INFO - Sent actuator positions to RoboClaw → M1 (left): 420, M2 (right): 420 (counts)
2026-09-06 10:23:42,733 - INFO - 2026-09-06 10:23:42 APPLY → left_pos: 420, right_pos: 420 (counts), v_L: 1.26 m/s, v_R: 1.26 m/s
2026-09-06 10:23:42,733 - INFO - 2026-09-06 10:23:42 Path tracking needs correction: heading_ok=False (alpha=18.6deg), distance_ok=False (cross=1.656m)
2026-09-06 10:23:42,913 - INFO - 2026-09-06 10:23:42 [3.4 OBSERVED] current_turn_radius: 0.31m
2026-09-06 10:23:42,913 - INFO - 2026-09-06 10:23:42 [3.4 OBSERVED] turn_direction: LEFT
2026-09-06 10:23:42,913 - INFO - 2026-09-06 10:23:42 [3.4 OBSERVED] estimated left/right wheel speeds: -0.033, 0.538 m/s
2026-09-06 10:23:42,916 - INFO - 2026-09-06 10:23:42 [STATE] Current state: FOLLOWING_PATH
2026-09-06 10:23:42,916 - ERROR - 2026-09-06 10:23:42 [FOLLOW] SAFETY ABORT: no progress for 25 epochs (progress 2.70m, cross-track 1.66m)
2026-09-06 10:23:42,931 - INFO - Actuators commanded to neutral (1100) -- Follower safety abort
2026-09-06 10:23:42,949 - INFO - Actuators commanded to neutral (1100) -- Repeat exit - returning to neutral
2026-09-06 10:23:44,172 - INFO - Shutdown: actuators confirmed at neutral (Repeat exit - returning to neutral)
2026-09-06 10:23:44,172 - INFO - GREEN_LED GPIO cleaned up successfully
