2026-08-23 13:05:15,866 - INFO - Logging initialized to /home/dali/Documents/ReMow-Rover-Tests/Repeat/Logs/readRecordedRun-2026-08-23_13-05-15.log
2026-08-23 13:05:15,868 - INFO - RoboClaw opened successfully on /dev/serial/by-id/usb-Basicmicro_Inc._USB_Roboclaw_2x15A-if00
2026-08-23 13:05:16,171 - INFO - Encoders reset to zero
2026-08-23 13:05:16,171 - INFO - Starting readRecordedRun with combination: 55
2026-08-23 13:05:16,171 - INFO - Selected most recent recording: 55_20260510-134004_GPSData.csv
2026-08-23 13:05:16,177 - INFO - GREEN_LED initialized on GPIO 17
2026-08-23 13:05:16,179 - INFO - ENU origin from first waypoint: 37.9008713333, -97.66418
2026-08-23 13:05:16,257 - INFO - Path model: 42 rows -> 37 points -> 36 segments, 40.7m total, leading dwell 3.0s
2026-08-23 13:05:16,258 - INFO - === GUIDANCE: tangent_pose === tangent_window=3.0m lookahead=2.0m+0.8s*v [1.5-5.0m] kappa_max=1.00/m slew=0.6/m/s deadband=0.04/m
2026-08-23 13:05:16,258 - WARNING - UNVALIDATED GUIDANCE MODE 'tangent_pose' IS ACTIVE. This steering law has not been field-validated on this machine. Supervised operation only; blade disabled; operator within reach of the physical kill switch.
2026-08-23 13:05:16,258 - WARNING - tangent_pose OPEN DEFECT: large-offset entry may not converge. In simulation, starting ~2m off the path with ~45deg heading error leaves 2.40m residual cross-track and commands ZERO reversals (pure_pursuit recovers the same case to 0.05m). START ON OR NEAR THE PATH, roughly along it, and ABORT if cross-track is not closing. See docs/GUIDANCE.md sections 10 and 12.
2026-08-23 13:05:16,272 - INFO - Actuators commanded to neutral (1100) -- Startup - ensuring neutral position
2026-08-23 13:05:16,272 - INFO - Actuators initialized to neutral (1100)
2026-08-23 13:05:16,272 - INFO - === UNIFIED PATH FOLLOWER INITIALIZED ===
2026-08-23 13:05:16,272 - INFO - First segment: heading 3.8°, length 0.67m; path ends at (2.81E, 0.81N)
2026-08-23 13:05:16,272 - INFO - Initial state: FOLLOWING_PATH (follower mode ACQUIRE)
2026-08-23 13:05:16,272 - INFO - Acquire timeout: 300.0s
2026-08-23 13:05:16,272 - INFO - === WAITING FOR GPS RTK FIX ===
2026-08-23 13:05:16,272 - INFO - Need: relPosValid=1, carrSoln=2, relPosHeadingValid=1 (timeout: 60.0s)
2026-08-23 13:05:16,283 - INFO - GPS status: relPosValid=1, carrSoln=1, headingValid=1 (0.0s)
2026-08-23 13:05:16,434 - INFO - GPS status: relPosValid=1, carrSoln=1, headingValid=1 (0.2s)
2026-08-23 13:05:16,626 - INFO - GPS status: relPosValid=1, carrSoln=1, headingValid=1 (0.4s)
2026-08-23 13:05:16,827 - INFO - GPS status: relPosValid=1, carrSoln=1, headingValid=1 (0.6s)
2026-08-23 13:05:17,031 - INFO - GPS status: relPosValid=1, carrSoln=1, headingValid=1 (0.8s)
2026-08-23 13:05:17,233 - INFO - GPS status: relPosValid=1, carrSoln=1, headingValid=1 (1.0s)
2026-08-23 13:05:17,433 - INFO - GPS status: relPosValid=1, carrSoln=1, headingValid=1 (1.2s)
2026-08-23 13:05:17,640 - INFO - GPS status: relPosValid=1, carrSoln=1, headingValid=1 (1.4s)
2026-08-23 13:05:17,827 - INFO - GPS status: relPosValid=1, carrSoln=1, headingValid=1 (1.6s)
2026-08-23 13:05:18,045 - INFO - GPS status: relPosValid=1, carrSoln=1, headingValid=1 (1.8s)
2026-08-23 13:05:18,233 - INFO - GPS status: relPosValid=1, carrSoln=1, headingValid=1 (2.0s)
2026-08-23 13:05:18,445 - INFO - GPS status: relPosValid=1, carrSoln=1, headingValid=1 (2.2s)
2026-08-23 13:05:18,642 - INFO - GPS status: relPosValid=1, carrSoln=1, headingValid=1 (2.4s)
2026-08-23 13:05:18,828 - INFO - GPS status: relPosValid=1, carrSoln=1, headingValid=1 (2.6s)
2026-08-23 13:05:19,033 - INFO - GPS status: relPosValid=1, carrSoln=1, headingValid=1 (2.8s)
2026-08-23 13:05:19,226 - INFO - GPS status: relPosValid=1, carrSoln=1, headingValid=1 (3.0s)
2026-08-23 13:05:19,430 - INFO - GPS status: relPosValid=1, carrSoln=1, headingValid=1 (3.2s)
2026-08-23 13:05:19,629 - INFO - GPS status: relPosValid=1, carrSoln=1, headingValid=1 (3.4s)
2026-08-23 13:05:19,825 - INFO - GPS status: relPosValid=1, carrSoln=1, headingValid=1 (3.6s)
2026-08-23 13:05:20,033 - INFO - GPS status: relPosValid=1, carrSoln=1, headingValid=1 (3.8s)
2026-08-23 13:05:20,226 - INFO - GPS status: relPosValid=1, carrSoln=1, headingValid=1 (4.0s)
2026-08-23 13:05:20,435 - INFO - GPS status: relPosValid=1, carrSoln=1, headingValid=1 (4.2s)
2026-08-23 13:05:20,625 - INFO - GPS status: relPosValid=1, carrSoln=1, headingValid=1 (4.4s)
2026-08-23 13:05:20,822 - INFO - GPS status: relPosValid=1, carrSoln=1, headingValid=1 (4.5s)
2026-08-23 13:05:21,027 - INFO - GPS status: relPosValid=1, carrSoln=1, headingValid=1 (4.8s)
2026-08-23 13:05:21,223 - INFO - GPS status: relPosValid=1, carrSoln=1, headingValid=1 (5.0s)
2026-08-23 13:05:21,422 - INFO - GPS status: relPosValid=1, carrSoln=1, headingValid=1 (5.1s)
2026-08-23 13:05:21,626 - INFO - GPS status: relPosValid=1, carrSoln=1, headingValid=1 (5.4s)
2026-08-23 13:05:21,822 - INFO - GPS status: relPosValid=1, carrSoln=1, headingValid=1 (5.5s)
2026-08-23 13:05:22,027 - INFO - GPS status: relPosValid=1, carrSoln=1, headingValid=1 (5.8s)
2026-08-23 13:05:22,222 - INFO - GPS status: relPosValid=1, carrSoln=1, headingValid=1 (5.9s)
2026-08-23 13:05:22,426 - INFO - GPS status: relPosValid=1, carrSoln=1, headingValid=1 (6.2s)
2026-08-23 13:05:22,622 - INFO - GPS status: relPosValid=1, carrSoln=1, headingValid=1 (6.3s)
2026-08-23 13:05:22,825 - INFO - GPS status: relPosValid=1, carrSoln=1, headingValid=1 (6.6s)
2026-08-23 13:05:23,028 - INFO - GPS status: relPosValid=1, carrSoln=1, headingValid=1 (6.8s)
2026-08-23 13:05:23,222 - INFO - GPS status: relPosValid=1, carrSoln=1, headingValid=1 (6.9s)
2026-08-23 13:05:23,420 - INFO - GPS status: relPosValid=1, carrSoln=1, headingValid=1 (7.1s)
2026-08-23 13:05:23,625 - INFO - GPS status: relPosValid=1, carrSoln=1, headingValid=1 (7.4s)
2026-08-23 13:05:23,822 - INFO - GPS status: relPosValid=1, carrSoln=1, headingValid=1 (7.5s)
2026-08-23 13:05:24,029 - INFO - GPS status: relPosValid=1, carrSoln=1, headingValid=1 (7.8s)
2026-08-23 13:05:24,219 - INFO - GPS status: relPosValid=1, carrSoln=1, headingValid=1 (7.9s)
2026-08-23 13:05:24,443 - INFO - GPS status: relPosValid=1, carrSoln=1, headingValid=1 (8.2s)
2026-08-23 13:05:24,623 - INFO - GPS status: relPosValid=1, carrSoln=1, headingValid=1 (8.4s)
2026-08-23 13:05:24,822 - INFO - GPS status: relPosValid=1, carrSoln=1, headingValid=1 (8.5s)
2026-08-23 13:05:25,028 - INFO - GPS status: relPosValid=1, carrSoln=1, headingValid=1 (8.8s)
2026-08-23 13:05:25,226 - INFO - GPS status: relPosValid=1, carrSoln=1, headingValid=1 (9.0s)
2026-08-23 13:05:25,424 - INFO - GPS status: relPosValid=1, carrSoln=1, headingValid=1 (9.2s)
2026-08-23 13:05:25,627 - INFO - GPS status: relPosValid=1, carrSoln=1, headingValid=1 (9.4s)
2026-08-23 13:05:25,822 - INFO - GPS status: relPosValid=1, carrSoln=1, headingValid=1 (9.5s)
2026-08-23 13:05:26,029 - INFO - GPS status: relPosValid=1, carrSoln=1, headingValid=1 (9.8s)
2026-08-23 13:05:26,228 - INFO - GPS status: relPosValid=1, carrSoln=1, headingValid=1 (10.0s)
2026-08-23 13:05:26,433 - INFO - GPS status: relPosValid=1, carrSoln=1, headingValid=1 (10.2s)
2026-08-23 13:05:26,636 - INFO - GPS status: relPosValid=1, carrSoln=1, headingValid=1 (10.4s)
2026-08-23 13:05:26,829 - INFO - GPS status: relPosValid=1, carrSoln=1, headingValid=1 (10.6s)
2026-08-23 13:05:27,037 - INFO - GPS status: relPosValid=1, carrSoln=1, headingValid=1 (10.8s)
2026-08-23 13:05:27,233 - INFO - GPS status: relPosValid=1, carrSoln=1, headingValid=1 (11.0s)
2026-08-23 13:05:27,429 - INFO - GPS status: relPosValid=1, carrSoln=1, headingValid=1 (11.2s)
2026-08-23 13:05:27,634 - INFO - GPS status: relPosValid=1, carrSoln=1, headingValid=1 (11.4s)
2026-08-23 13:05:28,029 - INFO - GPS status: relPosValid=1, carrSoln=1, headingValid=1 (11.8s)
2026-08-23 13:05:28,239 - INFO - GPS status: relPosValid=1, carrSoln=1, headingValid=1 (12.0s)
2026-08-23 13:05:28,433 - INFO - GPS status: relPosValid=1, carrSoln=1, headingValid=1 (12.2s)
2026-08-23 13:05:28,634 - INFO - GPS status: relPosValid=1, carrSoln=1, headingValid=1 (12.4s)
2026-08-23 13:05:28,823 - INFO - GPS status: relPosValid=1, carrSoln=1, headingValid=1 (12.6s)
2026-08-23 13:05:29,030 - INFO - GPS status: relPosValid=1, carrSoln=1, headingValid=1 (12.8s)
2026-08-23 13:05:29,224 - INFO - GPS status: relPosValid=1, carrSoln=1, headingValid=1 (13.0s)
2026-08-23 13:05:29,422 - INFO - GPS status: relPosValid=1, carrSoln=1, headingValid=1 (13.1s)
2026-08-23 13:05:29,627 - INFO - GPS status: relPosValid=1, carrSoln=1, headingValid=1 (13.4s)
2026-08-23 13:05:29,824 - INFO - GPS status: relPosValid=1, carrSoln=1, headingValid=1 (13.6s)
2026-08-23 13:05:30,030 - INFO - GPS status: relPosValid=1, carrSoln=1, headingValid=1 (13.8s)
2026-08-23 13:05:30,228 - INFO - GPS status: relPosValid=1, carrSoln=1, headingValid=1 (14.0s)
2026-08-23 13:05:30,429 - INFO - GPS status: relPosValid=1, carrSoln=1, headingValid=1 (14.2s)
2026-08-23 13:05:30,631 - INFO - GPS status: relPosValid=1, carrSoln=1, headingValid=1 (14.4s)
2026-08-23 13:05:30,833 - INFO - GPS status: relPosValid=1, carrSoln=1, headingValid=1 (14.6s)
2026-08-23 13:05:31,033 - INFO - GPS status: relPosValid=1, carrSoln=1, headingValid=1 (14.8s)
2026-08-23 13:05:31,226 - INFO - GPS status: relPosValid=1, carrSoln=1, headingValid=1 (15.0s)
2026-08-23 13:05:31,427 - INFO - GPS status: relPosValid=1, carrSoln=1, headingValid=1 (15.2s)
2026-08-23 13:05:31,633 - INFO - GPS status: relPosValid=1, carrSoln=1, headingValid=1 (15.4s)
2026-08-23 13:05:31,830 - INFO - GPS status: relPosValid=1, carrSoln=1, headingValid=1 (15.6s)
2026-08-23 13:05:32,035 - INFO - GPS status: relPosValid=1, carrSoln=1, headingValid=1 (15.8s)
2026-08-23 13:05:32,223 - INFO - GPS status: relPosValid=1, carrSoln=1, headingValid=1 (16.0s)
2026-08-23 13:05:32,438 - INFO - GPS status: relPosValid=1, carrSoln=1, headingValid=1 (16.2s)
2026-08-23 13:05:32,628 - INFO - GPS status: relPosValid=1, carrSoln=1, headingValid=1 (16.4s)
2026-08-23 13:05:32,831 - INFO - GPS status: relPosValid=1, carrSoln=1, headingValid=1 (16.6s)
2026-08-23 13:05:33,031 - INFO - GPS status: relPosValid=1, carrSoln=1, headingValid=1 (16.8s)
2026-08-23 13:05:33,225 - INFO - GPS status: relPosValid=1, carrSoln=1, headingValid=1 (17.0s)
2026-08-23 13:05:33,426 - INFO - GPS status: relPosValid=1, carrSoln=1, headingValid=1 (17.2s)
2026-08-23 13:05:33,626 - INFO - GPS status: relPosValid=1, carrSoln=1, headingValid=1 (17.4s)
2026-08-23 13:05:33,829 - INFO - GPS status: relPosValid=1, carrSoln=1, headingValid=1 (17.6s)
2026-08-23 13:05:34,030 - INFO - GPS status: relPosValid=1, carrSoln=1, headingValid=1 (17.8s)
2026-08-23 13:05:34,227 - INFO - GPS status: relPosValid=1, carrSoln=1, headingValid=1 (18.0s)
2026-08-23 13:05:34,436 - INFO - GPS status: relPosValid=1, carrSoln=1, headingValid=1 (18.2s)
2026-08-23 13:05:34,627 - INFO - GPS status: relPosValid=1, carrSoln=1, headingValid=1 (18.4s)
2026-08-23 13:05:34,826 - INFO - GPS status: relPosValid=1, carrSoln=1, headingValid=1 (18.6s)
2026-08-23 13:05:35,031 - INFO - GPS status: relPosValid=1, carrSoln=1, headingValid=1 (18.8s)
2026-08-23 13:05:35,227 - INFO - GPS status: relPosValid=1, carrSoln=1, headingValid=1 (19.0s)
2026-08-23 13:05:35,424 - INFO - GPS status: relPosValid=1, carrSoln=1, headingValid=1 (19.2s)
2026-08-23 13:05:35,626 - INFO - GPS status: relPosValid=1, carrSoln=1, headingValid=1 (19.4s)
2026-08-23 13:05:35,824 - INFO - GPS status: relPosValid=1, carrSoln=1, headingValid=1 (19.6s)
2026-08-23 13:05:36,032 - INFO - GPS status: relPosValid=1, carrSoln=1, headingValid=1 (19.8s)
2026-08-23 13:05:36,227 - INFO - GPS status: relPosValid=1, carrSoln=1, headingValid=1 (20.0s)
2026-08-23 13:05:36,438 - INFO - GPS status: relPosValid=1, carrSoln=1, headingValid=1 (20.2s)
2026-08-23 13:05:36,625 - INFO - GPS status: relPosValid=1, carrSoln=1, headingValid=1 (20.4s)
2026-08-23 13:05:36,828 - INFO - GPS status: relPosValid=1, carrSoln=1, headingValid=1 (20.6s)
2026-08-23 13:05:37,034 - INFO - GPS status: relPosValid=1, carrSoln=1, headingValid=1 (20.8s)
2026-08-23 13:05:37,225 - INFO - GPS status: relPosValid=1, carrSoln=1, headingValid=1 (21.0s)
2026-08-23 13:05:37,427 - INFO - GPS status: relPosValid=1, carrSoln=1, headingValid=1 (21.2s)
2026-08-23 13:05:37,632 - INFO - GPS status: relPosValid=1, carrSoln=1, headingValid=1 (21.4s)
2026-08-23 13:05:37,830 - INFO - GPS status: relPosValid=1, carrSoln=1, headingValid=1 (21.6s)
2026-08-23 13:05:38,032 - INFO - GPS status: relPosValid=1, carrSoln=1, headingValid=1 (21.8s)
2026-08-23 13:05:38,229 - INFO - GPS status: relPosValid=1, carrSoln=1, headingValid=1 (22.0s)
2026-08-23 13:05:38,435 - INFO - GPS status: relPosValid=1, carrSoln=1, headingValid=1 (22.2s)
2026-08-23 13:05:38,639 - INFO - GPS status: relPosValid=1, carrSoln=1, headingValid=1 (22.4s)
2026-08-23 13:05:38,840 - INFO - GPS status: relPosValid=1, carrSoln=1, headingValid=1 (22.6s)
2026-08-23 13:05:39,048 - INFO - GPS status: relPosValid=1, carrSoln=1, headingValid=1 (22.8s)
2026-08-23 13:05:39,242 - INFO - GPS status: relPosValid=1, carrSoln=1, headingValid=1 (23.0s)
2026-08-23 13:05:39,444 - INFO - GPS status: relPosValid=1, carrSoln=1, headingValid=1 (23.2s)
2026-08-23 13:05:39,650 - INFO - GPS status: relPosValid=1, carrSoln=1, headingValid=1 (23.4s)
2026-08-23 13:05:39,857 - INFO - GPS status: relPosValid=1, carrSoln=1, headingValid=1 (23.6s)
2026-08-23 13:05:40,060 - INFO - GPS status: relPosValid=1, carrSoln=1, headingValid=1 (23.8s)
2026-08-23 13:05:40,255 - INFO - GPS status: relPosValid=1, carrSoln=1, headingValid=1 (24.0s)
2026-08-23 13:05:40,481 - INFO - GPS status: relPosValid=1, carrSoln=1, headingValid=1 (24.2s)
2026-08-23 13:05:40,678 - INFO - GPS status: relPosValid=1, carrSoln=1, headingValid=1 (24.4s)
2026-08-23 13:05:40,869 - INFO - GPS status: relPosValid=1, carrSoln=1, headingValid=1 (24.6s)
2026-08-23 13:05:41,073 - INFO - GPS status: relPosValid=1, carrSoln=1, headingValid=1 (24.8s)
2026-08-23 13:05:41,463 - INFO - GPS status: relPosValid=1, carrSoln=1, headingValid=1 (25.2s)
2026-08-23 13:05:41,671 - INFO - GPS status: relPosValid=1, carrSoln=1, headingValid=1 (25.4s)
2026-08-23 13:05:41,866 - INFO - GPS status: relPosValid=1, carrSoln=1, headingValid=1 (25.6s)
2026-08-23 13:05:42,064 - INFO - GPS status: relPosValid=1, carrSoln=1, headingValid=1 (25.8s)
2026-08-23 13:05:42,266 - INFO - GPS status: relPosValid=1, carrSoln=1, headingValid=1 (26.0s)
2026-08-23 13:05:42,470 - INFO - GPS status: relPosValid=1, carrSoln=1, headingValid=1 (26.2s)
2026-08-23 13:05:42,664 - INFO - GPS status: relPosValid=1, carrSoln=1, headingValid=1 (26.4s)
2026-08-23 13:05:42,860 - INFO - GPS status: relPosValid=1, carrSoln=1, headingValid=1 (26.6s)
2026-08-23 13:05:43,068 - INFO - GPS status: relPosValid=1, carrSoln=1, headingValid=1 (26.8s)
2026-08-23 13:05:43,263 - INFO - GPS status: relPosValid=1, carrSoln=1, headingValid=1 (27.0s)
2026-08-23 13:05:43,461 - INFO - GPS status: relPosValid=1, carrSoln=1, headingValid=1 (27.2s)
2026-08-23 13:05:43,669 - INFO - GPS status: relPosValid=1, carrSoln=1, headingValid=1 (27.4s)
2026-08-23 13:05:43,868 - INFO - GPS status: relPosValid=1, carrSoln=1, headingValid=1 (27.6s)
2026-08-23 13:05:44,076 - INFO - GPS status: relPosValid=1, carrSoln=1, headingValid=1 (27.8s)
2026-08-23 13:05:44,275 - INFO - GPS status: relPosValid=1, carrSoln=1, headingValid=1 (28.0s)
2026-08-23 13:05:44,490 - INFO - GPS status: relPosValid=1, carrSoln=1, headingValid=1 (28.2s)
2026-08-23 13:05:44,667 - INFO - GPS status: relPosValid=1, carrSoln=1, headingValid=1 (28.4s)
2026-08-23 13:05:44,878 - INFO - GPS status: relPosValid=1, carrSoln=1, headingValid=1 (28.6s)
2026-08-23 13:05:45,078 - INFO - GPS status: relPosValid=1, carrSoln=1, headingValid=1 (28.8s)
2026-08-23 13:05:45,273 - INFO - GPS status: relPosValid=1, carrSoln=1, headingValid=1 (29.0s)
2026-08-23 13:05:45,475 - INFO - GPS status: relPosValid=1, carrSoln=1, headingValid=1 (29.2s)
2026-08-23 13:05:45,676 - INFO - GPS status: relPosValid=1, carrSoln=1, headingValid=1 (29.4s)
2026-08-23 13:05:45,879 - INFO - GPS status: relPosValid=1, carrSoln=1, headingValid=1 (29.6s)
2026-08-23 13:05:46,084 - INFO - GPS status: relPosValid=1, carrSoln=1, headingValid=1 (29.8s)
2026-08-23 13:05:46,275 - INFO - GPS status: relPosValid=1, carrSoln=1, headingValid=1 (30.0s)
2026-08-23 13:05:46,481 - INFO - GPS status: relPosValid=1, carrSoln=1, headingValid=1 (30.2s)
2026-08-23 13:05:46,679 - INFO - GPS status: relPosValid=1, carrSoln=1, headingValid=1 (30.4s)
2026-08-23 13:05:46,882 - INFO - GPS status: relPosValid=1, carrSoln=1, headingValid=1 (30.6s)
2026-08-23 13:05:47,086 - INFO - GPS status: relPosValid=1, carrSoln=1, headingValid=1 (30.8s)
2026-08-23 13:05:47,286 - INFO - GPS status: relPosValid=1, carrSoln=1, headingValid=1 (31.0s)
2026-08-23 13:05:47,481 - INFO - GPS status: relPosValid=1, carrSoln=1, headingValid=1 (31.2s)
2026-08-23 13:05:47,684 - INFO - GPS status: relPosValid=1, carrSoln=1, headingValid=1 (31.4s)
2026-08-23 13:05:47,889 - INFO - GPS status: relPosValid=1, carrSoln=1, headingValid=1 (31.6s)
2026-08-23 13:05:48,096 - INFO - GPS status: relPosValid=1, carrSoln=1, headingValid=1 (31.8s)
2026-08-23 13:05:48,273 - INFO - GPS status: relPosValid=1, carrSoln=1, headingValid=1 (32.0s)
2026-08-23 13:05:48,494 - INFO - GPS status: relPosValid=1, carrSoln=1, headingValid=1 (32.2s)
2026-08-23 13:05:48,682 - INFO - GPS status: relPosValid=1, carrSoln=1, headingValid=1 (32.4s)
2026-08-23 13:05:48,881 - INFO - GPS status: relPosValid=1, carrSoln=1, headingValid=1 (32.6s)
2026-08-23 13:05:49,090 - INFO - GPS status: relPosValid=1, carrSoln=1, headingValid=1 (32.8s)
2026-08-23 13:05:49,282 - INFO - GPS status: relPosValid=1, carrSoln=1, headingValid=1 (33.0s)
2026-08-23 13:05:49,481 - INFO - GPS status: relPosValid=1, carrSoln=1, headingValid=1 (33.2s)
2026-08-23 13:05:49,684 - INFO - GPS status: relPosValid=1, carrSoln=1, headingValid=1 (33.4s)
2026-08-23 13:05:49,883 - INFO - GPS status: relPosValid=1, carrSoln=1, headingValid=1 (33.6s)
2026-08-23 13:05:50,084 - INFO - GPS status: relPosValid=1, carrSoln=1, headingValid=1 (33.8s)
2026-08-23 13:05:50,285 - INFO - GPS status: relPosValid=1, carrSoln=1, headingValid=1 (34.0s)
2026-08-23 13:05:50,495 - INFO - GPS status: relPosValid=1, carrSoln=1, headingValid=1 (34.2s)
2026-08-23 13:05:50,683 - INFO - GPS status: relPosValid=1, carrSoln=1, headingValid=1 (34.4s)
2026-08-23 13:05:50,882 - INFO - GPS status: relPosValid=1, carrSoln=1, headingValid=1 (34.6s)
2026-08-23 13:05:51,090 - INFO - GPS status: relPosValid=1, carrSoln=1, headingValid=1 (34.8s)
2026-08-23 13:05:51,286 - INFO - GPS status: relPosValid=1, carrSoln=1, headingValid=1 (35.0s)
2026-08-23 13:05:51,486 - INFO - GPS status: relPosValid=1, carrSoln=1, headingValid=1 (35.2s)
2026-08-23 13:05:51,687 - INFO - GPS status: relPosValid=1, carrSoln=1, headingValid=1 (35.4s)
2026-08-23 13:05:51,882 - INFO - GPS status: relPosValid=1, carrSoln=1, headingValid=1 (35.6s)
2026-08-23 13:05:52,085 - INFO - STOP requested (signal 2) while waiting for GPS RTK fix - shutting down
2026-08-23 13:05:52,099 - INFO - Actuators commanded to neutral (1100) -- Repeat exit - returning to neutral
2026-08-23 13:05:52,102 - INFO - Shutdown: actuators confirmed at neutral (Repeat exit - returning to neutral)
2026-08-23 13:05:52,102 - INFO - GREEN_LED GPIO cleaned up successfully
