2026-09-13 11:27:22,698 - INFO - Logging initialized to /home/dali/Documents/ReMow-Rover-Tests/Repeat/Logs/readRecordedRun-2026-09-13_11-27-22.log
2026-09-13 11:27:22,701 - INFO - RoboClaw opened successfully on /dev/serial/by-id/usb-Basicmicro_Inc._USB_Roboclaw_2x15A-if00
2026-09-13 11:27:23,002 - INFO - Encoders reset to zero
2026-09-13 11:27:23,002 - INFO - Starting readRecordedRun with combination: 66
2026-09-13 11:27:23,002 - INFO - Selected most recent recording: 66_20260830-114454_GPSData.csv
2026-09-13 11:27:23,006 - INFO - GREEN_LED initialized on GPIO 17
2026-09-13 11:27:23,013 - INFO - Navigation CSV initialized at /home/dali/Documents/ReMow-Rover-Tests/Repeat/2026-09-13_11-27-23_navigation_log.csv
2026-09-13 11:27:23,014 - INFO - ENU origin from first waypoint: 37.9008976667, -97.6641736667
2026-09-13 11:27:23,084 - INFO - Path model: 35 rows -> 30 points -> 29 segments, 37.2m total, leading dwell 2.0s
2026-09-13 11:27:23,084 - WARNING - guidance config: minimum_path_turn_radius (0.0) is at or below track_width/2 (0.35) -- the INNER WHEEL REVERSES and the mower PIVOTS instead of turning. Actuators saturate to full opposite lock. This is the 2026-07-05 death-spiral configuration; supervised operation only.
2026-09-13 11:27:23,084 - INFO - === GUIDANCE: gary_arrows === tangent_window=3.0m lookahead=2.0m+0.8s*v [1.5-5.0m] kappa_max=unbounded (no minimum radius) slew=0.6/m/s deadband=0.04/m
2026-09-13 11:27:23,084 - WARNING - UNVALIDATED GUIDANCE MODE 'gary_arrows' IS ACTIVE. This steering law has not been field-validated on this machine. Supervised operation only; blade disabled; operator within reach of the physical kill switch.
2026-09-13 11:27:23,098 - INFO - Actuators commanded to neutral (1100) -- Startup - ensuring neutral position
2026-09-13 11:27:23,098 - INFO - Actuators initialized to neutral (1100)
2026-09-13 11:27:23,098 - WARNING - === SKIP-ACQUIRE ENABLED (path_resume_nearest=True) ===
2026-09-13 11:27:23,098 - WARNING - ACQUIRE is BYPASSED. Repeat will start in TRACK at the nearest projection on the recorded path; the recorded start point is NOT driven to. This is a gary_arrows TRACK test.
2026-09-13 11:27:23,098 - WARNING - Refuses to start if cross-track exceeds infm (path_resume_max_cross_track). Rollback: set path_resume_nearest=False for normal ACQUIRE.
2026-09-13 11:27:23,098 - WARNING - On a LOOPED route this starts wherever the mower is parked, which may be a later leg. Park it where you intend the run to begin.
2026-09-13 11:27:23,098 - INFO - === UNIFIED PATH FOLLOWER INITIALIZED ===
2026-09-13 11:27:23,098 - INFO - First segment: heading 2.5°, length 0.33m; path ends at (3.30E, 2.61N)
2026-09-13 11:27:23,098 - INFO - Initial state: FOLLOWING_PATH (follower mode ACQUIRE)
2026-09-13 11:27:23,098 - INFO - Acquire timeout: 300.0s
2026-09-13 11:27:23,098 - INFO - === WAITING FOR GPS RTK FIX ===
2026-09-13 11:27:23,098 - INFO - Need: relPosValid=1, carrSoln=2, relPosHeadingValid=1 (timeout: 60.0s)
2026-09-13 11:27:23,127 - INFO - GPS status: relPosValid=1, carrSoln=2, headingValid=1 (0.0s)
2026-09-13 11:27:23,127 - INFO - === GPS RTK FIXED — ready to navigate (0.0s) ===
2026-09-13 11:27:23,128 - INFO - Using persisted heading from driving to work area: 72.34° (captured at 2026-09-13 11:27:04)
2026-09-13 11:27:23,315 - INFO - 2026-09-13 11:27:23 Initial Moving Baseline state: active
2026-09-13 11:27:23,315 - INFO - 2026-09-13 11:27:23 Initial carrier solution: fixed
2026-09-13 11:27:23,315 - INFO - 2026-09-13 11:27:23 [3.4 OBSERVED] current_turn_radius: infm
2026-09-13 11:27:23,315 - INFO - 2026-09-13 11:27:23 [3.4 OBSERVED] turn_direction: STRAIGHT
2026-09-13 11:27:23,315 - INFO - 2026-09-13 11:27:23 [3.4 OBSERVED] estimated left/right wheel speeds: 0.009, 0.009 m/s
2026-09-13 11:27:23,318 - INFO - 2026-09-13 11:27:23 [STATE] Current state: FOLLOWING_PATH
2026-09-13 11:27:23,318 - INFO - 2026-09-13 11:27:23 [SPEED] tight-turn cap: R=1.34m -> 0.669 m/s
2026-09-13 11:27:23,318 - WARNING - 2026-09-13 11:27:23 [FOLLOW] ACQUIRE SKIPPED -> TRACK at nearest projection: progress=0.00m of 37.2m (remaining 37.2m), cross=3.12m (limit infm), heading=73.9°, target_progress=0.00m, target=(0.00,0.00), alpha=-54.4°
2026-09-13 11:27:23,318 - WARNING - 2026-09-13 11:27:23 [FOLLOW] GARY_ARROWS TRACK GUIDANCE IS NOW ACTIVE - this run evaluates it from epoch one; the recorded start point was never driven to
2026-09-13 11:27:23,318 - INFO - 2026-09-13 11:27:23 [FOLLOW] TRACK: progress=0.00m/37.2m seg=0 cross=3.12m alpha=-54.4° target=(0.00,0.00) R=1.34 LEFT v=0.67 dwell=0.0s
2026-09-13 11:27:23,319 - INFO - 2026-09-13 11:27:23 Turn: LEFT, R: 1.34m, v_L: 0.49 m/s, v_R: 0.84 m/s
2026-09-13 11:27:23,319 - INFO - 2026-09-13 11:27:23 left_actuator_position: 959 (counts) from v_L 0.494 m/s
2026-09-13 11:27:23,319 - INFO - 2026-09-13 11:27:23 right_actuator_position: 689 (counts) from v_R 0.844 m/s
2026-09-13 11:27:23,332 - INFO - Sent actuator positions to RoboClaw → M1 (left): 959, M2 (right): 689 (counts)
2026-09-13 11:27:23,332 - INFO - 2026-09-13 11:27:23 APPLY → left_pos: 959, right_pos: 689 (counts), v_L: 0.49 m/s, v_R: 0.84 m/s
2026-09-13 11:27:23,332 - INFO - 2026-09-13 11:27:23 Path tracking needs correction: heading_ok=False (alpha=54.4deg), distance_ok=False (cross=3.120m)
2026-09-13 11:27:23,511 - INFO - 2026-09-13 11:27:23 [3.4 OBSERVED] current_turn_radius: infm
2026-09-13 11:27:23,511 - INFO - 2026-09-13 11:27:23 [3.4 OBSERVED] turn_direction: RIGHT
2026-09-13 11:27:23,511 - INFO - 2026-09-13 11:27:23 [3.4 OBSERVED] estimated left/right wheel speeds: nan, nan m/s
2026-09-13 11:27:23,515 - INFO - 2026-09-13 11:27:23 [STATE] Current state: FOLLOWING_PATH
2026-09-13 11:27:23,515 - INFO - 2026-09-13 11:27:23 [SPEED] tight-turn cap: R=1.34m -> 0.668 m/s
2026-09-13 11:27:23,515 - INFO - 2026-09-13 11:27:23 [FOLLOW] TRACK: progress=0.00m/37.2m seg=0 cross=3.12m alpha=-54.5° target=(0.00,0.00) R=1.34 LEFT v=0.67 dwell=0.0s
2026-09-13 11:27:23,515 - INFO - 2026-09-13 11:27:23 Turn: LEFT, R: 1.34m, v_L: 0.49 m/s, v_R: 0.84 m/s
2026-09-13 11:27:23,515 - INFO - 2026-09-13 11:27:23 left_actuator_position: 960 (counts) from v_L 0.493 m/s
2026-09-13 11:27:23,515 - INFO - 2026-09-13 11:27:23 right_actuator_position: 690 (counts) from v_R 0.843 m/s
2026-09-13 11:27:23,529 - INFO - Sent actuator positions to RoboClaw → M1 (left): 960, M2 (right): 690 (counts)
2026-09-13 11:27:23,529 - INFO - 2026-09-13 11:27:23 APPLY → left_pos: 960, right_pos: 690 (counts), v_L: 0.49 m/s, v_R: 0.84 m/s
2026-09-13 11:27:23,529 - INFO - 2026-09-13 11:27:23 Path tracking needs correction: heading_ok=False (alpha=54.5deg), distance_ok=False (cross=3.120m)
2026-09-13 11:27:23,713 - INFO - 2026-09-13 11:27:23 [3.4 OBSERVED] current_turn_radius: infm
2026-09-13 11:27:23,713 - INFO - 2026-09-13 11:27:23 [3.4 OBSERVED] turn_direction: RIGHT
2026-09-13 11:27:23,713 - INFO - 2026-09-13 11:27:23 [3.4 OBSERVED] estimated left/right wheel speeds: nan, nan m/s
2026-09-13 11:27:23,716 - INFO - 2026-09-13 11:27:23 [STATE] Current state: FOLLOWING_PATH
2026-09-13 11:27:23,716 - INFO - 2026-09-13 11:27:23 [SPEED] tight-turn cap: R=1.33m -> 0.667 m/s
2026-09-13 11:27:23,716 - INFO - 2026-09-13 11:27:23 [FOLLOW] TRACK: progress=0.00m/37.2m seg=0 cross=3.12m alpha=-54.5° target=(0.00,0.00) R=1.33 LEFT v=0.67 dwell=0.0s
2026-09-13 11:27:23,716 - INFO - 2026-09-13 11:27:23 Turn: LEFT, R: 1.33m, v_L: 0.49 m/s, v_R: 0.84 m/s
2026-09-13 11:27:23,716 - INFO - 2026-09-13 11:27:23 left_actuator_position: 960 (counts) from v_L 0.492 m/s
2026-09-13 11:27:23,716 - INFO - 2026-09-13 11:27:23 right_actuator_position: 690 (counts) from v_R 0.842 m/s
2026-09-13 11:27:23,730 - INFO - Sent actuator positions to RoboClaw → M1 (left): 960, M2 (right): 690 (counts)
2026-09-13 11:27:23,730 - INFO - 2026-09-13 11:27:23 APPLY → left_pos: 960, right_pos: 690 (counts), v_L: 0.49 m/s, v_R: 0.84 m/s
2026-09-13 11:27:23,730 - INFO - 2026-09-13 11:27:23 Path tracking needs correction: heading_ok=False (alpha=54.5deg), distance_ok=False (cross=3.120m)
2026-09-13 11:27:23,906 - INFO - 2026-09-13 11:27:23 [3.4 OBSERVED] current_turn_radius: infm
2026-09-13 11:27:23,907 - INFO - 2026-09-13 11:27:23 [3.4 OBSERVED] turn_direction: LEFT
2026-09-13 11:27:23,907 - INFO - 2026-09-13 11:27:23 [3.4 OBSERVED] estimated left/right wheel speeds: nan, nan m/s
2026-09-13 11:27:23,909 - INFO - 2026-09-13 11:27:23 [STATE] Current state: FOLLOWING_PATH
2026-09-13 11:27:23,909 - INFO - 2026-09-13 11:27:23 [SPEED] tight-turn cap: R=1.34m -> 0.669 m/s
2026-09-13 11:27:23,909 - INFO - 2026-09-13 11:27:23 [FOLLOW] TRACK: progress=0.00m/37.2m seg=0 cross=3.12m alpha=-54.4° target=(0.00,0.00) R=1.34 LEFT v=0.67 dwell=0.0s
2026-09-13 11:27:23,909 - INFO - 2026-09-13 11:27:23 Turn: LEFT, R: 1.34m, v_L: 0.49 m/s, v_R: 0.84 m/s
2026-09-13 11:27:23,909 - INFO - 2026-09-13 11:27:23 left_actuator_position: 959 (counts) from v_L 0.494 m/s
2026-09-13 11:27:23,909 - INFO - 2026-09-13 11:27:23 right_actuator_position: 690 (counts) from v_R 0.844 m/s
2026-09-13 11:27:23,923 - INFO - Sent actuator positions to RoboClaw → M1 (left): 959, M2 (right): 690 (counts)
2026-09-13 11:27:23,923 - INFO - 2026-09-13 11:27:23 APPLY → left_pos: 959, right_pos: 690 (counts), v_L: 0.49 m/s, v_R: 0.84 m/s
2026-09-13 11:27:23,923 - INFO - 2026-09-13 11:27:23 Path tracking needs correction: heading_ok=False (alpha=54.4deg), distance_ok=False (cross=3.120m)
2026-09-13 11:27:24,130 - INFO - 2026-09-13 11:27:24 [3.4 OBSERVED] current_turn_radius: 5.31m
2026-09-13 11:27:24,130 - INFO - 2026-09-13 11:27:24 [3.4 OBSERVED] turn_direction: LEFT
2026-09-13 11:27:24,130 - INFO - 2026-09-13 11:27:24 [3.4 OBSERVED] estimated left/right wheel speeds: 0.230, 0.262 m/s
2026-09-13 11:27:24,133 - INFO - 2026-09-13 11:27:24 [STATE] Current state: FOLLOWING_PATH
2026-09-13 11:27:24,133 - INFO - 2026-09-13 11:27:24 [SPEED] tight-turn cap: R=1.29m -> 0.646 m/s
2026-09-13 11:27:24,133 - INFO - 2026-09-13 11:27:24 [FOLLOW] TRACK: progress=0.00m/37.2m seg=0 cross=3.09m alpha=-54.5° target=(0.00,0.00) R=1.29 LEFT v=0.65 dwell=0.0s
2026-09-13 11:27:24,133 - INFO - 2026-09-13 11:27:24 Turn: LEFT, R: 1.29m, v_L: 0.47 m/s, v_R: 0.82 m/s
2026-09-13 11:27:24,133 - INFO - 2026-09-13 11:27:24 left_actuator_position: 976 (counts) from v_L 0.471 m/s
2026-09-13 11:27:24,133 - INFO - 2026-09-13 11:27:24 right_actuator_position: 707 (counts) from v_R 0.821 m/s
2026-09-13 11:27:24,146 - INFO - Sent actuator positions to RoboClaw → M1 (left): 976, M2 (right): 707 (counts)
2026-09-13 11:27:24,146 - INFO - 2026-09-13 11:27:24 APPLY → left_pos: 976, right_pos: 707 (counts), v_L: 0.47 m/s, v_R: 0.82 m/s
2026-09-13 11:27:24,146 - INFO - 2026-09-13 11:27:24 Path tracking needs correction: heading_ok=False (alpha=54.5deg), distance_ok=False (cross=3.088m)
2026-09-13 11:27:24,296 - INFO - 2026-09-13 11:27:24 [3.4 OBSERVED] current_turn_radius: 87.42m
2026-09-13 11:27:24,296 - INFO - 2026-09-13 11:27:24 [3.4 OBSERVED] turn_direction: RIGHT
2026-09-13 11:27:24,296 - INFO - 2026-09-13 11:27:24 [3.4 OBSERVED] estimated left/right wheel speeds: 0.556, 0.551 m/s
2026-09-13 11:27:24,299 - INFO - 2026-09-13 11:27:24 [STATE] Current state: FOLLOWING_PATH
2026-09-13 11:27:24,299 - INFO - 2026-09-13 11:27:24 [SPEED] tight-turn cap: R=1.12m -> 0.558 m/s
2026-09-13 11:27:24,299 - INFO - 2026-09-13 11:27:24 [FOLLOW] TRACK: progress=0.00m/37.2m seg=0 cross=3.07m alpha=-56.7° target=(0.00,0.00) R=1.12 LEFT v=0.56 dwell=0.0s
2026-09-13 11:27:24,299 - INFO - 2026-09-13 11:27:24 Turn: LEFT, R: 1.12m, v_L: 0.38 m/s, v_R: 0.73 m/s
2026-09-13 11:27:24,299 - INFO - 2026-09-13 11:27:24 left_actuator_position: 1044 (counts) from v_L 0.383 m/s
2026-09-13 11:27:24,299 - INFO - 2026-09-13 11:27:24 right_actuator_position: 775 (counts) from v_R 0.733 m/s
2026-09-13 11:27:24,313 - INFO - Sent actuator positions to RoboClaw → M1 (left): 1044, M2 (right): 775 (counts)
2026-09-13 11:27:24,313 - INFO - 2026-09-13 11:27:24 APPLY → left_pos: 1044, right_pos: 775 (counts), v_L: 0.38 m/s, v_R: 0.73 m/s
2026-09-13 11:27:24,313 - INFO - 2026-09-13 11:27:24 Path tracking needs correction: heading_ok=False (alpha=56.7deg), distance_ok=False (cross=3.070m)
2026-09-13 11:27:24,498 - INFO - 2026-09-13 11:27:24 [3.4 OBSERVED] current_turn_radius: 3.84m
2026-09-13 11:27:24,498 - INFO - 2026-09-13 11:27:24 [3.4 OBSERVED] turn_direction: LEFT
2026-09-13 11:27:24,498 - INFO - 2026-09-13 11:27:24 [3.4 OBSERVED] estimated left/right wheel speeds: 0.550, 0.660 m/s
2026-09-13 11:27:24,500 - INFO - 2026-09-13 11:27:24 [STATE] Current state: FOLLOWING_PATH
2026-09-13 11:27:24,500 - INFO - 2026-09-13 11:27:24 [SPEED] tight-turn cap: R=0.96m -> 0.500 m/s
2026-09-13 11:27:24,500 - INFO - 2026-09-13 11:27:24 [FOLLOW] TRACK: progress=0.00m/37.2m seg=0 cross=3.02m alpha=-57.2° target=(0.00,0.00) R=0.96 LEFT v=0.50 dwell=0.0s
2026-09-13 11:27:24,500 - INFO - 2026-09-13 11:27:24 Turn: LEFT, R: 0.96m, v_L: 0.32 m/s, v_R: 0.68 m/s
2026-09-13 11:27:24,500 - INFO - 2026-09-13 11:27:24 left_actuator_position: 1094 (counts) from v_L 0.318 m/s
2026-09-13 11:27:24,500 - INFO - 2026-09-13 11:27:24 right_actuator_position: 814 (counts) from v_R 0.682 m/s
2026-09-13 11:27:24,513 - INFO - Sent actuator positions to RoboClaw → M1 (left): 1094, M2 (right): 814 (counts)
2026-09-13 11:27:24,513 - INFO - 2026-09-13 11:27:24 APPLY → left_pos: 1094, right_pos: 814 (counts), v_L: 0.32 m/s, v_R: 0.68 m/s
2026-09-13 11:27:24,513 - INFO - 2026-09-13 11:27:24 Path tracking needs correction: heading_ok=False (alpha=57.2deg), distance_ok=False (cross=3.017m)
2026-09-13 11:27:24,701 - INFO - 2026-09-13 11:27:24 [3.4 OBSERVED] current_turn_radius: 3.64m
2026-09-13 11:27:24,701 - INFO - 2026-09-13 11:27:24 [3.4 OBSERVED] turn_direction: LEFT
2026-09-13 11:27:24,701 - INFO - 2026-09-13 11:27:24 [3.4 OBSERVED] estimated left/right wheel speeds: 0.572, 0.694 m/s
2026-09-13 11:27:24,703 - INFO - 2026-09-13 11:27:24 [STATE] Current state: FOLLOWING_PATH
2026-09-13 11:27:24,703 - INFO - 2026-09-13 11:27:24 [SPEED] tight-turn cap: R=0.80m -> 0.500 m/s
2026-09-13 11:27:24,703 - INFO - 2026-09-13 11:27:24 [FOLLOW] TRACK: progress=0.00m/37.2m seg=0 cross=2.97m alpha=-57.6° target=(0.00,0.00) R=0.80 LEFT v=0.50 dwell=0.0s
2026-09-13 11:27:24,703 - INFO - 2026-09-13 11:27:24 Turn: LEFT, R: 0.80m, v_L: 0.28 m/s, v_R: 0.72 m/s
2026-09-13 11:27:24,703 - INFO - 2026-09-13 11:27:24 left_actuator_position: 1100 (counts) from v_L 0.281 m/s
2026-09-13 11:27:24,703 - INFO - 2026-09-13 11:27:24 right_actuator_position: 786 (counts) from v_R 0.719 m/s
2026-09-13 11:27:24,716 - INFO - Sent actuator positions to RoboClaw → M1 (left): 1100, M2 (right): 786 (counts)
2026-09-13 11:27:24,716 - INFO - 2026-09-13 11:27:24 APPLY → left_pos: 1100, right_pos: 786 (counts), v_L: 0.28 m/s, v_R: 0.72 m/s
2026-09-13 11:27:24,716 - INFO - 2026-09-13 11:27:24 Path tracking needs correction: heading_ok=False (alpha=57.6deg), distance_ok=False (cross=2.969m)
2026-09-13 11:27:24,901 - INFO - 2026-09-13 11:27:24 [3.4 OBSERVED] current_turn_radius: 2.21m
2026-09-13 11:27:24,901 - INFO - 2026-09-13 11:27:24 [3.4 OBSERVED] turn_direction: LEFT
2026-09-13 11:27:24,902 - INFO - 2026-09-13 11:27:24 [3.4 OBSERVED] estimated left/right wheel speeds: 0.612, 0.842 m/s
2026-09-13 11:27:24,903 - INFO - 2026-09-13 11:27:24 [STATE] Current state: FOLLOWING_PATH
2026-09-13 11:27:24,903 - INFO - 2026-09-13 11:27:24 [SPEED] tight-turn cap: R=0.65m -> 0.500 m/s
2026-09-13 11:27:24,903 - INFO - 2026-09-13 11:27:24 [FOLLOW] TRACK: progress=0.00m/37.2m seg=0 cross=2.91m alpha=-56.2° target=(0.00,0.00) R=0.65 LEFT v=0.50 dwell=0.0s
2026-09-13 11:27:24,903 - INFO - 2026-09-13 11:27:24 Turn: LEFT, R: 0.65m, v_L: 0.23 m/s, v_R: 0.77 m/s
2026-09-13 11:27:24,903 - INFO - 2026-09-13 11:27:24 left_actuator_position: 1100 (counts) from v_L 0.231 m/s
2026-09-13 11:27:24,903 - INFO - 2026-09-13 11:27:24 right_actuator_position: 747 (counts) from v_R 0.769 m/s
2026-09-13 11:27:24,916 - INFO - Sent actuator positions to RoboClaw → M1 (left): 1100, M2 (right): 747 (counts)
2026-09-13 11:27:24,916 - INFO - 2026-09-13 11:27:24 APPLY → left_pos: 1100, right_pos: 747 (counts), v_L: 0.23 m/s, v_R: 0.77 m/s
2026-09-13 11:27:24,916 - INFO - 2026-09-13 11:27:24 Path tracking needs correction: heading_ok=False (alpha=56.2deg), distance_ok=False (cross=2.908m)
2026-09-13 11:27:25,112 - INFO - 2026-09-13 11:27:25 [3.4 OBSERVED] current_turn_radius: 5.39m
2026-09-13 11:27:25,112 - INFO - 2026-09-13 11:27:25 [3.4 OBSERVED] turn_direction: LEFT
2026-09-13 11:27:25,112 - INFO - 2026-09-13 11:27:25 [3.4 OBSERVED] estimated left/right wheel speeds: 0.660, 0.752 m/s
2026-09-13 11:27:25,115 - INFO - 2026-09-13 11:27:25 [STATE] Current state: FOLLOWING_PATH
2026-09-13 11:27:25,115 - INFO - 2026-09-13 11:27:25 [SPEED] tight-turn cap: R=0.44m -> 0.500 m/s
2026-09-13 11:27:25,115 - INFO - 2026-09-13 11:27:25 [FOLLOW] TRACK: progress=0.00m/37.2m seg=0 cross=2.82m alpha=-57.0° target=(0.00,0.00) R=0.44 LEFT v=0.50 dwell=0.0s
2026-09-13 11:27:25,115 - INFO - 2026-09-13 11:27:25 Turn: LEFT, R: 0.44m, v_L: 0.10 m/s, v_R: 0.90 m/s
2026-09-13 11:27:25,115 - INFO - 2026-09-13 11:27:25 left_actuator_position: 1100 (counts) from v_L 0.098 m/s
2026-09-13 11:27:25,115 - INFO - 2026-09-13 11:27:25 right_actuator_position: 645 (counts) from v_R 0.902 m/s
2026-09-13 11:27:25,127 - INFO - Sent actuator positions to RoboClaw → M1 (left): 1100, M2 (right): 645 (counts)
2026-09-13 11:27:25,127 - INFO - 2026-09-13 11:27:25 APPLY → left_pos: 1100, right_pos: 645 (counts), v_L: 0.10 m/s, v_R: 0.90 m/s
2026-09-13 11:27:25,127 - INFO - 2026-09-13 11:27:25 Path tracking needs correction: heading_ok=False (alpha=57.0deg), distance_ok=False (cross=2.815m)
2026-09-13 11:27:25,295 - INFO - 2026-09-13 11:27:25 [3.4 OBSERVED] current_turn_radius: 2.59m
2026-09-13 11:27:25,295 - INFO - 2026-09-13 11:27:25 [3.4 OBSERVED] turn_direction: LEFT
2026-09-13 11:27:25,295 - INFO - 2026-09-13 11:27:25 [3.4 OBSERVED] estimated left/right wheel speeds: 0.394, 0.517 m/s
2026-09-13 11:27:25,299 - INFO - 2026-09-13 11:27:25 [STATE] Current state: FOLLOWING_PATH
2026-09-13 11:27:25,299 - INFO - 2026-09-13 11:27:25 [SPEED] tight-turn cap: R=0.35m -> 0.500 m/s
2026-09-13 11:27:25,299 - INFO - 2026-09-13 11:27:25 [FOLLOW] TRACK: progress=0.00m/37.2m seg=0 cross=2.74m alpha=-56.2° target=(0.00,0.00) R=0.35 LEFT v=0.50 dwell=0.0s
2026-09-13 11:27:25,299 - INFO - 2026-09-13 11:27:25 TIGHT TURN - Reverse wheel motion required (v_L=-0.00, v_R=1.00)
2026-09-13 11:27:25,299 - INFO - 2026-09-13 11:27:25 Turn: LEFT, R: 0.35m, v_L: -0.00 m/s, v_R: 1.00 m/s
2026-09-13 11:27:25,299 - INFO - 2026-09-13 11:27:25 left_actuator_position: 1340 (counts) from v_L -0.002 m/s
2026-09-13 11:27:25,299 - INFO - 2026-09-13 11:27:25 right_actuator_position: 568 (counts) from v_R 1.002 m/s
2026-09-13 11:27:25,313 - INFO - Sent actuator positions to RoboClaw → M1 (left): 1340, M2 (right): 568 (counts)
2026-09-13 11:27:25,313 - INFO - 2026-09-13 11:27:25 APPLY → left_pos: 1340, right_pos: 568 (counts), v_L: -0.00 m/s, v_R: 1.00 m/s
2026-09-13 11:27:25,313 - INFO - 2026-09-13 11:27:25 Path tracking needs correction: heading_ok=False (alpha=56.2deg), distance_ok=False (cross=2.735m)
2026-09-13 11:27:25,496 - INFO - 2026-09-13 11:27:25 [3.4 OBSERVED] current_turn_radius: 3.84m
2026-09-13 11:27:25,496 - INFO - 2026-09-13 11:27:25 [3.4 OBSERVED] turn_direction: LEFT
2026-09-13 11:27:25,496 - INFO - 2026-09-13 11:27:25 [3.4 OBSERVED] estimated left/right wheel speeds: 0.549, 0.659 m/s
2026-09-13 11:27:25,500 - INFO - 2026-09-13 11:27:25 [STATE] Current state: FOLLOWING_PATH
2026-09-13 11:27:25,500 - INFO - 2026-09-13 11:27:25 [FOLLOW] TRACK: progress=0.00m/37.2m seg=0 cross=2.65m alpha=-55.8° target=(0.00,0.00) R=inf STRAIGHT v=0.75 dwell=0.0s
2026-09-13 11:27:25,500 - WARNING - Unexpected turn_direction: STRAIGHT, defaulting to straight
2026-09-13 11:27:25,500 - INFO - 2026-09-13 11:27:25 Turn: STRAIGHT, R: infm, v_L: 0.75 m/s, v_R: 0.75 m/s
2026-09-13 11:27:25,500 - INFO - 2026-09-13 11:27:25 left_actuator_position: 762 (counts) from v_L 0.750 m/s
2026-09-13 11:27:25,500 - INFO - 2026-09-13 11:27:25 right_actuator_position: 762 (counts) from v_R 0.750 m/s
2026-09-13 11:27:25,513 - INFO - Sent actuator positions to RoboClaw → M1 (left): 762, M2 (right): 762 (counts)
2026-09-13 11:27:25,513 - INFO - 2026-09-13 11:27:25 APPLY → left_pos: 762, right_pos: 762 (counts), v_L: 0.75 m/s, v_R: 0.75 m/s
2026-09-13 11:27:25,513 - INFO - 2026-09-13 11:27:25 Path tracking needs correction: heading_ok=False (alpha=55.8deg), distance_ok=False (cross=2.655m)
2026-09-13 11:27:25,702 - INFO - 2026-09-13 11:27:25 [3.4 OBSERVED] current_turn_radius: 4.88m
2026-09-13 11:27:25,702 - INFO - 2026-09-13 11:27:25 [3.4 OBSERVED] turn_direction: LEFT
2026-09-13 11:27:25,702 - INFO - 2026-09-13 11:27:25 [3.4 OBSERVED] estimated left/right wheel speeds: 0.701, 0.809 m/s
2026-09-13 11:27:25,706 - INFO - 2026-09-13 11:27:25 [STATE] Current state: FOLLOWING_PATH
2026-09-13 11:27:25,706 - INFO - 2026-09-13 11:27:25 [SPEED] tight-turn cap: R=1.00m -> 0.500 m/s
2026-09-13 11:27:25,706 - INFO - 2026-09-13 11:27:25 [FOLLOW] TRACK: progress=0.00m/37.2m seg=0 cross=2.54m alpha=-56.4° target=(0.00,0.00) R=1.00 LEFT v=0.50 dwell=0.0s
2026-09-13 11:27:25,706 - INFO - 2026-09-13 11:27:25 Turn: LEFT, R: 1.00m, v_L: 0.33 m/s, v_R: 0.68 m/s
2026-09-13 11:27:25,706 - INFO - 2026-09-13 11:27:25 left_actuator_position: 1088 (counts) from v_L 0.325 m/s
2026-09-13 11:27:25,706 - INFO - 2026-09-13 11:27:25 right_actuator_position: 819 (counts) from v_R 0.675 m/s
2026-09-13 11:27:25,720 - INFO - Sent actuator positions to RoboClaw → M1 (left): 1088, M2 (right): 819 (counts)
2026-09-13 11:27:25,720 - INFO - 2026-09-13 11:27:25 APPLY → left_pos: 1088, right_pos: 819 (counts), v_L: 0.33 m/s, v_R: 0.68 m/s
2026-09-13 11:27:25,720 - INFO - 2026-09-13 11:27:25 Path tracking needs correction: heading_ok=False (alpha=56.4deg), distance_ok=False (cross=2.536m)
2026-09-13 11:27:25,905 - INFO - 2026-09-13 11:27:25 [3.4 OBSERVED] current_turn_radius: 2.80m
2026-09-13 11:27:25,906 - INFO - 2026-09-13 11:27:25 [3.4 OBSERVED] turn_direction: LEFT
2026-09-13 11:27:25,906 - INFO - 2026-09-13 11:27:25 [3.4 OBSERVED] estimated left/right wheel speeds: 0.624, 0.803 m/s
2026-09-13 11:27:25,909 - INFO - 2026-09-13 11:27:25 [STATE] Current state: FOLLOWING_PATH
2026-09-13 11:27:25,909 - INFO - 2026-09-13 11:27:25 [SPEED] tight-turn cap: R=1.00m -> 0.500 m/s
2026-09-13 11:27:25,909 - INFO - 2026-09-13 11:27:25 [FOLLOW] TRACK: progress=0.00m/37.2m seg=0 cross=2.42m alpha=-54.0° target=(0.00,0.00) R=1.00 LEFT v=0.50 dwell=0.0s
2026-09-13 11:27:25,909 - INFO - 2026-09-13 11:27:25 Turn: LEFT, R: 1.00m, v_L: 0.33 m/s, v_R: 0.68 m/s
2026-09-13 11:27:25,909 - INFO - 2026-09-13 11:27:25 left_actuator_position: 1088 (counts) from v_L 0.325 m/s
2026-09-13 11:27:25,909 - INFO - 2026-09-13 11:27:25 right_actuator_position: 819 (counts) from v_R 0.675 m/s
2026-09-13 11:27:25,923 - INFO - Sent actuator positions to RoboClaw → M1 (left): 1088, M2 (right): 819 (counts)
2026-09-13 11:27:25,923 - INFO - 2026-09-13 11:27:25 APPLY → left_pos: 1088, right_pos: 819 (counts), v_L: 0.33 m/s, v_R: 0.68 m/s
2026-09-13 11:27:25,923 - INFO - 2026-09-13 11:27:25 Path tracking needs correction: heading_ok=False (alpha=54.0deg), distance_ok=False (cross=2.424m)
2026-09-13 11:27:26,115 - INFO - 2026-09-13 11:27:26 [3.4 OBSERVED] current_turn_radius: 8.17m
2026-09-13 11:27:26,115 - INFO - 2026-09-13 11:27:26 [3.4 OBSERVED] turn_direction: LEFT
2026-09-13 11:27:26,116 - INFO - 2026-09-13 11:27:26 [3.4 OBSERVED] estimated left/right wheel speeds: 0.823, 0.896 m/s
2026-09-13 11:27:26,119 - INFO - 2026-09-13 11:27:26 [STATE] Current state: FOLLOWING_PATH
2026-09-13 11:27:26,119 - INFO - 2026-09-13 11:27:26 [SPEED] tight-turn cap: R=1.00m -> 0.500 m/s
2026-09-13 11:27:26,119 - INFO - 2026-09-13 11:27:26 [FOLLOW] TRACK: progress=0.00m/37.2m seg=0 cross=2.26m alpha=-54.8° target=(0.00,0.00) R=1.00 LEFT v=0.50 dwell=0.0s
2026-09-13 11:27:26,119 - INFO - 2026-09-13 11:27:26 Turn: LEFT, R: 1.00m, v_L: 0.33 m/s, v_R: 0.68 m/s
2026-09-13 11:27:26,119 - INFO - 2026-09-13 11:27:26 left_actuator_position: 1088 (counts) from v_L 0.325 m/s
2026-09-13 11:27:26,119 - INFO - 2026-09-13 11:27:26 right_actuator_position: 819 (counts) from v_R 0.675 m/s
2026-09-13 11:27:26,133 - INFO - Sent actuator positions to RoboClaw → M1 (left): 1088, M2 (right): 819 (counts)
2026-09-13 11:27:26,133 - INFO - 2026-09-13 11:27:26 APPLY → left_pos: 1088, right_pos: 819 (counts), v_L: 0.33 m/s, v_R: 0.68 m/s
2026-09-13 11:27:26,133 - INFO - 2026-09-13 11:27:26 Path tracking needs correction: heading_ok=False (alpha=54.8deg), distance_ok=False (cross=2.257m)
2026-09-13 11:27:26,301 - INFO - 2026-09-13 11:27:26 [3.4 OBSERVED] current_turn_radius: 2.90m
2026-09-13 11:27:26,301 - INFO - 2026-09-13 11:27:26 [3.4 OBSERVED] turn_direction: LEFT
2026-09-13 11:27:26,301 - INFO - 2026-09-13 11:27:26 [3.4 OBSERVED] estimated left/right wheel speeds: 0.540, 0.688 m/s
2026-09-13 11:27:26,303 - INFO - 2026-09-13 11:27:26 [STATE] Current state: FOLLOWING_PATH
2026-09-13 11:27:26,303 - INFO - 2026-09-13 11:27:26 [SPEED] tight-turn cap: R=1.00m -> 0.500 m/s
2026-09-13 11:27:26,303 - INFO - 2026-09-13 11:27:26 [FOLLOW] TRACK: progress=0.00m/37.2m seg=0 cross=2.11m alpha=-52.6° target=(0.00,0.00) R=1.00 LEFT v=0.50 dwell=0.0s
2026-09-13 11:27:26,303 - INFO - 2026-09-13 11:27:26 Turn: LEFT, R: 1.00m, v_L: 0.33 m/s, v_R: 0.68 m/s
2026-09-13 11:27:26,303 - INFO - 2026-09-13 11:27:26 left_actuator_position: 1088 (counts) from v_L 0.325 m/s
2026-09-13 11:27:26,303 - INFO - 2026-09-13 11:27:26 right_actuator_position: 819 (counts) from v_R 0.675 m/s
2026-09-13 11:27:26,317 - INFO - Sent actuator positions to RoboClaw → M1 (left): 1088, M2 (right): 819 (counts)
2026-09-13 11:27:26,317 - INFO - 2026-09-13 11:27:26 APPLY → left_pos: 1088, right_pos: 819 (counts), v_L: 0.33 m/s, v_R: 0.68 m/s
2026-09-13 11:27:26,317 - INFO - 2026-09-13 11:27:26 Path tracking needs correction: heading_ok=False (alpha=52.6deg), distance_ok=False (cross=2.109m)
2026-09-13 11:27:26,500 - INFO - 2026-09-13 11:27:26 [3.4 OBSERVED] current_turn_radius: 4.15m
2026-09-13 11:27:26,500 - INFO - 2026-09-13 11:27:26 [3.4 OBSERVED] turn_direction: LEFT
2026-09-13 11:27:26,500 - INFO - 2026-09-13 11:27:26 [3.4 OBSERVED] estimated left/right wheel speeds: 0.325, 0.384 m/s
2026-09-13 11:27:26,503 - INFO - 2026-09-13 11:27:26 [STATE] Current state: FOLLOWING_PATH
2026-09-13 11:27:26,503 - INFO - 2026-09-13 11:27:26 [SPEED] tight-turn cap: R=1.00m -> 0.500 m/s
2026-09-13 11:27:26,503 - INFO - 2026-09-13 11:27:26 [FOLLOW] TRACK: progress=0.00m/37.2m seg=0 cross=2.03m alpha=-51.6° target=(0.00,0.00) R=1.00 LEFT v=0.50 dwell=0.0s
2026-09-13 11:27:26,503 - INFO - 2026-09-13 11:27:26 Turn: LEFT, R: 1.00m, v_L: 0.33 m/s, v_R: 0.68 m/s
2026-09-13 11:27:26,503 - INFO - 2026-09-13 11:27:26 left_actuator_position: 1088 (counts) from v_L 0.325 m/s
2026-09-13 11:27:26,503 - INFO - 2026-09-13 11:27:26 right_actuator_position: 819 (counts) from v_R 0.675 m/s
2026-09-13 11:27:26,517 - INFO - Sent actuator positions to RoboClaw → M1 (left): 1088, M2 (right): 819 (counts)
2026-09-13 11:27:26,517 - INFO - 2026-09-13 11:27:26 APPLY → left_pos: 1088, right_pos: 819 (counts), v_L: 0.33 m/s, v_R: 0.68 m/s
2026-09-13 11:27:26,517 - INFO - 2026-09-13 11:27:26 Path tracking needs correction: heading_ok=False (alpha=51.6deg), distance_ok=False (cross=2.035m)
2026-09-13 11:27:26,710 - INFO - 2026-09-13 11:27:26 [3.4 OBSERVED] current_turn_radius: 35.73m
2026-09-13 11:27:26,710 - INFO - 2026-09-13 11:27:26 [3.4 OBSERVED] turn_direction: LEFT
2026-09-13 11:27:26,711 - INFO - 2026-09-13 11:27:26 [3.4 OBSERVED] estimated left/right wheel speeds: 0.473, 0.483 m/s
2026-09-13 11:27:26,713 - INFO - 2026-09-13 11:27:26 [STATE] Current state: FOLLOWING_PATH
2026-09-13 11:27:26,713 - INFO - 2026-09-13 11:27:26 [SPEED] tight-turn cap: R=1.00m -> 0.500 m/s
2026-09-13 11:27:26,713 - INFO - 2026-09-13 11:27:26 [FOLLOW] TRACK: progress=0.00m/37.2m seg=0 cross=1.94m alpha=-50.2° target=(0.00,0.00) R=1.00 LEFT v=0.50 dwell=0.0s
2026-09-13 11:27:26,713 - INFO - 2026-09-13 11:27:26 Turn: LEFT, R: 1.00m, v_L: 0.33 m/s, v_R: 0.68 m/s
2026-09-13 11:27:26,713 - INFO - 2026-09-13 11:27:26 left_actuator_position: 1088 (counts) from v_L 0.325 m/s
2026-09-13 11:27:26,713 - INFO - 2026-09-13 11:27:26 right_actuator_position: 819 (counts) from v_R 0.675 m/s
2026-09-13 11:27:26,726 - INFO - Sent actuator positions to RoboClaw → M1 (left): 1088, M2 (right): 819 (counts)
2026-09-13 11:27:26,726 - INFO - 2026-09-13 11:27:26 APPLY → left_pos: 1088, right_pos: 819 (counts), v_L: 0.33 m/s, v_R: 0.68 m/s
2026-09-13 11:27:26,726 - INFO - 2026-09-13 11:27:26 Path tracking needs correction: heading_ok=False (alpha=50.2deg), distance_ok=False (cross=1.943m)
2026-09-13 11:27:26,901 - INFO - 2026-09-13 11:27:26 [3.4 OBSERVED] current_turn_radius: 3.55m
2026-09-13 11:27:26,901 - INFO - 2026-09-13 11:27:26 [3.4 OBSERVED] turn_direction: RIGHT
2026-09-13 11:27:26,901 - INFO - 2026-09-13 11:27:26 [3.4 OBSERVED] estimated left/right wheel speeds: 0.595, 0.488 m/s
2026-09-13 11:27:26,903 - INFO - 2026-09-13 11:27:26 [STATE] Current state: FOLLOWING_PATH
2026-09-13 11:27:26,903 - INFO - 2026-09-13 11:27:26 [SPEED] tight-turn cap: R=1.00m -> 0.500 m/s
2026-09-13 11:27:26,903 - INFO - 2026-09-13 11:27:26 [FOLLOW] TRACK: progress=0.00m/37.2m seg=0 cross=1.87m alpha=-50.5° target=(0.00,0.00) R=1.00 LEFT v=0.50 dwell=0.0s
2026-09-13 11:27:26,903 - INFO - 2026-09-13 11:27:26 Turn: LEFT, R: 1.00m, v_L: 0.33 m/s, v_R: 0.68 m/s
2026-09-13 11:27:26,903 - INFO - 2026-09-13 11:27:26 left_actuator_position: 1088 (counts) from v_L 0.325 m/s
2026-09-13 11:27:26,903 - INFO - 2026-09-13 11:27:26 right_actuator_position: 819 (counts) from v_R 0.675 m/s
2026-09-13 11:27:26,917 - INFO - Sent actuator positions to RoboClaw → M1 (left): 1088, M2 (right): 819 (counts)
2026-09-13 11:27:26,917 - INFO - 2026-09-13 11:27:26 APPLY → left_pos: 1088, right_pos: 819 (counts), v_L: 0.33 m/s, v_R: 0.68 m/s
2026-09-13 11:27:26,917 - INFO - 2026-09-13 11:27:26 Path tracking needs correction: heading_ok=False (alpha=50.5deg), distance_ok=False (cross=1.870m)
2026-09-13 11:27:27,110 - INFO - 2026-09-13 11:27:27 [3.4 OBSERVED] current_turn_radius: 2.11m
2026-09-13 11:27:27,110 - INFO - 2026-09-13 11:27:27 [3.4 OBSERVED] turn_direction: RIGHT
2026-09-13 11:27:27,110 - INFO - 2026-09-13 11:27:27 [3.4 OBSERVED] estimated left/right wheel speeds: 0.480, 0.344 m/s
2026-09-13 11:27:27,113 - INFO - 2026-09-13 11:27:27 [STATE] Current state: FOLLOWING_PATH
2026-09-13 11:27:27,113 - INFO - 2026-09-13 11:27:27 [FOLLOW] TRACK: progress=0.00m/37.2m seg=0 cross=1.80m alpha=-51.3° target=(0.00,0.00) R=inf STRAIGHT v=0.75 dwell=0.0s
2026-09-13 11:27:27,113 - WARNING - Unexpected turn_direction: STRAIGHT, defaulting to straight
2026-09-13 11:27:27,113 - INFO - 2026-09-13 11:27:27 Turn: STRAIGHT, R: infm, v_L: 0.75 m/s, v_R: 0.75 m/s
2026-09-13 11:27:27,113 - INFO - 2026-09-13 11:27:27 left_actuator_position: 762 (counts) from v_L 0.750 m/s
2026-09-13 11:27:27,113 - INFO - 2026-09-13 11:27:27 right_actuator_position: 762 (counts) from v_R 0.750 m/s
2026-09-13 11:27:27,127 - INFO - Sent actuator positions to RoboClaw → M1 (left): 762, M2 (right): 762 (counts)
2026-09-13 11:27:27,127 - INFO - 2026-09-13 11:27:27 APPLY → left_pos: 762, right_pos: 762 (counts), v_L: 0.75 m/s, v_R: 0.75 m/s
2026-09-13 11:27:27,127 - INFO - 2026-09-13 11:27:27 Path tracking needs correction: heading_ok=False (alpha=51.3deg), distance_ok=False (cross=1.798m)
2026-09-13 11:27:27,310 - INFO - 2026-09-13 11:27:27 [3.4 OBSERVED] current_turn_radius: 1.31m
2026-09-13 11:27:27,310 - INFO - 2026-09-13 11:27:27 [3.4 OBSERVED] turn_direction: RIGHT
2026-09-13 11:27:27,310 - INFO - 2026-09-13 11:27:27 [3.4 OBSERVED] estimated left/right wheel speeds: 0.502, 0.291 m/s
2026-09-13 11:27:27,313 - INFO - 2026-09-13 11:27:27 [STATE] Current state: FOLLOWING_PATH
2026-09-13 11:27:27,313 - INFO - 2026-09-13 11:27:27 [FOLLOW] TRACK: progress=0.00m/37.2m seg=0 cross=1.75m alpha=-52.3° target=(0.00,0.00) R=inf STRAIGHT v=0.75 dwell=0.0s
2026-09-13 11:27:27,313 - WARNING - Unexpected turn_direction: STRAIGHT, defaulting to straight
2026-09-13 11:27:27,313 - INFO - 2026-09-13 11:27:27 Turn: STRAIGHT, R: infm, v_L: 0.75 m/s, v_R: 0.75 m/s
2026-09-13 11:27:27,313 - INFO - 2026-09-13 11:27:27 left_actuator_position: 762 (counts) from v_L 0.750 m/s
2026-09-13 11:27:27,313 - INFO - 2026-09-13 11:27:27 right_actuator_position: 762 (counts) from v_R 0.750 m/s
2026-09-13 11:27:27,329 - INFO - Sent actuator positions to RoboClaw → M1 (left): 762, M2 (right): 762 (counts)
2026-09-13 11:27:27,329 - INFO - 2026-09-13 11:27:27 APPLY → left_pos: 762, right_pos: 762 (counts), v_L: 0.75 m/s, v_R: 0.75 m/s
2026-09-13 11:27:27,329 - INFO - 2026-09-13 11:27:27 Path tracking needs correction: heading_ok=False (alpha=52.3deg), distance_ok=False (cross=1.749m)
2026-09-13 11:27:27,502 - INFO - 2026-09-13 11:27:27 [3.4 OBSERVED] current_turn_radius: 1.09m
2026-09-13 11:27:27,502 - INFO - 2026-09-13 11:27:27 [3.4 OBSERVED] turn_direction: RIGHT
2026-09-13 11:27:27,502 - INFO - 2026-09-13 11:27:27 [3.4 OBSERVED] estimated left/right wheel speeds: 0.693, 0.357 m/s
2026-09-13 11:27:27,506 - INFO - 2026-09-13 11:27:27 [STATE] Current state: FOLLOWING_PATH
2026-09-13 11:27:27,506 - INFO - 2026-09-13 11:27:27 [SPEED] tight-turn cap: R=0.42m -> 0.500 m/s
2026-09-13 11:27:27,506 - INFO - 2026-09-13 11:27:27 [FOLLOW] TRACK: progress=0.00m/37.2m seg=0 cross=1.73m alpha=-54.0° target=(0.00,0.00) R=0.42 LEFT v=0.50 dwell=0.0s
2026-09-13 11:27:27,506 - INFO - 2026-09-13 11:27:27 Turn: LEFT, R: 0.42m, v_L: 0.08 m/s, v_R: 0.92 m/s
2026-09-13 11:27:27,506 - INFO - 2026-09-13 11:27:27 left_actuator_position: 1100 (counts) from v_L 0.083 m/s
2026-09-13 11:27:27,506 - INFO - 2026-09-13 11:27:27 right_actuator_position: 633 (counts) from v_R 0.917 m/s
2026-09-13 11:27:27,520 - INFO - Sent actuator positions to RoboClaw → M1 (left): 1100, M2 (right): 633 (counts)
2026-09-13 11:27:27,520 - INFO - 2026-09-13 11:27:27 APPLY → left_pos: 1100, right_pos: 633 (counts), v_L: 0.08 m/s, v_R: 0.92 m/s
2026-09-13 11:27:27,520 - INFO - 2026-09-13 11:27:27 Path tracking needs correction: heading_ok=False (alpha=54.0deg), distance_ok=False (cross=1.727m)
2026-09-13 11:27:27,702 - INFO - 2026-09-13 11:27:27 [3.4 OBSERVED] current_turn_radius: 1.11m
2026-09-13 11:27:27,702 - INFO - 2026-09-13 11:27:27 [3.4 OBSERVED] turn_direction: RIGHT
2026-09-13 11:27:27,702 - INFO - 2026-09-13 11:27:27 [3.4 OBSERVED] estimated left/right wheel speeds: 0.749, 0.390 m/s
2026-09-13 11:27:27,706 - INFO - 2026-09-13 11:27:27 [STATE] Current state: FOLLOWING_PATH
2026-09-13 11:27:27,706 - INFO - 2026-09-13 11:27:27 [SPEED] tight-turn cap: R=0.55m -> 0.500 m/s
2026-09-13 11:27:27,706 - INFO - 2026-09-13 11:27:27 [FOLLOW] TRACK: progress=0.00m/37.2m seg=0 cross=1.73m alpha=-56.0° target=(0.00,0.00) R=0.55 LEFT v=0.50 dwell=0.0s
2026-09-13 11:27:27,706 - INFO - 2026-09-13 11:27:27 Turn: LEFT, R: 0.55m, v_L: 0.18 m/s, v_R: 0.82 m/s
2026-09-13 11:27:27,706 - INFO - 2026-09-13 11:27:27 left_actuator_position: 1100 (counts) from v_L 0.181 m/s
2026-09-13 11:27:27,706 - INFO - 2026-09-13 11:27:27 right_actuator_position: 709 (counts) from v_R 0.819 m/s
2026-09-13 11:27:27,722 - INFO - Sent actuator positions to RoboClaw → M1 (left): 1100, M2 (right): 709 (counts)
2026-09-13 11:27:27,722 - INFO - 2026-09-13 11:27:27 APPLY → left_pos: 1100, right_pos: 709 (counts), v_L: 0.18 m/s, v_R: 0.82 m/s
2026-09-13 11:27:27,722 - INFO - 2026-09-13 11:27:27 Path tracking needs correction: heading_ok=False (alpha=56.0deg), distance_ok=False (cross=1.733m)
2026-09-13 11:27:27,898 - INFO - 2026-09-13 11:27:27 [3.4 OBSERVED] current_turn_radius: 0.83m
2026-09-13 11:27:27,898 - INFO - 2026-09-13 11:27:27 [3.4 OBSERVED] turn_direction: RIGHT
2026-09-13 11:27:27,898 - INFO - 2026-09-13 11:27:27 [3.4 OBSERVED] estimated left/right wheel speeds: 0.873, 0.356 m/s
2026-09-13 11:27:27,900 - INFO - 2026-09-13 11:27:27 [STATE] Current state: FOLLOWING_PATH
2026-09-13 11:27:27,900 - INFO - 2026-09-13 11:27:27 [SPEED] tight-turn cap: R=0.60m -> 0.500 m/s
2026-09-13 11:27:27,900 - INFO - 2026-09-13 11:27:27 [FOLLOW] TRACK: progress=0.00m/37.2m seg=0 cross=1.78m alpha=-60.7° target=(0.00,0.00) R=0.60 LEFT v=0.50 dwell=0.0s
2026-09-13 11:27:27,900 - INFO - 2026-09-13 11:27:27 Turn: LEFT, R: 0.60m, v_L: 0.21 m/s, v_R: 0.79 m/s
2026-09-13 11:27:27,900 - INFO - 2026-09-13 11:27:27 left_actuator_position: 1100 (counts) from v_L 0.210 m/s
2026-09-13 11:27:27,900 - INFO - 2026-09-13 11:27:27 right_actuator_position: 731 (counts) from v_R 0.790 m/s
2026-09-13 11:27:27,913 - INFO - Sent actuator positions to RoboClaw → M1 (left): 1100, M2 (right): 731 (counts)
2026-09-13 11:27:27,913 - INFO - 2026-09-13 11:27:27 APPLY → left_pos: 1100, right_pos: 731 (counts), v_L: 0.21 m/s, v_R: 0.79 m/s
2026-09-13 11:27:27,913 - INFO - 2026-09-13 11:27:27 Path tracking needs correction: heading_ok=False (alpha=60.7deg), distance_ok=False (cross=1.782m)
2026-09-13 11:27:28,122 - INFO - 2026-09-13 11:27:28 [3.4 OBSERVED] current_turn_radius: 1.70m
2026-09-13 11:27:28,122 - INFO - 2026-09-13 11:27:28 [3.4 OBSERVED] turn_direction: RIGHT
2026-09-13 11:27:28,122 - INFO - 2026-09-13 11:27:28 [3.4 OBSERVED] estimated left/right wheel speeds: 0.843, 0.556 m/s
2026-09-13 11:27:28,124 - INFO - 2026-09-13 11:27:28 [STATE] Current state: FOLLOWING_PATH
2026-09-13 11:27:28,124 - INFO - 2026-09-13 11:27:28 [SPEED] tight-turn cap: R=0.69m -> 0.500 m/s
2026-09-13 11:27:28,124 - INFO - 2026-09-13 11:27:28 [FOLLOW] TRACK: progress=0.00m/37.2m seg=0 cross=1.86m alpha=-62.5° target=(0.00,0.00) R=0.69 LEFT v=0.50 dwell=0.0s
2026-09-13 11:27:28,124 - INFO - 2026-09-13 11:27:28 Turn: LEFT, R: 0.69m, v_L: 0.25 m/s, v_R: 0.75 m/s
2026-09-13 11:27:28,124 - INFO - 2026-09-13 11:27:28 left_actuator_position: 1100 (counts) from v_L 0.248 m/s
2026-09-13 11:27:28,124 - INFO - 2026-09-13 11:27:28 right_actuator_position: 760 (counts) from v_R 0.752 m/s
2026-09-13 11:27:28,136 - INFO - Sent actuator positions to RoboClaw → M1 (left): 1100, M2 (right): 760 (counts)
2026-09-13 11:27:28,136 - INFO - 2026-09-13 11:27:28 APPLY → left_pos: 1100, right_pos: 760 (counts), v_L: 0.25 m/s, v_R: 0.75 m/s
2026-09-13 11:27:28,136 - INFO - 2026-09-13 11:27:28 Path tracking needs correction: heading_ok=False (alpha=62.5deg), distance_ok=False (cross=1.860m)
2026-09-13 11:27:28,297 - INFO - 2026-09-13 11:27:28 [3.4 OBSERVED] current_turn_radius: 3.17m
2026-09-13 11:27:28,297 - INFO - 2026-09-13 11:27:28 [3.4 OBSERVED] turn_direction: RIGHT
2026-09-13 11:27:28,297 - INFO - 2026-09-13 11:27:28 [3.4 OBSERVED] estimated left/right wheel speeds: 1.206, 0.966 m/s
2026-09-13 11:27:28,299 - ERROR - 2026-09-13 11:27:28 HEADING INTEGRITY ABORT: reported heading 86.7° vs course-over-ground 243.1° disagree by >90° for 5 consecutive moving samples — heading reversed/untrusted, STOPPING
2026-09-13 11:27:28,299 - ERROR - Check antenna order / power-cycle the GPS pair and verify heading matches the direction the mower physically faces before rerunning.
2026-09-13 11:27:28,313 - INFO - Actuators commanded to neutral (1100) -- Heading integrity abort
2026-09-13 11:27:28,329 - INFO - Actuators commanded to neutral (1100) -- Repeat exit - returning to neutral
2026-09-13 11:27:29,069 - INFO - Shutdown: actuators confirmed at neutral (Repeat exit - returning to neutral)
2026-09-13 11:27:29,069 - INFO - GREEN_LED GPIO cleaned up successfully
