2026-09-06 10:00:47,491 - INFO - Logging initialized to /home/dali/Documents/ReMow-Rover-Tests/Repeat/Logs/readRecordedRun-2026-09-06_10-00-47.log
2026-09-06 10:00:47,493 - INFO - RoboClaw opened successfully on /dev/serial/by-id/usb-Basicmicro_Inc._USB_Roboclaw_2x15A-if00
2026-09-06 10:00:47,795 - INFO - Encoders reset to zero
2026-09-06 10:00:47,795 - INFO - Starting readRecordedRun with combination: 66
2026-09-06 10:00:47,795 - INFO - Selected most recent recording: 66_20260830-114454_GPSData.csv
2026-09-06 10:00:47,799 - INFO - GREEN_LED initialized on GPIO 17
2026-09-06 10:00:47,810 - INFO - Navigation CSV initialized at /home/dali/Documents/ReMow-Rover-Tests/Repeat/2026-09-06_10-00-47_navigation_log.csv
2026-09-06 10:00:47,811 - INFO - ENU origin from first waypoint: 37.9008976667, -97.6641736667
2026-09-06 10:00:47,841 - INFO - Path model: 35 rows -> 30 points -> 29 segments, 37.2m total, leading dwell 2.0s
2026-09-06 10:00:47,841 - WARNING - guidance config: minimum_path_turn_radius (0.0) is at or below track_width/2 (0.35) -- the INNER WHEEL REVERSES and the mower PIVOTS instead of turning. Actuators saturate to full opposite lock. This is the 2026-07-05 death-spiral configuration; supervised operation only.
2026-09-06 10:00:47,842 - INFO - === GUIDANCE: gary_arrows === tangent_window=3.0m lookahead=2.0m+0.8s*v [1.5-5.0m] kappa_max=unbounded (no minimum radius) slew=0.6/m/s deadband=0.04/m
2026-09-06 10:00:47,842 - WARNING - UNVALIDATED GUIDANCE MODE 'gary_arrows' IS ACTIVE. This steering law has not been field-validated on this machine. Supervised operation only; blade disabled; operator within reach of the physical kill switch.
2026-09-06 10:00:47,863 - INFO - Actuators commanded to neutral (1100) -- Startup - ensuring neutral position
2026-09-06 10:00:47,863 - INFO - Actuators initialized to neutral (1100)
2026-09-06 10:00:47,863 - WARNING - === SKIP-ACQUIRE ENABLED (path_resume_nearest=True) ===
2026-09-06 10:00:47,863 - WARNING - ACQUIRE is BYPASSED. Repeat will start in TRACK at the nearest projection on the recorded path; the recorded start point is NOT driven to. This is a gary_arrows TRACK test.
2026-09-06 10:00:47,863 - WARNING - Refuses to start if cross-track exceeds infm (path_resume_max_cross_track). Rollback: set path_resume_nearest=False for normal ACQUIRE.
2026-09-06 10:00:47,863 - WARNING - On a LOOPED route this starts wherever the mower is parked, which may be a later leg. Park it where you intend the run to begin.
2026-09-06 10:00:47,864 - INFO - === UNIFIED PATH FOLLOWER INITIALIZED ===
2026-09-06 10:00:47,864 - INFO - First segment: heading 2.5°, length 0.33m; path ends at (3.30E, 2.61N)
2026-09-06 10:00:47,864 - INFO - Initial state: FOLLOWING_PATH (follower mode ACQUIRE)
2026-09-06 10:00:47,864 - INFO - Acquire timeout: 300.0s
2026-09-06 10:00:47,864 - INFO - === WAITING FOR GPS RTK FIX ===
2026-09-06 10:00:47,864 - INFO - Need: relPosValid=1, carrSoln=2, relPosHeadingValid=1 (timeout: 60.0s)
2026-09-06 10:00:47,893 - INFO - GPS status: relPosValid=1, carrSoln=2, headingValid=1 (0.0s)
2026-09-06 10:00:47,893 - INFO - === GPS RTK FIXED — ready to navigate (0.0s) ===
2026-09-06 10:00:48,032 - INFO - Using persisted heading from driving to work area: 14.98° (captured at 2026-09-06 10:00:26)
2026-09-06 10:00:48,108 - INFO - 2026-09-06 10:00:48 Initial Moving Baseline state: active
2026-09-06 10:00:48,108 - INFO - 2026-09-06 10:00:48 Initial carrier solution: fixed
2026-09-06 10:00:48,233 - INFO - 2026-09-06 10:00:48 [3.4 OBSERVED] current_turn_radius: infm
2026-09-06 10:00:48,234 - INFO - 2026-09-06 10:00:48 [3.4 OBSERVED] turn_direction: STRAIGHT
2026-09-06 10:00:48,234 - INFO - 2026-09-06 10:00:48 [3.4 OBSERVED] estimated left/right wheel speeds: 0.005, 0.005 m/s
2026-09-06 10:00:48,242 - INFO - 2026-09-06 10:00:48 [STATE] Current state: FOLLOWING_PATH
2026-09-06 10:00:48,243 - INFO - 2026-09-06 10:00:48 [SPEED] tight-turn cap: R=0.33m -> 0.163 m/s
2026-09-06 10:00:48,243 - WARNING - 2026-09-06 10:00:48 [FOLLOW] ACQUIRE SKIPPED -> TRACK at nearest projection: progress=0.00m of 37.2m (remaining 37.2m), cross=1.30m (limit infm), heading=20.6°, target_progress=0.00m, target=(0.00,0.00), alpha=4.1°
2026-09-06 10:00:48,243 - WARNING - 2026-09-06 10:00:48 [FOLLOW] GARY_ARROWS TRACK GUIDANCE IS NOW ACTIVE - this run evaluates it from epoch one; the recorded start point was never driven to
2026-09-06 10:00:48,243 - INFO - 2026-09-06 10:00:48 [FOLLOW] TRACK: progress=0.00m/37.2m seg=0 cross=1.30m alpha=4.1° target=(0.00,0.00) R=0.33 RIGHT v=0.16 dwell=0.0s
2026-09-06 10:00:48,243 - INFO - 2026-09-06 10:00:48 TIGHT TURN - Reverse wheel motion required (v_L=0.34, v_R=-0.01)
2026-09-06 10:00:48,243 - INFO - 2026-09-06 10:00:48 Turn: RIGHT, R: 0.33m, v_L: 0.34 m/s, v_R: -0.01 m/s
2026-09-06 10:00:48,243 - INFO - 2026-09-06 10:00:48 left_actuator_position: 1079 (counts) from v_L 0.338 m/s
2026-09-06 10:00:48,243 - INFO - 2026-09-06 10:00:48 right_actuator_position: 1348 (counts) from v_R -0.012 m/s
2026-09-06 10:00:48,273 - INFO - Sent actuator positions to RoboClaw → M1 (left): 1079, M2 (right): 1348 (counts)
2026-09-06 10:00:48,273 - INFO - 2026-09-06 10:00:48 APPLY → left_pos: 1079, right_pos: 1348 (counts), v_L: 0.34 m/s, v_R: -0.01 m/s
2026-09-06 10:00:48,273 - INFO - 2026-09-06 10:00:48 Path tracking needs correction: heading_ok=True (alpha=4.1deg), distance_ok=False (cross=1.302m)
2026-09-06 10:00:48,294 - INFO - 2026-09-06 10:00:48 [3.4 OBSERVED] current_turn_radius: infm
2026-09-06 10:00:48,295 - INFO - 2026-09-06 10:00:48 [3.4 OBSERVED] turn_direction: LEFT
2026-09-06 10:00:48,295 - INFO - 2026-09-06 10:00:48 [3.4 OBSERVED] estimated left/right wheel speeds: nan, nan m/s
2026-09-06 10:00:48,297 - INFO - 2026-09-06 10:00:48 [STATE] Current state: FOLLOWING_PATH
2026-09-06 10:00:48,297 - INFO - 2026-09-06 10:00:48 [SPEED] tight-turn cap: R=0.33m -> 0.163 m/s
2026-09-06 10:00:48,297 - INFO - 2026-09-06 10:00:48 [FOLLOW] TRACK: progress=0.00m/37.2m seg=0 cross=1.30m alpha=4.1° target=(0.00,0.00) R=0.33 RIGHT v=0.16 dwell=0.0s
2026-09-06 10:00:48,298 - INFO - 2026-09-06 10:00:48 TIGHT TURN - Reverse wheel motion required (v_L=0.34, v_R=-0.01)
2026-09-06 10:00:48,298 - INFO - 2026-09-06 10:00:48 Turn: RIGHT, R: 0.33m, v_L: 0.34 m/s, v_R: -0.01 m/s
2026-09-06 10:00:48,298 - INFO - 2026-09-06 10:00:48 left_actuator_position: 1079 (counts) from v_L 0.338 m/s
2026-09-06 10:00:48,298 - INFO - 2026-09-06 10:00:48 right_actuator_position: 1348 (counts) from v_R -0.012 m/s
2026-09-06 10:00:48,326 - INFO - Sent actuator positions to RoboClaw → M1 (left): 1079, M2 (right): 1348 (counts)
2026-09-06 10:00:48,326 - INFO - 2026-09-06 10:00:48 APPLY → left_pos: 1079, right_pos: 1348 (counts), v_L: 0.34 m/s, v_R: -0.01 m/s
2026-09-06 10:00:48,327 - INFO - 2026-09-06 10:00:48 Path tracking needs correction: heading_ok=True (alpha=4.1deg), distance_ok=False (cross=1.302m)
2026-09-06 10:00:48,526 - INFO - 2026-09-06 10:00:48 [3.4 OBSERVED] current_turn_radius: infm
2026-09-06 10:00:48,526 - INFO - 2026-09-06 10:00:48 [3.4 OBSERVED] turn_direction: RIGHT
2026-09-06 10:00:48,526 - INFO - 2026-09-06 10:00:48 [3.4 OBSERVED] estimated left/right wheel speeds: nan, nan m/s
2026-09-06 10:00:48,529 - INFO - 2026-09-06 10:00:48 [STATE] Current state: FOLLOWING_PATH
2026-09-06 10:00:48,530 - INFO - 2026-09-06 10:00:48 [SPEED] tight-turn cap: R=0.33m -> 0.163 m/s
2026-09-06 10:00:48,530 - INFO - 2026-09-06 10:00:48 [FOLLOW] TRACK: progress=0.00m/37.2m seg=0 cross=1.30m alpha=4.1° target=(0.00,0.00) R=0.33 RIGHT v=0.16 dwell=0.0s
2026-09-06 10:00:48,530 - INFO - 2026-09-06 10:00:48 TIGHT TURN - Reverse wheel motion required (v_L=0.34, v_R=-0.01)
2026-09-06 10:00:48,530 - INFO - 2026-09-06 10:00:48 Turn: RIGHT, R: 0.33m, v_L: 0.34 m/s, v_R: -0.01 m/s
2026-09-06 10:00:48,530 - INFO - 2026-09-06 10:00:48 left_actuator_position: 1079 (counts) from v_L 0.338 m/s
2026-09-06 10:00:48,530 - INFO - 2026-09-06 10:00:48 right_actuator_position: 1348 (counts) from v_R -0.012 m/s
2026-09-06 10:00:48,550 - INFO - Sent actuator positions to RoboClaw → M1 (left): 1079, M2 (right): 1348 (counts)
2026-09-06 10:00:48,550 - INFO - 2026-09-06 10:00:48 APPLY → left_pos: 1079, right_pos: 1348 (counts), v_L: 0.34 m/s, v_R: -0.01 m/s
2026-09-06 10:00:48,551 - INFO - 2026-09-06 10:00:48 Path tracking needs correction: heading_ok=True (alpha=4.1deg), distance_ok=False (cross=1.302m)
2026-09-06 10:00:48,692 - INFO - 2026-09-06 10:00:48 [3.4 OBSERVED] current_turn_radius: infm
2026-09-06 10:00:48,692 - INFO - 2026-09-06 10:00:48 [3.4 OBSERVED] turn_direction: RIGHT
2026-09-06 10:00:48,692 - INFO - 2026-09-06 10:00:48 [3.4 OBSERVED] estimated left/right wheel speeds: nan, nan m/s
2026-09-06 10:00:48,700 - INFO - 2026-09-06 10:00:48 [STATE] Current state: FOLLOWING_PATH
2026-09-06 10:00:48,700 - INFO - 2026-09-06 10:00:48 [SPEED] tight-turn cap: R=0.33m -> 0.163 m/s
2026-09-06 10:00:48,700 - INFO - 2026-09-06 10:00:48 [FOLLOW] TRACK: progress=0.00m/37.2m seg=0 cross=1.30m alpha=4.0° target=(0.00,0.00) R=0.33 RIGHT v=0.16 dwell=0.0s
2026-09-06 10:00:48,701 - INFO - 2026-09-06 10:00:48 TIGHT TURN - Reverse wheel motion required (v_L=0.34, v_R=-0.01)
2026-09-06 10:00:48,701 - INFO - 2026-09-06 10:00:48 Turn: RIGHT, R: 0.33m, v_L: 0.34 m/s, v_R: -0.01 m/s
2026-09-06 10:00:48,701 - INFO - 2026-09-06 10:00:48 left_actuator_position: 1079 (counts) from v_L 0.338 m/s
2026-09-06 10:00:48,701 - INFO - 2026-09-06 10:00:48 right_actuator_position: 1348 (counts) from v_R -0.012 m/s
2026-09-06 10:00:48,722 - INFO - Sent actuator positions to RoboClaw → M1 (left): 1079, M2 (right): 1348 (counts)
2026-09-06 10:00:48,722 - INFO - 2026-09-06 10:00:48 APPLY → left_pos: 1079, right_pos: 1348 (counts), v_L: 0.34 m/s, v_R: -0.01 m/s
2026-09-06 10:00:48,723 - INFO - 2026-09-06 10:00:48 Path tracking needs correction: heading_ok=True (alpha=4.0deg), distance_ok=False (cross=1.302m)
2026-09-06 10:00:48,889 - INFO - 2026-09-06 10:00:48 [3.4 OBSERVED] current_turn_radius: infm
2026-09-06 10:00:48,889 - INFO - 2026-09-06 10:00:48 [3.4 OBSERVED] turn_direction: LEFT
2026-09-06 10:00:48,890 - INFO - 2026-09-06 10:00:48 [3.4 OBSERVED] estimated left/right wheel speeds: nan, nan m/s
2026-09-06 10:00:48,892 - INFO - 2026-09-06 10:00:48 [STATE] Current state: FOLLOWING_PATH
2026-09-06 10:00:48,892 - INFO - 2026-09-06 10:00:48 [SPEED] tight-turn cap: R=0.33m -> 0.163 m/s
2026-09-06 10:00:48,893 - INFO - 2026-09-06 10:00:48 [FOLLOW] TRACK: progress=0.00m/37.2m seg=0 cross=1.30m alpha=4.2° target=(0.00,0.00) R=0.33 RIGHT v=0.16 dwell=0.0s
2026-09-06 10:00:48,893 - INFO - 2026-09-06 10:00:48 TIGHT TURN - Reverse wheel motion required (v_L=0.34, v_R=-0.01)
2026-09-06 10:00:48,893 - INFO - 2026-09-06 10:00:48 Turn: RIGHT, R: 0.33m, v_L: 0.34 m/s, v_R: -0.01 m/s
2026-09-06 10:00:48,893 - INFO - 2026-09-06 10:00:48 left_actuator_position: 1079 (counts) from v_L 0.338 m/s
2026-09-06 10:00:48,893 - INFO - 2026-09-06 10:00:48 right_actuator_position: 1348 (counts) from v_R -0.012 m/s
2026-09-06 10:00:48,910 - INFO - Sent actuator positions to RoboClaw → M1 (left): 1079, M2 (right): 1348 (counts)
2026-09-06 10:00:48,910 - INFO - 2026-09-06 10:00:48 APPLY → left_pos: 1079, right_pos: 1348 (counts), v_L: 0.34 m/s, v_R: -0.01 m/s
2026-09-06 10:00:48,911 - INFO - 2026-09-06 10:00:48 Path tracking needs correction: heading_ok=True (alpha=4.2deg), distance_ok=False (cross=1.302m)
2026-09-06 10:00:49,100 - INFO - 2026-09-06 10:00:49 [3.4 OBSERVED] current_turn_radius: infm
2026-09-06 10:00:49,100 - INFO - 2026-09-06 10:00:49 [3.4 OBSERVED] turn_direction: RIGHT
2026-09-06 10:00:49,100 - INFO - 2026-09-06 10:00:49 [3.4 OBSERVED] estimated left/right wheel speeds: nan, nan m/s
2026-09-06 10:00:49,103 - INFO - 2026-09-06 10:00:49 [STATE] Current state: FOLLOWING_PATH
2026-09-06 10:00:49,103 - INFO - 2026-09-06 10:00:49 [SPEED] tight-turn cap: R=0.33m -> 0.166 m/s
2026-09-06 10:00:49,104 - INFO - 2026-09-06 10:00:49 [FOLLOW] TRACK: progress=0.00m/37.2m seg=0 cross=1.33m alpha=4.1° target=(0.00,0.00) R=0.33 RIGHT v=0.17 dwell=0.0s
2026-09-06 10:00:49,104 - INFO - 2026-09-06 10:00:49 TIGHT TURN - Reverse wheel motion required (v_L=0.34, v_R=-0.01)
2026-09-06 10:00:49,104 - INFO - 2026-09-06 10:00:49 Turn: RIGHT, R: 0.33m, v_L: 0.34 m/s, v_R: -0.01 m/s
2026-09-06 10:00:49,104 - INFO - 2026-09-06 10:00:49 left_actuator_position: 1076 (counts) from v_L 0.341 m/s
2026-09-06 10:00:49,104 - INFO - 2026-09-06 10:00:49 right_actuator_position: 1346 (counts) from v_R -0.009 m/s
2026-09-06 10:00:49,123 - INFO - Sent actuator positions to RoboClaw → M1 (left): 1076, M2 (right): 1346 (counts)
2026-09-06 10:00:49,123 - INFO - 2026-09-06 10:00:49 APPLY → left_pos: 1076, right_pos: 1346 (counts), v_L: 0.34 m/s, v_R: -0.01 m/s
2026-09-06 10:00:49,124 - INFO - 2026-09-06 10:00:49 Path tracking needs correction: heading_ok=True (alpha=4.1deg), distance_ok=False (cross=1.325m)
2026-09-06 10:00:49,291 - INFO - 2026-09-06 10:00:49 [3.4 OBSERVED] current_turn_radius: 1.35m
2026-09-06 10:00:49,291 - INFO - 2026-09-06 10:00:49 [3.4 OBSERVED] turn_direction: RIGHT
2026-09-06 10:00:49,291 - INFO - 2026-09-06 10:00:49 [3.4 OBSERVED] estimated left/right wheel speeds: 0.145, 0.085 m/s
2026-09-06 10:00:49,293 - INFO - 2026-09-06 10:00:49 [STATE] Current state: FOLLOWING_PATH
2026-09-06 10:00:49,294 - INFO - 2026-09-06 10:00:49 [SPEED] tight-turn cap: R=0.34m -> 0.168 m/s
2026-09-06 10:00:49,294 - INFO - 2026-09-06 10:00:49 [FOLLOW] TRACK: progress=0.00m/37.2m seg=0 cross=1.34m alpha=2.8° target=(0.00,0.00) R=0.34 RIGHT v=0.17 dwell=0.0s
2026-09-06 10:00:49,294 - INFO - 2026-09-06 10:00:49 TIGHT TURN - Reverse wheel motion required (v_L=0.34, v_R=-0.01)
2026-09-06 10:00:49,294 - INFO - 2026-09-06 10:00:49 Turn: RIGHT, R: 0.34m, v_L: 0.34 m/s, v_R: -0.01 m/s
2026-09-06 10:00:49,294 - INFO - 2026-09-06 10:00:49 left_actuator_position: 1075 (counts) from v_L 0.343 m/s
2026-09-06 10:00:49,294 - INFO - 2026-09-06 10:00:49 right_actuator_position: 1344 (counts) from v_R -0.007 m/s
2026-09-06 10:00:49,313 - INFO - Sent actuator positions to RoboClaw → M1 (left): 1075, M2 (right): 1344 (counts)
2026-09-06 10:00:49,313 - INFO - 2026-09-06 10:00:49 APPLY → left_pos: 1075, right_pos: 1344 (counts), v_L: 0.34 m/s, v_R: -0.01 m/s
2026-09-06 10:00:49,314 - INFO - 2026-09-06 10:00:49 Path tracking needs correction: heading_ok=True (alpha=2.8deg), distance_ok=False (cross=1.342m)
2026-09-06 10:00:49,484 - INFO - 2026-09-06 10:00:49 [3.4 OBSERVED] current_turn_radius: 10.39m
2026-09-06 10:00:49,484 - INFO - 2026-09-06 10:00:49 [3.4 OBSERVED] turn_direction: LEFT
2026-09-06 10:00:49,484 - INFO - 2026-09-06 10:00:49 [3.4 OBSERVED] estimated left/right wheel speeds: 0.110, 0.118 m/s
2026-09-06 10:00:49,486 - INFO - 2026-09-06 10:00:49 [STATE] Current state: FOLLOWING_PATH
2026-09-06 10:00:49,487 - INFO - 2026-09-06 10:00:49 [SPEED] tight-turn cap: R=0.34m -> 0.171 m/s
2026-09-06 10:00:49,487 - INFO - 2026-09-06 10:00:49 [FOLLOW] TRACK: progress=0.00m/37.2m seg=0 cross=1.37m alpha=3.7° target=(0.00,0.00) R=0.34 RIGHT v=0.17 dwell=0.0s
2026-09-06 10:00:49,487 - INFO - 2026-09-06 10:00:49 TIGHT TURN - Reverse wheel motion required (v_L=0.35, v_R=-0.00)
2026-09-06 10:00:49,487 - INFO - 2026-09-06 10:00:49 Turn: RIGHT, R: 0.34m, v_L: 0.35 m/s, v_R: -0.00 m/s
2026-09-06 10:00:49,487 - INFO - 2026-09-06 10:00:49 left_actuator_position: 1072 (counts) from v_L 0.346 m/s
2026-09-06 10:00:49,487 - INFO - 2026-09-06 10:00:49 right_actuator_position: 1341 (counts) from v_R -0.004 m/s
2026-09-06 10:00:49,509 - INFO - Sent actuator positions to RoboClaw → M1 (left): 1072, M2 (right): 1341 (counts)
2026-09-06 10:00:49,509 - INFO - 2026-09-06 10:00:49 APPLY → left_pos: 1072, right_pos: 1341 (counts), v_L: 0.35 m/s, v_R: -0.00 m/s
2026-09-06 10:00:49,510 - INFO - 2026-09-06 10:00:49 Path tracking needs correction: heading_ok=True (alpha=3.7deg), distance_ok=False (cross=1.371m)
2026-09-06 10:00:49,693 - INFO - 2026-09-06 10:00:49 [3.4 OBSERVED] current_turn_radius: infm
2026-09-06 10:00:49,693 - INFO - 2026-09-06 10:00:49 [3.4 OBSERVED] turn_direction: RIGHT
2026-09-06 10:00:49,693 - INFO - 2026-09-06 10:00:49 [3.4 OBSERVED] estimated left/right wheel speeds: nan, nan m/s
2026-09-06 10:00:49,699 - INFO - 2026-09-06 10:00:49 [STATE] Current state: FOLLOWING_PATH
2026-09-06 10:00:49,700 - INFO - 2026-09-06 10:00:49 [SPEED] tight-turn cap: R=0.35m -> 0.174 m/s
2026-09-06 10:00:49,700 - INFO - 2026-09-06 10:00:49 [FOLLOW] TRACK: progress=0.00m/37.2m seg=0 cross=1.39m alpha=2.9° target=(0.00,0.00) R=0.35 RIGHT v=0.17 dwell=0.0s
2026-09-06 10:00:49,700 - INFO - 2026-09-06 10:00:49 TIGHT TURN - Reverse wheel motion required (v_L=0.35, v_R=-0.00)
2026-09-06 10:00:49,700 - INFO - 2026-09-06 10:00:49 Turn: RIGHT, R: 0.35m, v_L: 0.35 m/s, v_R: -0.00 m/s
2026-09-06 10:00:49,700 - INFO - 2026-09-06 10:00:49 left_actuator_position: 1070 (counts) from v_L 0.349 m/s
2026-09-06 10:00:49,700 - INFO - 2026-09-06 10:00:49 right_actuator_position: 1100 (counts) from v_R -0.001 m/s
2026-09-06 10:00:49,723 - INFO - Sent actuator positions to RoboClaw → M1 (left): 1070, M2 (right): 1100 (counts)
2026-09-06 10:00:49,723 - INFO - 2026-09-06 10:00:49 APPLY → left_pos: 1070, right_pos: 1100 (counts), v_L: 0.35 m/s, v_R: -0.00 m/s
2026-09-06 10:00:49,724 - INFO - 2026-09-06 10:00:49 Path tracking needs correction: heading_ok=True (alpha=2.9deg), distance_ok=False (cross=1.394m)
2026-09-06 10:00:49,894 - INFO - 2026-09-06 10:00:49 [3.4 OBSERVED] current_turn_radius: infm
2026-09-06 10:00:49,894 - INFO - 2026-09-06 10:00:49 [3.4 OBSERVED] turn_direction: RIGHT
2026-09-06 10:00:49,894 - INFO - 2026-09-06 10:00:49 [3.4 OBSERVED] estimated left/right wheel speeds: nan, nan m/s
2026-09-06 10:00:49,896 - INFO - 2026-09-06 10:00:49 [STATE] Current state: FOLLOWING_PATH
2026-09-06 10:00:49,897 - INFO - 2026-09-06 10:00:49 [SPEED] tight-turn cap: R=0.35m -> 0.177 m/s
2026-09-06 10:00:49,897 - INFO - 2026-09-06 10:00:49 [FOLLOW] TRACK: progress=0.00m/37.2m seg=0 cross=1.42m alpha=1.9° target=(0.00,0.00) R=0.35 RIGHT v=0.18 dwell=0.0s
2026-09-06 10:00:49,897 - INFO - 2026-09-06 10:00:49 Turn: RIGHT, R: 0.35m, v_L: 0.35 m/s, v_R: 0.00 m/s
2026-09-06 10:00:49,897 - INFO - 2026-09-06 10:00:49 left_actuator_position: 1068 (counts) from v_L 0.352 m/s
2026-09-06 10:00:49,897 - INFO - 2026-09-06 10:00:49 right_actuator_position: 1100 (counts) from v_R 0.002 m/s
2026-09-06 10:00:49,919 - INFO - Sent actuator positions to RoboClaw → M1 (left): 1068, M2 (right): 1100 (counts)
2026-09-06 10:00:49,919 - INFO - 2026-09-06 10:00:49 APPLY → left_pos: 1068, right_pos: 1100 (counts), v_L: 0.35 m/s, v_R: 0.00 m/s
2026-09-06 10:00:49,920 - INFO - 2026-09-06 10:00:49 Path tracking needs correction: heading_ok=True (alpha=1.9deg), distance_ok=False (cross=1.417m)
2026-09-06 10:00:50,105 - INFO - 2026-09-06 10:00:50 [3.4 OBSERVED] current_turn_radius: infm
2026-09-06 10:00:50,106 - INFO - 2026-09-06 10:00:50 [3.4 OBSERVED] turn_direction: RIGHT
2026-09-06 10:00:50,106 - INFO - 2026-09-06 10:00:50 [3.4 OBSERVED] estimated left/right wheel speeds: nan, nan m/s
2026-09-06 10:00:50,112 - INFO - 2026-09-06 10:00:50 [STATE] Current state: FOLLOWING_PATH
2026-09-06 10:00:50,113 - INFO - 2026-09-06 10:00:50 [FOLLOW] TRACK: progress=0.00m/37.2m seg=0 cross=1.44m alpha=-0.5° target=(0.00,0.00) R=inf STRAIGHT v=0.75 dwell=0.0s
2026-09-06 10:00:50,113 - INFO - 2026-09-06 10:00:50 Turn: STRAIGHT, R: infm, v_L: 0.75 m/s, v_R: 0.75 m/s
2026-09-06 10:00:50,113 - INFO - 2026-09-06 10:00:50 left_actuator_position: 762 (counts) from v_L 0.750 m/s
2026-09-06 10:00:50,113 - INFO - 2026-09-06 10:00:50 right_actuator_position: 762 (counts) from v_R 0.750 m/s
2026-09-06 10:00:50,127 - INFO - Sent actuator positions to RoboClaw → M1 (left): 762, M2 (right): 762 (counts)
2026-09-06 10:00:50,127 - INFO - 2026-09-06 10:00:50 APPLY → left_pos: 762, right_pos: 762 (counts), v_L: 0.75 m/s, v_R: 0.75 m/s
2026-09-06 10:00:50,128 - INFO - 2026-09-06 10:00:50 Path tracking needs correction: heading_ok=True (alpha=0.5deg), distance_ok=False (cross=1.440m)
2026-09-06 10:00:50,297 - INFO - 2026-09-06 10:00:50 [3.4 OBSERVED] current_turn_radius: infm
2026-09-06 10:00:50,297 - INFO - 2026-09-06 10:00:50 [3.4 OBSERVED] turn_direction: RIGHT
2026-09-06 10:00:50,297 - INFO - 2026-09-06 10:00:50 [3.4 OBSERVED] estimated left/right wheel speeds: nan, nan m/s
2026-09-06 10:00:50,305 - INFO - 2026-09-06 10:00:50 [STATE] Current state: FOLLOWING_PATH
2026-09-06 10:00:50,306 - INFO - 2026-09-06 10:00:50 [FOLLOW] TRACK: progress=0.00m/37.2m seg=0 cross=1.44m alpha=-2.2° target=(0.00,0.00) R=inf STRAIGHT v=0.75 dwell=0.0s
2026-09-06 10:00:50,306 - WARNING - Unexpected turn_direction: STRAIGHT, defaulting to straight
2026-09-06 10:00:50,306 - INFO - 2026-09-06 10:00:50 Turn: STRAIGHT, R: infm, v_L: 0.75 m/s, v_R: 0.75 m/s
2026-09-06 10:00:50,306 - INFO - 2026-09-06 10:00:50 left_actuator_position: 762 (counts) from v_L 0.750 m/s
2026-09-06 10:00:50,306 - INFO - 2026-09-06 10:00:50 right_actuator_position: 762 (counts) from v_R 0.750 m/s
2026-09-06 10:00:50,329 - INFO - Sent actuator positions to RoboClaw → M1 (left): 762, M2 (right): 762 (counts)
2026-09-06 10:00:50,329 - INFO - 2026-09-06 10:00:50 APPLY → left_pos: 762, right_pos: 762 (counts), v_L: 0.75 m/s, v_R: 0.75 m/s
2026-09-06 10:00:50,330 - INFO - 2026-09-06 10:00:50 Path tracking needs correction: heading_ok=True (alpha=2.2deg), distance_ok=False (cross=1.440m)
2026-09-06 10:00:50,511 - INFO - 2026-09-06 10:00:50 [3.4 OBSERVED] current_turn_radius: infm
2026-09-06 10:00:50,511 - INFO - 2026-09-06 10:00:50 [3.4 OBSERVED] turn_direction: RIGHT
2026-09-06 10:00:50,511 - INFO - 2026-09-06 10:00:50 [3.4 OBSERVED] estimated left/right wheel speeds: nan, nan m/s
2026-09-06 10:00:50,513 - INFO - 2026-09-06 10:00:50 [STATE] Current state: FOLLOWING_PATH
2026-09-06 10:00:50,513 - INFO - 2026-09-06 10:00:50 [FOLLOW] TRACK: progress=0.00m/37.2m seg=0 cross=1.43m alpha=-3.1° target=(0.00,0.00) R=inf STRAIGHT v=0.75 dwell=0.0s
2026-09-06 10:00:50,514 - WARNING - Unexpected turn_direction: STRAIGHT, defaulting to straight
2026-09-06 10:00:50,514 - INFO - 2026-09-06 10:00:50 Turn: STRAIGHT, R: infm, v_L: 0.75 m/s, v_R: 0.75 m/s
2026-09-06 10:00:50,514 - INFO - 2026-09-06 10:00:50 left_actuator_position: 762 (counts) from v_L 0.750 m/s
2026-09-06 10:00:50,514 - INFO - 2026-09-06 10:00:50 right_actuator_position: 762 (counts) from v_R 0.750 m/s
2026-09-06 10:00:50,533 - INFO - Sent actuator positions to RoboClaw → M1 (left): 762, M2 (right): 762 (counts)
2026-09-06 10:00:50,533 - INFO - 2026-09-06 10:00:50 APPLY → left_pos: 762, right_pos: 762 (counts), v_L: 0.75 m/s, v_R: 0.75 m/s
2026-09-06 10:00:50,534 - INFO - 2026-09-06 10:00:50 Path tracking needs correction: heading_ok=True (alpha=3.1deg), distance_ok=False (cross=1.434m)
2026-09-06 10:00:50,698 - INFO - 2026-09-06 10:00:50 [3.4 OBSERVED] current_turn_radius: infm
2026-09-06 10:00:50,698 - INFO - 2026-09-06 10:00:50 [3.4 OBSERVED] turn_direction: LEFT
2026-09-06 10:00:50,698 - INFO - 2026-09-06 10:00:50 [3.4 OBSERVED] estimated left/right wheel speeds: nan, nan m/s
2026-09-06 10:00:50,699 - INFO - 2026-09-06 10:00:50 [STATE] Current state: FOLLOWING_PATH
2026-09-06 10:00:50,700 - INFO - 2026-09-06 10:00:50 [FOLLOW] TRACK: progress=0.00m/37.2m seg=0 cross=1.43m alpha=-2.6° target=(0.00,0.00) R=inf STRAIGHT v=0.75 dwell=0.0s
2026-09-06 10:00:50,700 - WARNING - Unexpected turn_direction: STRAIGHT, defaulting to straight
2026-09-06 10:00:50,700 - INFO - 2026-09-06 10:00:50 Turn: STRAIGHT, R: infm, v_L: 0.75 m/s, v_R: 0.75 m/s
2026-09-06 10:00:50,700 - INFO - 2026-09-06 10:00:50 left_actuator_position: 762 (counts) from v_L 0.750 m/s
2026-09-06 10:00:50,700 - INFO - 2026-09-06 10:00:50 right_actuator_position: 762 (counts) from v_R 0.750 m/s
2026-09-06 10:00:50,719 - INFO - Sent actuator positions to RoboClaw → M1 (left): 762, M2 (right): 762 (counts)
2026-09-06 10:00:50,719 - INFO - 2026-09-06 10:00:50 APPLY → left_pos: 762, right_pos: 762 (counts), v_L: 0.75 m/s, v_R: 0.75 m/s
2026-09-06 10:00:50,720 - INFO - 2026-09-06 10:00:50 Path tracking needs correction: heading_ok=True (alpha=2.6deg), distance_ok=False (cross=1.428m)
2026-09-06 10:00:50,902 - INFO - 2026-09-06 10:00:50 [3.4 OBSERVED] current_turn_radius: 1.20m
2026-09-06 10:00:50,902 - INFO - 2026-09-06 10:00:50 [3.4 OBSERVED] turn_direction: LEFT
2026-09-06 10:00:50,902 - INFO - 2026-09-06 10:00:50 [3.4 OBSERVED] estimated left/right wheel speeds: 0.190, 0.347 m/s
2026-09-06 10:00:50,905 - INFO - 2026-09-06 10:00:50 [STATE] Current state: FOLLOWING_PATH
2026-09-06 10:00:50,906 - INFO - 2026-09-06 10:00:50 [FOLLOW] TRACK: progress=0.00m/37.2m seg=0 cross=1.38m alpha=-0.4° target=(0.00,0.00) R=inf STRAIGHT v=0.75 dwell=0.0s
2026-09-06 10:00:50,906 - INFO - 2026-09-06 10:00:50 Turn: STRAIGHT, R: infm, v_L: 0.75 m/s, v_R: 0.75 m/s
2026-09-06 10:00:50,906 - INFO - 2026-09-06 10:00:50 left_actuator_position: 762 (counts) from v_L 0.750 m/s
2026-09-06 10:00:50,906 - INFO - 2026-09-06 10:00:50 right_actuator_position: 762 (counts) from v_R 0.750 m/s
2026-09-06 10:00:50,922 - INFO - Sent actuator positions to RoboClaw → M1 (left): 762, M2 (right): 762 (counts)
2026-09-06 10:00:50,922 - INFO - 2026-09-06 10:00:50 APPLY → left_pos: 762, right_pos: 762 (counts), v_L: 0.75 m/s, v_R: 0.75 m/s
2026-09-06 10:00:50,923 - INFO - 2026-09-06 10:00:50 Path tracking needs correction: heading_ok=True (alpha=0.4deg), distance_ok=False (cross=1.382m)
2026-09-06 10:00:51,105 - INFO - 2026-09-06 10:00:51 [3.4 OBSERVED] current_turn_radius: 3.64m
2026-09-06 10:00:51,105 - INFO - 2026-09-06 10:00:51 [3.4 OBSERVED] turn_direction: LEFT
2026-09-06 10:00:51,105 - INFO - 2026-09-06 10:00:51 [3.4 OBSERVED] estimated left/right wheel speeds: 0.540, 0.655 m/s
2026-09-06 10:00:51,108 - INFO - 2026-09-06 10:00:51 [STATE] Current state: FOLLOWING_PATH
2026-09-06 10:00:51,109 - INFO - 2026-09-06 10:00:51 [SPEED] tight-turn cap: R=0.31m -> 0.156 m/s
2026-09-06 10:00:51,109 - INFO - 2026-09-06 10:00:51 [FOLLOW] TRACK: progress=0.00m/37.2m seg=0 cross=1.25m alpha=0.6° target=(0.00,0.00) R=0.31 RIGHT v=0.16 dwell=0.0s
2026-09-06 10:00:51,109 - INFO - 2026-09-06 10:00:51 TIGHT TURN - Reverse wheel motion required (v_L=0.33, v_R=-0.02)
2026-09-06 10:00:51,109 - INFO - 2026-09-06 10:00:51 Turn: RIGHT, R: 0.31m, v_L: 0.33 m/s, v_R: -0.02 m/s
2026-09-06 10:00:51,109 - INFO - 2026-09-06 10:00:51 left_actuator_position: 1084 (counts) from v_L 0.331 m/s
2026-09-06 10:00:51,109 - INFO - 2026-09-06 10:00:51 right_actuator_position: 1353 (counts) from v_R -0.019 m/s
2026-09-06 10:00:51,122 - INFO - Sent actuator positions to RoboClaw → M1 (left): 1084, M2 (right): 1353 (counts)
2026-09-06 10:00:51,123 - INFO - 2026-09-06 10:00:51 APPLY → left_pos: 1084, right_pos: 1353 (counts), v_L: 0.33 m/s, v_R: -0.02 m/s
2026-09-06 10:00:51,123 - INFO - 2026-09-06 10:00:51 Path tracking needs correction: heading_ok=True (alpha=0.6deg), distance_ok=False (cross=1.251m)
2026-09-06 10:00:51,291 - INFO - 2026-09-06 10:00:51 [3.4 OBSERVED] current_turn_radius: 3.17m
2026-09-06 10:00:51,291 - INFO - 2026-09-06 10:00:51 [3.4 OBSERVED] turn_direction: LEFT
2026-09-06 10:00:51,291 - INFO - 2026-09-06 10:00:51 [3.4 OBSERVED] estimated left/right wheel speeds: 0.739, 0.923 m/s
2026-09-06 10:00:51,296 - INFO - 2026-09-06 10:00:51 [STATE] Current state: FOLLOWING_PATH
2026-09-06 10:00:51,296 - INFO - 2026-09-06 10:00:51 [SPEED] tight-turn cap: R=0.27m -> 0.134 m/s
2026-09-06 10:00:51,296 - INFO - 2026-09-06 10:00:51 [FOLLOW] TRACK: progress=0.00m/37.2m seg=0 cross=1.07m alpha=4.0° target=(0.00,0.00) R=0.27 RIGHT v=0.13 dwell=0.0s
2026-09-06 10:00:51,296 - INFO - 2026-09-06 10:00:51 TIGHT TURN - Reverse wheel motion required (v_L=0.31, v_R=-0.04)
2026-09-06 10:00:51,296 - INFO - 2026-09-06 10:00:51 Turn: RIGHT, R: 0.27m, v_L: 0.31 m/s, v_R: -0.04 m/s
2026-09-06 10:00:51,296 - INFO - 2026-09-06 10:00:51 left_actuator_position: 1100 (counts) from v_L 0.309 m/s
2026-09-06 10:00:51,296 - INFO - 2026-09-06 10:00:51 right_actuator_position: 1370 (counts) from v_R -0.041 m/s
2026-09-06 10:00:51,310 - INFO - Sent actuator positions to RoboClaw → M1 (left): 1100, M2 (right): 1370 (counts)
2026-09-06 10:00:51,310 - INFO - 2026-09-06 10:00:51 APPLY → left_pos: 1100, right_pos: 1370 (counts), v_L: 0.31 m/s, v_R: -0.04 m/s
2026-09-06 10:00:51,310 - INFO - 2026-09-06 10:00:51 Path tracking needs correction: heading_ok=True (alpha=4.0deg), distance_ok=False (cross=1.075m)
2026-09-06 10:00:51,501 - INFO - 2026-09-06 10:00:51 [3.4 OBSERVED] current_turn_radius: 8.30m
2026-09-06 10:00:51,501 - INFO - 2026-09-06 10:00:51 [3.4 OBSERVED] turn_direction: LEFT
2026-09-06 10:00:51,501 - INFO - 2026-09-06 10:00:51 [3.4 OBSERVED] estimated left/right wheel speeds: 0.748, 0.814 m/s
2026-09-06 10:00:51,505 - INFO - 2026-09-06 10:00:51 [STATE] Current state: FOLLOWING_PATH
2026-09-06 10:00:51,506 - INFO - 2026-09-06 10:00:51 [SPEED] tight-turn cap: R=0.23m -> 0.125 m/s
2026-09-06 10:00:51,506 - INFO - 2026-09-06 10:00:51 [FOLLOW] TRACK: progress=0.00m/37.2m seg=0 cross=0.93m alpha=4.3° target=(0.00,0.00) R=0.23 RIGHT v=0.12 dwell=0.0s
2026-09-06 10:00:51,506 - INFO - 2026-09-06 10:00:51 TIGHT TURN - Reverse wheel motion required (v_L=0.31, v_R=-0.06)
2026-09-06 10:00:51,506 - INFO - 2026-09-06 10:00:51 Turn: RIGHT, R: 0.23m, v_L: 0.31 m/s, v_R: -0.06 m/s
2026-09-06 10:00:51,506 - INFO - 2026-09-06 10:00:51 left_actuator_position: 1097 (counts) from v_L 0.314 m/s
2026-09-06 10:00:51,506 - INFO - 2026-09-06 10:00:51 right_actuator_position: 1388 (counts) from v_R -0.064 m/s
2026-09-06 10:00:51,528 - INFO - Sent actuator positions to RoboClaw → M1 (left): 1097, M2 (right): 1388 (counts)
2026-09-06 10:00:51,528 - INFO - 2026-09-06 10:00:51 APPLY → left_pos: 1097, right_pos: 1388 (counts), v_L: 0.31 m/s, v_R: -0.06 m/s
2026-09-06 10:00:51,529 - INFO - 2026-09-06 10:00:51 Path tracking needs correction: heading_ok=True (alpha=4.3deg), distance_ok=False (cross=0.927m)
2026-09-06 10:00:51,706 - INFO - 2026-09-06 10:00:51 [3.4 OBSERVED] current_turn_radius: 5.50m
2026-09-06 10:00:51,706 - INFO - 2026-09-06 10:00:51 [3.4 OBSERVED] turn_direction: LEFT
2026-09-06 10:00:51,706 - INFO - 2026-09-06 10:00:51 [3.4 OBSERVED] estimated left/right wheel speeds: 0.803, 0.913 m/s
2026-09-06 10:00:51,713 - INFO - 2026-09-06 10:00:51 [STATE] Current state: FOLLOWING_PATH
2026-09-06 10:00:51,713 - INFO - 2026-09-06 10:00:51 [SPEED] tight-turn cap: R=0.19m -> 0.125 m/s
2026-09-06 10:00:51,713 - INFO - 2026-09-06 10:00:51 [FOLLOW] TRACK: progress=0.00m/37.2m seg=0 cross=0.74m alpha=6.0° target=(0.00,0.00) R=0.19 RIGHT v=0.12 dwell=0.0s
2026-09-06 10:00:51,713 - INFO - 2026-09-06 10:00:51 TIGHT TURN - Reverse wheel motion required (v_L=0.36, v_R=-0.11)
2026-09-06 10:00:51,713 - INFO - 2026-09-06 10:00:51 Turn: RIGHT, R: 0.19m, v_L: 0.36 m/s, v_R: -0.11 m/s
2026-09-06 10:00:51,713 - INFO - 2026-09-06 10:00:51 left_actuator_position: 1062 (counts) from v_L 0.360 m/s
2026-09-06 10:00:51,713 - INFO - 2026-09-06 10:00:51 right_actuator_position: 1423 (counts) from v_R -0.110 m/s
2026-09-06 10:00:51,735 - INFO - Sent actuator positions to RoboClaw → M1 (left): 1062, M2 (right): 1423 (counts)
2026-09-06 10:00:51,735 - INFO - 2026-09-06 10:00:51 APPLY → left_pos: 1062, right_pos: 1423 (counts), v_L: 0.36 m/s, v_R: -0.11 m/s
2026-09-06 10:00:51,736 - INFO - 2026-09-06 10:00:51 Path tracking needs correction: heading_ok=True (alpha=6.0deg), distance_ok=False (cross=0.745m)
2026-09-06 10:00:51,905 - INFO - 2026-09-06 10:00:51 [3.4 OBSERVED] current_turn_radius: 1.91m
2026-09-06 10:00:51,905 - INFO - 2026-09-06 10:00:51 [3.4 OBSERVED] turn_direction: LEFT
2026-09-06 10:00:51,905 - INFO - 2026-09-06 10:00:51 [3.4 OBSERVED] estimated left/right wheel speeds: 0.577, 0.835 m/s
2026-09-06 10:00:51,908 - INFO - 2026-09-06 10:00:51 [STATE] Current state: FOLLOWING_PATH
2026-09-06 10:00:51,909 - INFO - 2026-09-06 10:00:51 [SPEED] tight-turn cap: R=0.15m -> 0.125 m/s
2026-09-06 10:00:51,909 - INFO - 2026-09-06 10:00:51 [FOLLOW] TRACK: progress=0.00m/37.2m seg=0 cross=0.61m alpha=11.2° target=(0.00,0.00) R=0.15 RIGHT v=0.12 dwell=0.0s
2026-09-06 10:00:51,909 - INFO - 2026-09-06 10:00:51 TIGHT TURN - Reverse wheel motion required (v_L=0.41, v_R=-0.16)
2026-09-06 10:00:51,909 - INFO - 2026-09-06 10:00:51 Turn: RIGHT, R: 0.15m, v_L: 0.41 m/s, v_R: -0.16 m/s
2026-09-06 10:00:51,909 - INFO - 2026-09-06 10:00:51 left_actuator_position: 1021 (counts) from v_L 0.413 m/s
2026-09-06 10:00:51,909 - INFO - 2026-09-06 10:00:51 right_actuator_position: 1450 (counts) from v_R -0.163 m/s
2026-09-06 10:00:51,929 - INFO - Sent actuator positions to RoboClaw → M1 (left): 1021, M2 (right): 1450 (counts)
2026-09-06 10:00:51,929 - INFO - 2026-09-06 10:00:51 APPLY → left_pos: 1021, right_pos: 1450 (counts), v_L: 0.41 m/s, v_R: -0.16 m/s
2026-09-06 10:00:51,930 - INFO - 2026-09-06 10:00:51 Path tracking needs correction: heading_ok=False (alpha=11.2deg), distance_ok=False (cross=0.608m)
2026-09-06 10:00:52,117 - INFO - 2026-09-06 10:00:52 [3.4 OBSERVED] current_turn_radius: 2.91m
2026-09-06 10:00:52,117 - INFO - 2026-09-06 10:00:52 [3.4 OBSERVED] turn_direction: LEFT
2026-09-06 10:00:52,117 - INFO - 2026-09-06 10:00:52 [3.4 OBSERVED] estimated left/right wheel speeds: 0.262, 0.334 m/s
2026-09-06 10:00:52,121 - INFO - 2026-09-06 10:00:52 [STATE] Current state: FOLLOWING_PATH
2026-09-06 10:00:52,122 - INFO - 2026-09-06 10:00:52 [SPEED] tight-turn cap: R=0.14m -> 0.125 m/s
2026-09-06 10:00:52,122 - INFO - 2026-09-06 10:00:52 [FOLLOW] TRACK: progress=0.00m/37.2m seg=0 cross=0.55m alpha=13.4° target=(0.00,0.00) R=0.14 RIGHT v=0.12 dwell=0.0s
2026-09-06 10:00:52,122 - INFO - 2026-09-06 10:00:52 TIGHT TURN - Reverse wheel motion required (v_L=0.44, v_R=-0.19)
2026-09-06 10:00:52,122 - INFO - 2026-09-06 10:00:52 Turn: RIGHT, R: 0.14m, v_L: 0.44 m/s, v_R: -0.19 m/s
2026-09-06 10:00:52,122 - INFO - 2026-09-06 10:00:52 left_actuator_position: 998 (counts) from v_L 0.442 m/s
2026-09-06 10:00:52,122 - INFO - 2026-09-06 10:00:52 right_actuator_position: 1450 (counts) from v_R -0.192 m/s
2026-09-06 10:00:52,143 - INFO - Sent actuator positions to RoboClaw → M1 (left): 998, M2 (right): 1450 (counts)
2026-09-06 10:00:52,143 - INFO - 2026-09-06 10:00:52 APPLY → left_pos: 998, right_pos: 1450 (counts), v_L: 0.44 m/s, v_R: -0.19 m/s
2026-09-06 10:00:52,144 - INFO - 2026-09-06 10:00:52 Path tracking needs correction: heading_ok=False (alpha=13.4deg), distance_ok=False (cross=0.552m)
2026-09-06 10:00:52,306 - INFO - 2026-09-06 10:00:52 [3.4 OBSERVED] current_turn_radius: 2.02m
2026-09-06 10:00:52,306 - INFO - 2026-09-06 10:00:52 [3.4 OBSERVED] turn_direction: RIGHT
2026-09-06 10:00:52,306 - INFO - 2026-09-06 10:00:52 [3.4 OBSERVED] estimated left/right wheel speeds: 0.129, 0.091 m/s
2026-09-06 10:00:52,309 - INFO - 2026-09-06 10:00:52 [STATE] Current state: FOLLOWING_PATH
2026-09-06 10:00:52,310 - INFO - 2026-09-06 10:00:52 [SPEED] tight-turn cap: R=0.13m -> 0.125 m/s
2026-09-06 10:00:52,310 - INFO - 2026-09-06 10:00:52 [FOLLOW] TRACK: progress=0.00m/37.2m seg=0 cross=0.54m alpha=13.7° target=(0.00,0.00) R=0.13 RIGHT v=0.12 dwell=0.0s
2026-09-06 10:00:52,310 - INFO - 2026-09-06 10:00:52 TIGHT TURN - Reverse wheel motion required (v_L=0.45, v_R=-0.20)
2026-09-06 10:00:52,310 - INFO - 2026-09-06 10:00:52 Turn: RIGHT, R: 0.13m, v_L: 0.45 m/s, v_R: -0.20 m/s
2026-09-06 10:00:52,310 - INFO - 2026-09-06 10:00:52 left_actuator_position: 991 (counts) from v_L 0.452 m/s
2026-09-06 10:00:52,310 - INFO - 2026-09-06 10:00:52 right_actuator_position: 1450 (counts) from v_R -0.202 m/s
2026-09-06 10:00:52,328 - INFO - Sent actuator positions to RoboClaw → M1 (left): 991, M2 (right): 1450 (counts)
2026-09-06 10:00:52,329 - INFO - 2026-09-06 10:00:52 APPLY → left_pos: 991, right_pos: 1450 (counts), v_L: 0.45 m/s, v_R: -0.20 m/s
2026-09-06 10:00:52,329 - INFO - 2026-09-06 10:00:52 Path tracking needs correction: heading_ok=False (alpha=13.7deg), distance_ok=False (cross=0.535m)
2026-09-06 10:00:52,521 - INFO - 2026-09-06 10:00:52 [3.4 OBSERVED] current_turn_radius: infm
2026-09-06 10:00:52,521 - INFO - 2026-09-06 10:00:52 [3.4 OBSERVED] turn_direction: RIGHT
2026-09-06 10:00:52,521 - INFO - 2026-09-06 10:00:52 [3.4 OBSERVED] estimated left/right wheel speeds: nan, nan m/s
2026-09-06 10:00:52,523 - INFO - 2026-09-06 10:00:52 [STATE] Current state: FOLLOWING_PATH
2026-09-06 10:00:52,523 - INFO - 2026-09-06 10:00:52 [SPEED] tight-turn cap: R=0.13m -> 0.125 m/s
2026-09-06 10:00:52,523 - INFO - 2026-09-06 10:00:52 [FOLLOW] TRACK: progress=0.00m/37.2m seg=0 cross=0.53m alpha=11.7° target=(0.00,0.00) R=0.13 RIGHT v=0.12 dwell=0.0s
2026-09-06 10:00:52,523 - INFO - 2026-09-06 10:00:52 TIGHT TURN - Reverse wheel motion required (v_L=0.46, v_R=-0.21)
2026-09-06 10:00:52,523 - INFO - 2026-09-06 10:00:52 Turn: RIGHT, R: 0.13m, v_L: 0.46 m/s, v_R: -0.21 m/s
2026-09-06 10:00:52,523 - INFO - 2026-09-06 10:00:52 left_actuator_position: 988 (counts) from v_L 0.456 m/s
2026-09-06 10:00:52,523 - INFO - 2026-09-06 10:00:52 right_actuator_position: 1450 (counts) from v_R -0.206 m/s
2026-09-06 10:00:52,542 - INFO - Sent actuator positions to RoboClaw → M1 (left): 988, M2 (right): 1450 (counts)
2026-09-06 10:00:52,542 - INFO - 2026-09-06 10:00:52 APPLY → left_pos: 988, right_pos: 1450 (counts), v_L: 0.46 m/s, v_R: -0.21 m/s
2026-09-06 10:00:52,543 - INFO - 2026-09-06 10:00:52 Path tracking needs correction: heading_ok=False (alpha=11.7deg), distance_ok=False (cross=0.529m)
2026-09-06 10:00:52,705 - INFO - 2026-09-06 10:00:52 [3.4 OBSERVED] current_turn_radius: 2.20m
2026-09-06 10:00:52,705 - INFO - 2026-09-06 10:00:52 [3.4 OBSERVED] turn_direction: RIGHT
2026-09-06 10:00:52,705 - INFO - 2026-09-06 10:00:52 [3.4 OBSERVED] estimated left/right wheel speeds: 0.278, 0.202 m/s
2026-09-06 10:00:52,710 - INFO - 2026-09-06 10:00:52 [STATE] Current state: FOLLOWING_PATH
2026-09-06 10:00:52,710 - INFO - 2026-09-06 10:00:52 [SPEED] tight-turn cap: R=0.15m -> 0.125 m/s
2026-09-06 10:00:52,710 - INFO - 2026-09-06 10:00:52 [FOLLOW] TRACK: progress=0.00m/37.2m seg=0 cross=0.58m alpha=12.9° target=(0.00,0.00) R=0.15 RIGHT v=0.12 dwell=0.0s
2026-09-06 10:00:52,710 - INFO - 2026-09-06 10:00:52 TIGHT TURN - Reverse wheel motion required (v_L=0.43, v_R=-0.18)
2026-09-06 10:00:52,710 - INFO - 2026-09-06 10:00:52 Turn: RIGHT, R: 0.15m, v_L: 0.43 m/s, v_R: -0.18 m/s
2026-09-06 10:00:52,710 - INFO - 2026-09-06 10:00:52 left_actuator_position: 1011 (counts) from v_L 0.426 m/s
2026-09-06 10:00:52,710 - INFO - 2026-09-06 10:00:52 right_actuator_position: 1450 (counts) from v_R -0.176 m/s
2026-09-06 10:00:52,730 - INFO - Sent actuator positions to RoboClaw → M1 (left): 1011, M2 (right): 1450 (counts)
2026-09-06 10:00:52,730 - INFO - 2026-09-06 10:00:52 APPLY → left_pos: 1011, right_pos: 1450 (counts), v_L: 0.43 m/s, v_R: -0.18 m/s
2026-09-06 10:00:52,730 - INFO - 2026-09-06 10:00:52 Path tracking needs correction: heading_ok=False (alpha=12.9deg), distance_ok=False (cross=0.581m)
2026-09-06 10:00:52,908 - INFO - 2026-09-06 10:00:52 [3.4 OBSERVED] current_turn_radius: 0.87m
2026-09-06 10:00:52,908 - INFO - 2026-09-06 10:00:52 [3.4 OBSERVED] turn_direction: RIGHT
2026-09-06 10:00:52,908 - INFO - 2026-09-06 10:00:52 [3.4 OBSERVED] estimated left/right wheel speeds: 0.385, 0.164 m/s
2026-09-06 10:00:52,909 - INFO - 2026-09-06 10:00:52 [STATE] Current state: FOLLOWING_PATH
2026-09-06 10:00:52,910 - INFO - 2026-09-06 10:00:52 [SPEED] tight-turn cap: R=0.16m -> 0.125 m/s
2026-09-06 10:00:52,910 - INFO - 2026-09-06 10:00:52 [FOLLOW] TRACK: progress=0.00m/37.2m seg=0 cross=0.64m alpha=8.2° target=(0.00,0.00) R=0.16 RIGHT v=0.12 dwell=0.0s
2026-09-06 10:00:52,910 - INFO - 2026-09-06 10:00:52 TIGHT TURN - Reverse wheel motion required (v_L=0.40, v_R=-0.15)
2026-09-06 10:00:52,910 - INFO - 2026-09-06 10:00:52 Turn: RIGHT, R: 0.16m, v_L: 0.40 m/s, v_R: -0.15 m/s
2026-09-06 10:00:52,910 - INFO - 2026-09-06 10:00:52 left_actuator_position: 1031 (counts) from v_L 0.399 m/s
2026-09-06 10:00:52,910 - INFO - 2026-09-06 10:00:52 right_actuator_position: 1450 (counts) from v_R -0.149 m/s
2026-09-06 10:00:52,929 - INFO - Sent actuator positions to RoboClaw → M1 (left): 1031, M2 (right): 1450 (counts)
2026-09-06 10:00:52,929 - INFO - 2026-09-06 10:00:52 APPLY → left_pos: 1031, right_pos: 1450 (counts), v_L: 0.40 m/s, v_R: -0.15 m/s
2026-09-06 10:00:52,930 - INFO - 2026-09-06 10:00:52 Path tracking needs correction: heading_ok=True (alpha=8.2deg), distance_ok=False (cross=0.638m)
2026-09-06 10:00:53,120 - INFO - 2026-09-06 10:00:53 [3.4 OBSERVED] current_turn_radius: 0.55m
2026-09-06 10:00:53,121 - INFO - 2026-09-06 10:00:53 [3.4 OBSERVED] turn_direction: RIGHT
2026-09-06 10:00:53,121 - INFO - 2026-09-06 10:00:53 [3.4 OBSERVED] estimated left/right wheel speeds: 0.371, 0.081 m/s
2026-09-06 10:00:53,123 - INFO - 2026-09-06 10:00:53 [STATE] Current state: FOLLOWING_PATH
2026-09-06 10:00:53,123 - INFO - 2026-09-06 10:00:53 [SPEED] tight-turn cap: R=0.17m -> 0.125 m/s
2026-09-06 10:00:53,123 - INFO - 2026-09-06 10:00:53 [FOLLOW] TRACK: progress=0.00m/37.2m seg=0 cross=0.68m alpha=4.0° target=(0.00,0.00) R=0.17 RIGHT v=0.12 dwell=0.0s
2026-09-06 10:00:53,123 - INFO - 2026-09-06 10:00:53 TIGHT TURN - Reverse wheel motion required (v_L=0.38, v_R=-0.13)
2026-09-06 10:00:53,123 - INFO - 2026-09-06 10:00:53 Turn: RIGHT, R: 0.17m, v_L: 0.38 m/s, v_R: -0.13 m/s
2026-09-06 10:00:53,123 - INFO - 2026-09-06 10:00:53 left_actuator_position: 1045 (counts) from v_L 0.381 m/s
2026-09-06 10:00:53,123 - INFO - 2026-09-06 10:00:53 right_actuator_position: 1439 (counts) from v_R -0.131 m/s
2026-09-06 10:00:53,146 - INFO - Sent actuator positions to RoboClaw → M1 (left): 1045, M2 (right): 1439 (counts)
2026-09-06 10:00:53,146 - INFO - 2026-09-06 10:00:53 APPLY → left_pos: 1045, right_pos: 1439 (counts), v_L: 0.38 m/s, v_R: -0.13 m/s
2026-09-06 10:00:53,146 - INFO - 2026-09-06 10:00:53 Path tracking needs correction: heading_ok=True (alpha=4.0deg), distance_ok=False (cross=0.684m)
2026-09-06 10:00:53,314 - INFO - 2026-09-06 10:00:53 [3.4 OBSERVED] current_turn_radius: 0.41m
2026-09-06 10:00:53,314 - INFO - 2026-09-06 10:00:53 [3.4 OBSERVED] turn_direction: RIGHT
2026-09-06 10:00:53,314 - INFO - 2026-09-06 10:00:53 [3.4 OBSERVED] estimated left/right wheel speeds: 0.440, 0.036 m/s
2026-09-06 10:00:53,323 - INFO - 2026-09-06 10:00:53 [STATE] Current state: FOLLOWING_PATH
2026-09-06 10:00:53,323 - INFO - 2026-09-06 10:00:53 [FOLLOW] TRACK: progress=0.00m/37.2m seg=0 cross=0.73m alpha=-1.7° target=(0.00,0.00) R=inf STRAIGHT v=0.75 dwell=0.0s
2026-09-06 10:00:53,323 - INFO - 2026-09-06 10:00:53 Turn: STRAIGHT, R: infm, v_L: 0.75 m/s, v_R: 0.75 m/s
2026-09-06 10:00:53,323 - INFO - 2026-09-06 10:00:53 left_actuator_position: 762 (counts) from v_L 0.750 m/s
2026-09-06 10:00:53,323 - INFO - 2026-09-06 10:00:53 right_actuator_position: 762 (counts) from v_R 0.750 m/s
2026-09-06 10:00:53,342 - INFO - Sent actuator positions to RoboClaw → M1 (left): 762, M2 (right): 762 (counts)
2026-09-06 10:00:53,342 - INFO - 2026-09-06 10:00:53 APPLY → left_pos: 762, right_pos: 762 (counts), v_L: 0.75 m/s, v_R: 0.75 m/s
2026-09-06 10:00:53,343 - INFO - 2026-09-06 10:00:53 Path tracking needs correction: heading_ok=True (alpha=1.7deg), distance_ok=False (cross=0.730m)
2026-09-06 10:00:53,501 - INFO - 2026-09-06 10:00:53 [3.4 OBSERVED] current_turn_radius: 0.32m
2026-09-06 10:00:53,501 - INFO - 2026-09-06 10:00:53 [3.4 OBSERVED] turn_direction: RIGHT
2026-09-06 10:00:53,501 - INFO - 2026-09-06 10:00:53 [3.4 OBSERVED] estimated left/right wheel speeds: 0.517, -0.021 m/s
2026-09-06 10:00:53,503 - INFO - 2026-09-06 10:00:53 [STATE] Current state: FOLLOWING_PATH
2026-09-06 10:00:53,503 - INFO - 2026-09-06 10:00:53 [FOLLOW] TRACK: progress=0.00m/37.2m seg=0 cross=0.78m alpha=-8.3° target=(0.00,0.00) R=inf STRAIGHT v=0.75 dwell=0.0s
2026-09-06 10:00:53,503 - WARNING - Unexpected turn_direction: STRAIGHT, defaulting to straight
2026-09-06 10:00:53,503 - INFO - 2026-09-06 10:00:53 Turn: STRAIGHT, R: infm, v_L: 0.75 m/s, v_R: 0.75 m/s
2026-09-06 10:00:53,503 - INFO - 2026-09-06 10:00:53 left_actuator_position: 762 (counts) from v_L 0.750 m/s
2026-09-06 10:00:53,503 - INFO - 2026-09-06 10:00:53 right_actuator_position: 762 (counts) from v_R 0.750 m/s
2026-09-06 10:00:53,523 - INFO - Sent actuator positions to RoboClaw → M1 (left): 762, M2 (right): 762 (counts)
2026-09-06 10:00:53,523 - INFO - 2026-09-06 10:00:53 APPLY → left_pos: 762, right_pos: 762 (counts), v_L: 0.75 m/s, v_R: 0.75 m/s
2026-09-06 10:00:53,523 - INFO - 2026-09-06 10:00:53 Path tracking needs correction: heading_ok=True (alpha=8.3deg), distance_ok=False (cross=0.783m)
2026-09-06 10:00:53,702 - INFO - 2026-09-06 10:00:53 [3.4 OBSERVED] current_turn_radius: 0.37m
2026-09-06 10:00:53,702 - INFO - 2026-09-06 10:00:53 [3.4 OBSERVED] turn_direction: RIGHT
2026-09-06 10:00:53,702 - INFO - 2026-09-06 10:00:53 [3.4 OBSERVED] estimated left/right wheel speeds: 0.619, 0.017 m/s
2026-09-06 10:00:53,705 - INFO - 2026-09-06 10:00:53 [STATE] Current state: FOLLOWING_PATH
2026-09-06 10:00:53,705 - INFO - 2026-09-06 10:00:53 [FOLLOW] TRACK: progress=0.00m/37.2m seg=0 cross=0.83m alpha=-15.3° target=(0.00,0.00) R=inf STRAIGHT v=0.75 dwell=0.0s
2026-09-06 10:00:53,705 - WARNING - Unexpected turn_direction: STRAIGHT, defaulting to straight
2026-09-06 10:00:53,705 - INFO - 2026-09-06 10:00:53 Turn: STRAIGHT, R: infm, v_L: 0.75 m/s, v_R: 0.75 m/s
2026-09-06 10:00:53,705 - INFO - 2026-09-06 10:00:53 left_actuator_position: 762 (counts) from v_L 0.750 m/s
2026-09-06 10:00:53,705 - INFO - 2026-09-06 10:00:53 right_actuator_position: 762 (counts) from v_R 0.750 m/s
2026-09-06 10:00:53,725 - INFO - Sent actuator positions to RoboClaw → M1 (left): 762, M2 (right): 762 (counts)
2026-09-06 10:00:53,725 - INFO - 2026-09-06 10:00:53 APPLY → left_pos: 762, right_pos: 762 (counts), v_L: 0.75 m/s, v_R: 0.75 m/s
2026-09-06 10:00:53,725 - INFO - 2026-09-06 10:00:53 Path tracking needs correction: heading_ok=False (alpha=15.3deg), distance_ok=False (cross=0.829m)
2026-09-06 10:00:53,896 - INFO - 2026-09-06 10:00:53 [3.4 OBSERVED] current_turn_radius: 0.31m
2026-09-06 10:00:53,896 - INFO - 2026-09-06 10:00:53 [3.4 OBSERVED] turn_direction: RIGHT
2026-09-06 10:00:53,896 - INFO - 2026-09-06 10:00:53 [3.4 OBSERVED] estimated left/right wheel speeds: 0.508, -0.035 m/s
2026-09-06 10:00:53,902 - INFO - 2026-09-06 10:00:53 [STATE] Current state: FOLLOWING_PATH
2026-09-06 10:00:53,902 - INFO - 2026-09-06 10:00:53 [FOLLOW] TRACK: progress=0.00m/37.2m seg=0 cross=0.87m alpha=-22.1° target=(0.00,0.00) R=inf STRAIGHT v=0.75 dwell=0.0s
2026-09-06 10:00:53,902 - WARNING - Unexpected turn_direction: STRAIGHT, defaulting to straight
2026-09-06 10:00:53,902 - INFO - 2026-09-06 10:00:53 Turn: STRAIGHT, R: infm, v_L: 0.75 m/s, v_R: 0.75 m/s
2026-09-06 10:00:53,902 - INFO - 2026-09-06 10:00:53 left_actuator_position: 762 (counts) from v_L 0.750 m/s
2026-09-06 10:00:53,902 - INFO - 2026-09-06 10:00:53 right_actuator_position: 762 (counts) from v_R 0.750 m/s
2026-09-06 10:00:53,922 - INFO - Sent actuator positions to RoboClaw → M1 (left): 762, M2 (right): 762 (counts)
2026-09-06 10:00:53,923 - INFO - 2026-09-06 10:00:53 APPLY → left_pos: 762, right_pos: 762 (counts), v_L: 0.75 m/s, v_R: 0.75 m/s
2026-09-06 10:00:53,923 - INFO - 2026-09-06 10:00:53 Path tracking needs correction: heading_ok=False (alpha=22.1deg), distance_ok=False (cross=0.869m)
2026-09-06 10:00:54,109 - INFO - 2026-09-06 10:00:54 [3.4 OBSERVED] current_turn_radius: 0.31m
2026-09-06 10:00:54,109 - INFO - 2026-09-06 10:00:54 [3.4 OBSERVED] turn_direction: RIGHT
2026-09-06 10:00:54,109 - INFO - 2026-09-06 10:00:54 [3.4 OBSERVED] estimated left/right wheel speeds: 0.387, -0.024 m/s
2026-09-06 10:00:54,112 - INFO - 2026-09-06 10:00:54 [STATE] Current state: FOLLOWING_PATH
2026-09-06 10:00:54,113 - INFO - 2026-09-06 10:00:54 [FOLLOW] TRACK: progress=0.00m/37.2m seg=0 cross=0.86m alpha=-25.4° target=(0.00,0.00) R=inf STRAIGHT v=0.75 dwell=0.0s
2026-09-06 10:00:54,113 - WARNING - Unexpected turn_direction: STRAIGHT, defaulting to straight
2026-09-06 10:00:54,113 - INFO - 2026-09-06 10:00:54 Turn: STRAIGHT, R: infm, v_L: 0.75 m/s, v_R: 0.75 m/s
2026-09-06 10:00:54,113 - INFO - 2026-09-06 10:00:54 left_actuator_position: 762 (counts) from v_L 0.750 m/s
2026-09-06 10:00:54,113 - INFO - 2026-09-06 10:00:54 right_actuator_position: 762 (counts) from v_R 0.750 m/s
2026-09-06 10:00:54,134 - INFO - Sent actuator positions to RoboClaw → M1 (left): 762, M2 (right): 762 (counts)
2026-09-06 10:00:54,135 - INFO - 2026-09-06 10:00:54 APPLY → left_pos: 762, right_pos: 762 (counts), v_L: 0.75 m/s, v_R: 0.75 m/s
2026-09-06 10:00:54,135 - INFO - 2026-09-06 10:00:54 Path tracking needs correction: heading_ok=False (alpha=25.4deg), distance_ok=False (cross=0.864m)
2026-09-06 10:00:54,301 - INFO - 2026-09-06 10:00:54 [3.4 OBSERVED] current_turn_radius: 0.25m
2026-09-06 10:00:54,301 - INFO - 2026-09-06 10:00:54 [3.4 OBSERVED] turn_direction: RIGHT
2026-09-06 10:00:54,301 - INFO - 2026-09-06 10:00:54 [3.4 OBSERVED] estimated left/right wheel speeds: 0.473, -0.083 m/s
2026-09-06 10:00:54,309 - INFO - 2026-09-06 10:00:54 [STATE] Current state: FOLLOWING_PATH
2026-09-06 10:00:54,309 - INFO - 2026-09-06 10:00:54 [SPEED] tight-turn cap: R=0.70m -> 0.352 m/s
2026-09-06 10:00:54,309 - INFO - 2026-09-06 10:00:54 [FOLLOW] TRACK: progress=0.00m/37.2m seg=0 cross=0.81m alpha=-35.1° target=(0.00,0.00) R=0.70 LEFT v=0.35 dwell=0.0s
2026-09-06 10:00:54,309 - INFO - 2026-09-06 10:00:54 Turn: LEFT, R: 0.70m, v_L: 0.18 m/s, v_R: 0.53 m/s
2026-09-06 10:00:54,309 - INFO - 2026-09-06 10:00:54 left_actuator_position: 1100 (counts) from v_L 0.177 m/s
2026-09-06 10:00:54,310 - INFO - 2026-09-06 10:00:54 right_actuator_position: 933 (counts) from v_R 0.527 m/s
2026-09-06 10:00:54,326 - INFO - Sent actuator positions to RoboClaw → M1 (left): 1100, M2 (right): 933 (counts)
2026-09-06 10:00:54,326 - INFO - 2026-09-06 10:00:54 APPLY → left_pos: 1100, right_pos: 933 (counts), v_L: 0.18 m/s, v_R: 0.53 m/s
2026-09-06 10:00:54,326 - INFO - 2026-09-06 10:00:54 Path tracking needs correction: heading_ok=False (alpha=35.1deg), distance_ok=False (cross=0.808m)
2026-09-06 10:00:54,512 - INFO - 2026-09-06 10:00:54 [3.4 OBSERVED] current_turn_radius: 0.49m
2026-09-06 10:00:54,512 - INFO - 2026-09-06 10:00:54 [3.4 OBSERVED] turn_direction: RIGHT
2026-09-06 10:00:54,512 - INFO - 2026-09-06 10:00:54 [3.4 OBSERVED] estimated left/right wheel speeds: 0.555, 0.094 m/s
2026-09-06 10:00:54,521 - INFO - 2026-09-06 10:00:54 [STATE] Current state: FOLLOWING_PATH
2026-09-06 10:00:54,522 - INFO - 2026-09-06 10:00:54 [SPEED] tight-turn cap: R=0.51m -> 0.255 m/s
2026-09-06 10:00:54,522 - INFO - 2026-09-06 10:00:54 [FOLLOW] TRACK: progress=0.00m/37.2m seg=0 cross=0.74m alpha=-44.9° target=(0.00,0.00) R=0.51 LEFT v=0.26 dwell=0.0s
2026-09-06 10:00:54,522 - INFO - 2026-09-06 10:00:54 Turn: LEFT, R: 0.51m, v_L: 0.08 m/s, v_R: 0.43 m/s
2026-09-06 10:00:54,522 - INFO - 2026-09-06 10:00:54 left_actuator_position: 1100 (counts) from v_L 0.080 m/s
2026-09-06 10:00:54,522 - INFO - 2026-09-06 10:00:54 right_actuator_position: 1008 (counts) from v_R 0.430 m/s
2026-09-06 10:00:54,549 - INFO - Sent actuator positions to RoboClaw → M1 (left): 1100, M2 (right): 1008 (counts)
2026-09-06 10:00:54,549 - INFO - 2026-09-06 10:00:54 APPLY → left_pos: 1100, right_pos: 1008 (counts), v_L: 0.08 m/s, v_R: 0.43 m/s
2026-09-06 10:00:54,549 - INFO - 2026-09-06 10:00:54 Path tracking needs correction: heading_ok=False (alpha=44.9deg), distance_ok=False (cross=0.744m)
2026-09-06 10:00:54,700 - INFO - 2026-09-06 10:00:54 [3.4 OBSERVED] current_turn_radius: 1.80m
2026-09-06 10:00:54,700 - INFO - 2026-09-06 10:00:54 [3.4 OBSERVED] turn_direction: RIGHT
2026-09-06 10:00:54,700 - INFO - 2026-09-06 10:00:54 [3.4 OBSERVED] estimated left/right wheel speeds: 0.737, 0.497 m/s
2026-09-06 10:00:54,703 - INFO - 2026-09-06 10:00:54 [STATE] Current state: FOLLOWING_PATH
2026-09-06 10:00:54,703 - INFO - 2026-09-06 10:00:54 [SPEED] tight-turn cap: R=0.33m -> 0.167 m/s
2026-09-06 10:00:54,703 - INFO - 2026-09-06 10:00:54 [FOLLOW] TRACK: progress=0.00m/37.2m seg=0 cross=0.67m alpha=-56.0° target=(0.00,0.00) R=0.33 LEFT v=0.17 dwell=0.0s
2026-09-06 10:00:54,703 - INFO - 2026-09-06 10:00:54 TIGHT TURN - Reverse wheel motion required (v_L=-0.01, v_R=0.34)
2026-09-06 10:00:54,703 - INFO - 2026-09-06 10:00:54 Turn: LEFT, R: 0.33m, v_L: -0.01 m/s, v_R: 0.34 m/s
2026-09-06 10:00:54,703 - INFO - 2026-09-06 10:00:54 left_actuator_position: 1345 (counts) from v_L -0.008 m/s
2026-09-06 10:00:54,703 - INFO - 2026-09-06 10:00:54 right_actuator_position: 1075 (counts) from v_R 0.342 m/s
2026-09-06 10:00:54,725 - INFO - Sent actuator positions to RoboClaw → M1 (left): 1345, M2 (right): 1075 (counts)
2026-09-06 10:00:54,725 - INFO - 2026-09-06 10:00:54 APPLY → left_pos: 1345, right_pos: 1075 (counts), v_L: -0.01 m/s, v_R: 0.34 m/s
2026-09-06 10:00:54,725 - INFO - 2026-09-06 10:00:54 Path tracking needs correction: heading_ok=False (alpha=56.0deg), distance_ok=False (cross=0.667m)
2026-09-06 10:00:54,906 - INFO - 2026-09-06 10:00:54 [3.4 OBSERVED] current_turn_radius: 1.78m
2026-09-06 10:00:54,906 - INFO - 2026-09-06 10:00:54 [3.4 OBSERVED] turn_direction: RIGHT
2026-09-06 10:00:54,906 - INFO - 2026-09-06 10:00:54 [3.4 OBSERVED] estimated left/right wheel speeds: 0.953, 0.639 m/s
2026-09-06 10:00:54,912 - INFO - 2026-09-06 10:00:54 [STATE] Current state: FOLLOWING_PATH
2026-09-06 10:00:54,912 - INFO - 2026-09-06 10:00:54 [SPEED] tight-turn cap: R=0.15m -> 0.125 m/s
2026-09-06 10:00:54,912 - INFO - 2026-09-06 10:00:54 [FOLLOW] TRACK: progress=0.00m/37.2m seg=0 cross=0.58m alpha=-72.6° target=(0.00,0.00) R=0.15 LEFT v=0.12 dwell=0.0s
2026-09-06 10:00:54,912 - INFO - 2026-09-06 10:00:54 TIGHT TURN - Reverse wheel motion required (v_L=-0.17, v_R=0.42)
2026-09-06 10:00:54,912 - INFO - 2026-09-06 10:00:54 Turn: LEFT, R: 0.15m, v_L: -0.17 m/s, v_R: 0.42 m/s
2026-09-06 10:00:54,912 - INFO - 2026-09-06 10:00:54 left_actuator_position: 1450 (counts) from v_L -0.174 m/s
2026-09-06 10:00:54,912 - INFO - 2026-09-06 10:00:54 right_actuator_position: 1012 (counts) from v_R 0.424 m/s
2026-09-06 10:00:54,935 - INFO - Sent actuator positions to RoboClaw → M1 (left): 1450, M2 (right): 1012 (counts)
2026-09-06 10:00:54,935 - INFO - 2026-09-06 10:00:54 APPLY → left_pos: 1450, right_pos: 1012 (counts), v_L: -0.17 m/s, v_R: 0.42 m/s
2026-09-06 10:00:54,935 - INFO - 2026-09-06 10:00:54 Path tracking needs correction: heading_ok=False (alpha=72.6deg), distance_ok=False (cross=0.578m)
2026-09-06 10:00:55,107 - INFO - 2026-09-06 10:00:55 [3.4 OBSERVED] current_turn_radius: 5.78m
2026-09-06 10:00:55,107 - INFO - 2026-09-06 10:00:55 [3.4 OBSERVED] turn_direction: RIGHT
2026-09-06 10:00:55,107 - INFO - 2026-09-06 10:00:55 [3.4 OBSERVED] estimated left/right wheel speeds: 0.500, 0.443 m/s
2026-09-06 10:00:55,109 - INFO - 2026-09-06 10:00:55 [STATE] Current state: FOLLOWING_PATH
2026-09-06 10:00:55,109 - INFO - 2026-09-06 10:00:55 [SPEED] tight-turn cap: R=0.02m -> 0.125 m/s
2026-09-06 10:00:55,109 - INFO - 2026-09-06 10:00:55 [FOLLOW] TRACK: progress=0.00m/37.2m seg=0 cross=0.56m alpha=-85.2° target=(0.00,0.00) R=0.02 LEFT v=0.12 dwell=0.0s
2026-09-06 10:00:55,109 - INFO - 2026-09-06 10:00:55 TIGHT TURN - Reverse wheel motion required (v_L=-2.01, v_R=2.26)
2026-09-06 10:00:55,109 - INFO - 2026-09-06 10:00:55 Turn: LEFT, R: 0.02m, v_L: -2.01 m/s, v_R: 2.26 m/s
2026-09-06 10:00:55,110 - INFO - 2026-09-06 10:00:55 left_actuator_position: 1450 (counts) from v_L -2.006 m/s
2026-09-06 10:00:55,110 - INFO - 2026-09-06 10:00:55 right_actuator_position: 420 (counts) from v_R 2.256 m/s
2026-09-06 10:00:55,128 - INFO - Sent actuator positions to RoboClaw → M1 (left): 1450, M2 (right): 420 (counts)
2026-09-06 10:00:55,128 - INFO - 2026-09-06 10:00:55 APPLY → left_pos: 1450, right_pos: 420 (counts), v_L: -2.01 m/s, v_R: 2.26 m/s
2026-09-06 10:00:55,128 - INFO - 2026-09-06 10:00:55 Path tracking needs correction: heading_ok=False (alpha=85.2deg), distance_ok=False (cross=0.557m)
2026-09-06 10:00:55,293 - INFO - 2026-09-06 10:00:55 [3.4 OBSERVED] current_turn_radius: 3.24m
2026-09-06 10:00:55,293 - INFO - 2026-09-06 10:00:55 [3.4 OBSERVED] turn_direction: LEFT
2026-09-06 10:00:55,293 - INFO - 2026-09-06 10:00:55 [3.4 OBSERVED] estimated left/right wheel speeds: 0.319, 0.396 m/s
2026-09-06 10:00:55,298 - INFO - 2026-09-06 10:00:55 [STATE] Current state: FOLLOWING_PATH
2026-09-06 10:00:55,298 - INFO - 2026-09-06 10:00:55 [SPEED] tight-turn cap: R=0.14m -> 0.125 m/s
2026-09-06 10:00:55,298 - INFO - 2026-09-06 10:00:55 [FOLLOW] TRACK: progress=0.00m/37.2m seg=0 cross=0.56m alpha=-91.6° target=(0.00,0.00) R=0.14 LEFT v=0.12 dwell=0.0s
2026-09-06 10:00:55,298 - INFO - 2026-09-06 10:00:55 TIGHT TURN - Reverse wheel motion required (v_L=-0.19, v_R=0.44)
2026-09-06 10:00:55,298 - INFO - 2026-09-06 10:00:55 Turn: LEFT, R: 0.14m, v_L: -0.19 m/s, v_R: 0.44 m/s
2026-09-06 10:00:55,298 - INFO - 2026-09-06 10:00:55 left_actuator_position: 1450 (counts) from v_L -0.190 m/s
2026-09-06 10:00:55,298 - INFO - 2026-09-06 10:00:55 right_actuator_position: 1000 (counts) from v_R 0.440 m/s
2026-09-06 10:00:55,319 - INFO - Sent actuator positions to RoboClaw → M1 (left): 1450, M2 (right): 1000 (counts)
2026-09-06 10:00:55,319 - INFO - 2026-09-06 10:00:55 APPLY → left_pos: 1450, right_pos: 1000 (counts), v_L: -0.19 m/s, v_R: 0.44 m/s
2026-09-06 10:00:55,319 - INFO - 2026-09-06 10:00:55 Path tracking needs correction: heading_ok=False (alpha=91.6deg), distance_ok=False (cross=0.556m)
2026-09-06 10:00:55,498 - INFO - 2026-09-06 10:00:55 [3.4 OBSERVED] current_turn_radius: 3.42m
2026-09-06 10:00:55,498 - INFO - 2026-09-06 10:00:55 [3.4 OBSERVED] turn_direction: LEFT
2026-09-06 10:00:55,498 - INFO - 2026-09-06 10:00:55 [3.4 OBSERVED] estimated left/right wheel speeds: 0.157, 0.192 m/s
2026-09-06 10:00:55,501 - INFO - 2026-09-06 10:00:55 [STATE] Current state: FOLLOWING_PATH
2026-09-06 10:00:55,501 - INFO - 2026-09-06 10:00:55 [SPEED] tight-turn cap: R=0.14m -> 0.125 m/s
2026-09-06 10:00:55,501 - INFO - 2026-09-06 10:00:55 [FOLLOW] TRACK: progress=0.00m/37.2m seg=0 cross=0.58m alpha=-93.8° target=(0.00,0.00) R=0.14 LEFT v=0.12 dwell=0.0s
2026-09-06 10:00:55,501 - INFO - 2026-09-06 10:00:55 TIGHT TURN - Reverse wheel motion required (v_L=-0.18, v_R=0.43)
2026-09-06 10:00:55,501 - INFO - 2026-09-06 10:00:55 Turn: LEFT, R: 0.14m, v_L: -0.18 m/s, v_R: 0.43 m/s
2026-09-06 10:00:55,501 - INFO - 2026-09-06 10:00:55 left_actuator_position: 1450 (counts) from v_L -0.179 m/s
2026-09-06 10:00:55,501 - INFO - 2026-09-06 10:00:55 right_actuator_position: 1009 (counts) from v_R 0.429 m/s
2026-09-06 10:00:55,518 - INFO - Sent actuator positions to RoboClaw → M1 (left): 1450, M2 (right): 1009 (counts)
2026-09-06 10:00:55,518 - INFO - 2026-09-06 10:00:55 APPLY → left_pos: 1450, right_pos: 1009 (counts), v_L: -0.18 m/s, v_R: 0.43 m/s
2026-09-06 10:00:55,518 - INFO - 2026-09-06 10:00:55 Path tracking needs correction: heading_ok=False (alpha=93.8deg), distance_ok=False (cross=0.576m)
2026-09-06 10:00:55,690 - INFO - 2026-09-06 10:00:55 [3.4 OBSERVED] current_turn_radius: infm
2026-09-06 10:00:55,690 - INFO - 2026-09-06 10:00:55 [3.4 OBSERVED] turn_direction: LEFT
2026-09-06 10:00:55,690 - INFO - 2026-09-06 10:00:55 [3.4 OBSERVED] estimated left/right wheel speeds: nan, nan m/s
2026-09-06 10:00:55,692 - INFO - 2026-09-06 10:00:55 [STATE] Current state: FOLLOWING_PATH
2026-09-06 10:00:55,692 - INFO - 2026-09-06 10:00:55 [SPEED] tight-turn cap: R=0.14m -> 0.125 m/s
2026-09-06 10:00:55,692 - INFO - 2026-09-06 10:00:55 [FOLLOW] TRACK: progress=0.00m/37.2m seg=0 cross=0.58m alpha=-93.0° target=(0.00,0.00) R=0.14 LEFT v=0.12 dwell=0.0s
2026-09-06 10:00:55,692 - INFO - 2026-09-06 10:00:55 TIGHT TURN - Reverse wheel motion required (v_L=-0.18, v_R=0.43)
2026-09-06 10:00:55,692 - INFO - 2026-09-06 10:00:55 Turn: LEFT, R: 0.14m, v_L: -0.18 m/s, v_R: 0.43 m/s
2026-09-06 10:00:55,692 - INFO - 2026-09-06 10:00:55 left_actuator_position: 1450 (counts) from v_L -0.178 m/s
2026-09-06 10:00:55,692 - INFO - 2026-09-06 10:00:55 right_actuator_position: 1009 (counts) from v_R 0.428 m/s
2026-09-06 10:00:55,712 - INFO - Sent actuator positions to RoboClaw → M1 (left): 1450, M2 (right): 1009 (counts)
2026-09-06 10:00:55,712 - INFO - 2026-09-06 10:00:55 APPLY → left_pos: 1450, right_pos: 1009 (counts), v_L: -0.18 m/s, v_R: 0.43 m/s
2026-09-06 10:00:55,712 - INFO - 2026-09-06 10:00:55 Path tracking needs correction: heading_ok=False (alpha=93.0deg), distance_ok=False (cross=0.578m)
2026-09-06 10:00:55,897 - INFO - 2026-09-06 10:00:55 [3.4 OBSERVED] current_turn_radius: 0.55m
2026-09-06 10:00:55,897 - INFO - 2026-09-06 10:00:55 [3.4 OBSERVED] turn_direction: LEFT
2026-09-06 10:00:55,897 - INFO - 2026-09-06 10:00:55 [3.4 OBSERVED] estimated left/right wheel speeds: 0.083, 0.380 m/s
2026-09-06 10:00:55,899 - INFO - 2026-09-06 10:00:55 [STATE] Current state: FOLLOWING_PATH
2026-09-06 10:00:55,899 - INFO - 2026-09-06 10:00:55 [SPEED] tight-turn cap: R=0.15m -> 0.125 m/s
2026-09-06 10:00:55,899 - INFO - 2026-09-06 10:00:55 [FOLLOW] TRACK: progress=0.00m/37.2m seg=0 cross=0.62m alpha=-90.2° target=(0.00,0.00) R=0.15 LEFT v=0.12 dwell=0.0s
2026-09-06 10:00:55,899 - INFO - 2026-09-06 10:00:55 TIGHT TURN - Reverse wheel motion required (v_L=-0.16, v_R=0.41)
2026-09-06 10:00:55,899 - INFO - 2026-09-06 10:00:55 Turn: LEFT, R: 0.15m, v_L: -0.16 m/s, v_R: 0.41 m/s
2026-09-06 10:00:55,899 - INFO - 2026-09-06 10:00:55 left_actuator_position: 1450 (counts) from v_L -0.158 m/s
2026-09-06 10:00:55,899 - INFO - 2026-09-06 10:00:55 right_actuator_position: 1025 (counts) from v_R 0.408 m/s
2026-09-06 10:00:55,918 - INFO - Sent actuator positions to RoboClaw → M1 (left): 1450, M2 (right): 1025 (counts)
2026-09-06 10:00:55,918 - INFO - 2026-09-06 10:00:55 APPLY → left_pos: 1450, right_pos: 1025 (counts), v_L: -0.16 m/s, v_R: 0.41 m/s
2026-09-06 10:00:55,918 - INFO - 2026-09-06 10:00:55 Path tracking needs correction: heading_ok=False (alpha=90.2deg), distance_ok=False (cross=0.619m)
2026-09-06 10:00:56,119 - INFO - 2026-09-06 10:00:56 [3.4 OBSERVED] current_turn_radius: 0.63m
2026-09-06 10:00:56,119 - INFO - 2026-09-06 10:00:56 [3.4 OBSERVED] turn_direction: LEFT
2026-09-06 10:00:56,119 - INFO - 2026-09-06 10:00:56 [3.4 OBSERVED] estimated left/right wheel speeds: 0.203, 0.713 m/s
2026-09-06 10:00:56,122 - INFO - 2026-09-06 10:00:56 [STATE] Current state: FOLLOWING_PATH
2026-09-06 10:00:56,122 - INFO - 2026-09-06 10:00:56 [SPEED] tight-turn cap: R=0.17m -> 0.125 m/s
2026-09-06 10:00:56,122 - INFO - 2026-09-06 10:00:56 [FOLLOW] TRACK: progress=0.00m/37.2m seg=0 cross=0.66m alpha=-89.5° target=(0.00,0.00) R=0.17 LEFT v=0.12 dwell=0.0s
2026-09-06 10:00:56,122 - INFO - 2026-09-06 10:00:56 TIGHT TURN - Reverse wheel motion required (v_L=-0.14, v_R=0.39)
2026-09-06 10:00:56,122 - INFO - 2026-09-06 10:00:56 Turn: LEFT, R: 0.17m, v_L: -0.14 m/s, v_R: 0.39 m/s
2026-09-06 10:00:56,122 - INFO - 2026-09-06 10:00:56 left_actuator_position: 1446 (counts) from v_L -0.140 m/s
2026-09-06 10:00:56,122 - INFO - 2026-09-06 10:00:56 right_actuator_position: 1039 (counts) from v_R 0.390 m/s
2026-09-06 10:00:56,142 - INFO - Sent actuator positions to RoboClaw → M1 (left): 1446, M2 (right): 1039 (counts)
2026-09-06 10:00:56,142 - INFO - 2026-09-06 10:00:56 APPLY → left_pos: 1446, right_pos: 1039 (counts), v_L: -0.14 m/s, v_R: 0.39 m/s
2026-09-06 10:00:56,142 - INFO - 2026-09-06 10:00:56 Path tracking needs correction: heading_ok=False (alpha=89.5deg), distance_ok=False (cross=0.662m)
2026-09-06 10:00:56,297 - INFO - 2026-09-06 10:00:56 [3.4 OBSERVED] current_turn_radius: 0.34m
2026-09-06 10:00:56,297 - INFO - 2026-09-06 10:00:56 [3.4 OBSERVED] turn_direction: LEFT
2026-09-06 10:00:56,297 - INFO - 2026-09-06 10:00:56 [3.4 OBSERVED] estimated left/right wheel speeds: -0.011, 0.898 m/s
2026-09-06 10:00:56,301 - INFO - 2026-09-06 10:00:56 [STATE] Current state: FOLLOWING_PATH
2026-09-06 10:00:56,301 - INFO - 2026-09-06 10:00:56 [SPEED] tight-turn cap: R=0.18m -> 0.125 m/s
2026-09-06 10:00:56,301 - INFO - 2026-09-06 10:00:56 [FOLLOW] TRACK: progress=0.00m/37.2m seg=0 cross=0.72m alpha=-80.8° target=(0.00,0.00) R=0.18 LEFT v=0.12 dwell=0.0s
2026-09-06 10:00:56,301 - INFO - 2026-09-06 10:00:56 TIGHT TURN - Reverse wheel motion required (v_L=-0.12, v_R=0.37)
2026-09-06 10:00:56,301 - INFO - 2026-09-06 10:00:56 Turn: LEFT, R: 0.18m, v_L: -0.12 m/s, v_R: 0.37 m/s
2026-09-06 10:00:56,301 - INFO - 2026-09-06 10:00:56 left_actuator_position: 1429 (counts) from v_L -0.117 m/s
2026-09-06 10:00:56,301 - INFO - 2026-09-06 10:00:56 right_actuator_position: 1056 (counts) from v_R 0.367 m/s
2026-09-06 10:00:56,316 - INFO - Sent actuator positions to RoboClaw → M1 (left): 1429, M2 (right): 1056 (counts)
2026-09-06 10:00:56,316 - INFO - 2026-09-06 10:00:56 APPLY → left_pos: 1429, right_pos: 1056 (counts), v_L: -0.12 m/s, v_R: 0.37 m/s
2026-09-06 10:00:56,316 - INFO - 2026-09-06 10:00:56 Path tracking needs correction: heading_ok=False (alpha=80.8deg), distance_ok=False (cross=0.722m)
2026-09-06 10:00:56,507 - INFO - 2026-09-06 10:00:56 [3.4 OBSERVED] current_turn_radius: 0.40m
2026-09-06 10:00:56,507 - INFO - 2026-09-06 10:00:56 [3.4 OBSERVED] turn_direction: LEFT
2026-09-06 10:00:56,507 - INFO - 2026-09-06 10:00:56 [3.4 OBSERVED] estimated left/right wheel speeds: 0.070, 1.002 m/s
2026-09-06 10:00:56,514 - INFO - 2026-09-06 10:00:56 [STATE] Current state: FOLLOWING_PATH
2026-09-06 10:00:56,514 - INFO - 2026-09-06 10:00:56 [SPEED] tight-turn cap: R=0.19m -> 0.125 m/s
2026-09-06 10:00:56,514 - INFO - 2026-09-06 10:00:56 [FOLLOW] TRACK: progress=0.00m/37.2m seg=0 cross=0.77m alpha=-71.9° target=(0.00,0.00) R=0.19 LEFT v=0.12 dwell=0.0s
2026-09-06 10:00:56,514 - INFO - 2026-09-06 10:00:56 TIGHT TURN - Reverse wheel motion required (v_L=-0.10, v_R=0.35)
2026-09-06 10:00:56,514 - INFO - 2026-09-06 10:00:56 Turn: LEFT, R: 0.19m, v_L: -0.10 m/s, v_R: 0.35 m/s
2026-09-06 10:00:56,514 - INFO - 2026-09-06 10:00:56 left_actuator_position: 1418 (counts) from v_L -0.103 m/s
2026-09-06 10:00:56,515 - INFO - 2026-09-06 10:00:56 right_actuator_position: 1067 (counts) from v_R 0.353 m/s
2026-09-06 10:00:56,538 - INFO - Sent actuator positions to RoboClaw → M1 (left): 1418, M2 (right): 1067 (counts)
2026-09-06 10:00:56,538 - INFO - 2026-09-06 10:00:56 APPLY → left_pos: 1418, right_pos: 1067 (counts), v_L: -0.10 m/s, v_R: 0.35 m/s
2026-09-06 10:00:56,538 - INFO - 2026-09-06 10:00:56 Path tracking needs correction: heading_ok=False (alpha=71.9deg), distance_ok=False (cross=0.767m)
2026-09-06 10:00:56,698 - INFO - 2026-09-06 10:00:56 [3.4 OBSERVED] current_turn_radius: 0.27m
2026-09-06 10:00:56,698 - INFO - 2026-09-06 10:00:56 [3.4 OBSERVED] turn_direction: LEFT
2026-09-06 10:00:56,698 - INFO - 2026-09-06 10:00:56 [3.4 OBSERVED] estimated left/right wheel speeds: -0.132, 1.000 m/s
2026-09-06 10:00:56,701 - INFO - 2026-09-06 10:00:56 [STATE] Current state: FOLLOWING_PATH
2026-09-06 10:00:56,701 - INFO - 2026-09-06 10:00:56 [SPEED] tight-turn cap: R=0.19m -> 0.125 m/s
2026-09-06 10:00:56,701 - INFO - 2026-09-06 10:00:56 [FOLLOW] TRACK: progress=0.00m/37.2m seg=0 cross=0.78m alpha=-60.2° target=(0.00,0.00) R=0.19 LEFT v=0.12 dwell=0.0s
2026-09-06 10:00:56,701 - INFO - 2026-09-06 10:00:56 TIGHT TURN - Reverse wheel motion required (v_L=-0.10, v_R=0.35)
2026-09-06 10:00:56,701 - INFO - 2026-09-06 10:00:56 Turn: LEFT, R: 0.19m, v_L: -0.10 m/s, v_R: 0.35 m/s
2026-09-06 10:00:56,701 - INFO - 2026-09-06 10:00:56 left_actuator_position: 1416 (counts) from v_L -0.101 m/s
2026-09-06 10:00:56,701 - INFO - 2026-09-06 10:00:56 right_actuator_position: 1069 (counts) from v_R 0.351 m/s
2026-09-06 10:00:56,715 - INFO - Sent actuator positions to RoboClaw → M1 (left): 1416, M2 (right): 1069 (counts)
2026-09-06 10:00:56,715 - INFO - 2026-09-06 10:00:56 APPLY → left_pos: 1416, right_pos: 1069 (counts), v_L: -0.10 m/s, v_R: 0.35 m/s
2026-09-06 10:00:56,715 - INFO - 2026-09-06 10:00:56 Path tracking needs correction: heading_ok=False (alpha=60.2deg), distance_ok=False (cross=0.776m)
2026-09-06 10:00:56,896 - INFO - 2026-09-06 10:00:56 [3.4 OBSERVED] current_turn_radius: 0.33m
2026-09-06 10:00:56,896 - INFO - 2026-09-06 10:00:56 [3.4 OBSERVED] turn_direction: LEFT
2026-09-06 10:00:56,896 - INFO - 2026-09-06 10:00:56 [3.4 OBSERVED] estimated left/right wheel speeds: -0.022, 0.837 m/s
2026-09-06 10:00:56,898 - INFO - 2026-09-06 10:00:56 [STATE] Current state: FOLLOWING_PATH
2026-09-06 10:00:56,898 - INFO - 2026-09-06 10:00:56 [SPEED] tight-turn cap: R=0.20m -> 0.125 m/s
2026-09-06 10:00:56,898 - INFO - 2026-09-06 10:00:56 [FOLLOW] TRACK: progress=0.00m/37.2m seg=0 cross=0.78m alpha=-51.4° target=(0.00,0.00) R=0.20 LEFT v=0.12 dwell=0.0s
2026-09-06 10:00:56,898 - INFO - 2026-09-06 10:00:56 TIGHT TURN - Reverse wheel motion required (v_L=-0.10, v_R=0.35)
2026-09-06 10:00:56,898 - INFO - 2026-09-06 10:00:56 Turn: LEFT, R: 0.20m, v_L: -0.10 m/s, v_R: 0.35 m/s
2026-09-06 10:00:56,898 - INFO - 2026-09-06 10:00:56 left_actuator_position: 1414 (counts) from v_L -0.098 m/s
2026-09-06 10:00:56,898 - INFO - 2026-09-06 10:00:56 right_actuator_position: 1070 (counts) from v_R 0.348 m/s
2026-09-06 10:00:56,912 - INFO - Sent actuator positions to RoboClaw → M1 (left): 1414, M2 (right): 1070 (counts)
2026-09-06 10:00:56,912 - INFO - 2026-09-06 10:00:56 APPLY → left_pos: 1414, right_pos: 1070 (counts), v_L: -0.10 m/s, v_R: 0.35 m/s
2026-09-06 10:00:56,912 - INFO - 2026-09-06 10:00:56 Path tracking needs correction: heading_ok=False (alpha=51.4deg), distance_ok=False (cross=0.783m)
2026-09-06 10:00:57,107 - INFO - 2026-09-06 10:00:57 [3.4 OBSERVED] current_turn_radius: 0.30m
2026-09-06 10:00:57,107 - INFO - 2026-09-06 10:00:57 [3.4 OBSERVED] turn_direction: LEFT
2026-09-06 10:00:57,107 - INFO - 2026-09-06 10:00:57 [3.4 OBSERVED] estimated left/right wheel speeds: -0.027, 0.323 m/s
2026-09-06 10:00:57,111 - INFO - 2026-09-06 10:00:57 [STATE] Current state: FOLLOWING_PATH
2026-09-06 10:00:57,111 - ERROR - 2026-09-06 10:00:57 [FOLLOW] SAFETY ABORT: no progress for 25 epochs (progress 0.00m, cross-track 0.82m)
2026-09-06 10:00:57,123 - INFO - Actuators commanded to neutral (1100) -- Follower safety abort
2026-09-06 10:00:57,141 - INFO - Actuators commanded to neutral (1100) -- Repeat exit - returning to neutral
2026-09-06 10:00:57,834 - INFO - Shutdown: actuators confirmed at neutral (Repeat exit - returning to neutral)
2026-09-06 10:00:57,834 - INFO - GREEN_LED GPIO cleaned up successfully
