2026-07-26 13:16:23,031 - INFO - Constants module loaded successfully
2026-07-26 13:16:23,049 - INFO - RoboClaw opened on /dev/serial/by-id/usb-Basicmicro_Inc._USB_Roboclaw_2x15A-if00
2026-07-26 13:16:23,366 - INFO - RoboClaw: encoders reset, actuators set to neutral (1100)
2026-07-26 13:16:23,671 - INFO - RoboClaw: serial port closed (ready for subprocess)
2026-07-26 13:16:23,671 - INFO - Application started
2026-07-26 13:16:23,671 - INFO - Starting main function
2026-07-26 13:16:23,671 - INFO - Waiting for user input...
2026-07-26 13:16:23,675 - INFO - Background GPS heading capture started
2026-07-26 13:16:27,876 - INFO - Background GPS port closed
2026-07-26 13:16:28,390 - INFO - Persisted heading 54.5° (accuracy: 1.0°) captured at 2026-07-26 13:16:27
2026-07-26 13:16:29,391 - INFO - User selected mode: B
2026-07-26 13:16:29,392 - INFO - Mode B selected
2026-07-26 13:16:29,392 - INFO - Enter a 2-digit combination
2026-07-26 13:16:29,623 - INFO - Digit entered: 5
2026-07-26 13:16:29,633 - INFO - Digit entered: 5
2026-07-26 13:16:29,633 - INFO - Combination entered: 55
2026-07-26 13:16:29,633 - INFO - File with ID 55 found in Record/Data
2026-07-26 13:25:10,813 - WARNING - safe_pull failed (ignored): Command '['/home/dali/Documents/ReMow-Rover-Tests/scripts/safe_pull.sh']' timed out after 34.999962554999996 seconds
2026-07-26 13:25:10,815 - INFO - Setting UBX Rate to 200 ms (5 Hz)
2026-07-26 13:25:19,324 - INFO - UBX Rate set to 200 ms (5 Hz)
2026-07-26 13:25:19,326 - INFO - Closed GPS port after configuration
2026-07-26 13:25:19,326 - INFO - Triggering readRecordedRun with combination: 55
2026-07-26 13:26:14,222 - INFO - Subprocess exited with code: 0
2026-07-26 13:26:15,268 - INFO - Waiting for user input...
2026-07-26 13:26:15,338 - INFO - Background GPS heading capture started
