2026-09-13 10:31:23,702 - INFO - Constants module loaded successfully
2026-09-13 10:31:23,709 - INFO - RoboClaw opened on /dev/serial/by-id/usb-Basicmicro_Inc._USB_Roboclaw_2x15A-if00
2026-09-13 10:31:24,029 - INFO - RoboClaw: encoders reset, actuators set to neutral (1100)
2026-09-13 10:31:24,334 - INFO - RoboClaw: serial port closed (ready for subprocess)
2026-09-13 10:31:24,334 - INFO - Application started
2026-09-13 10:31:24,334 - INFO - Starting main function
2026-09-13 10:31:24,334 - INFO - Waiting for user input...
2026-09-13 10:31:24,339 - INFO - Background GPS heading capture started
2026-09-13 10:33:24,444 - INFO - Inactivity timeout reached. Restarting menu.
2026-09-13 10:33:24,623 - INFO - Background GPS port closed
2026-09-13 10:33:24,623 - WARNING - No valid heading captured to persist
2026-09-13 10:33:24,623 - INFO - Waiting for user input...
2026-09-13 10:33:24,625 - INFO - Background GPS heading capture started
2026-09-13 10:35:24,675 - INFO - Inactivity timeout reached. Restarting menu.
2026-09-13 10:35:24,830 - INFO - Background GPS port closed
2026-09-13 10:35:24,831 - WARNING - No valid heading captured to persist
2026-09-13 10:35:24,831 - INFO - Waiting for user input...
2026-09-13 10:35:24,832 - INFO - Background GPS heading capture started
2026-09-13 10:36:17,238 - INFO - Background GPS port closed
2026-09-13 10:36:17,271 - INFO - Persisted heading 102.1° (accuracy: 1.0°) captured at 2026-09-13 10:36:17
2026-09-13 10:36:18,272 - INFO - User selected mode: B
2026-09-13 10:36:18,272 - INFO - Mode B selected
2026-09-13 10:36:18,272 - INFO - Enter a 2-digit combination
2026-09-13 10:36:18,503 - INFO - Digit entered: 6
2026-09-13 10:36:18,513 - INFO - Digit entered: 6
2026-09-13 10:36:18,513 - INFO - Combination entered: 66
2026-09-13 10:36:18,513 - INFO - File with ID 66 found in Record/Data
2026-09-13 10:36:24,519 - INFO - Deployed version:  @ 
2026-09-13 10:36:24,520 - INFO - Setting UBX Rate to 200 ms (5 Hz)
2026-09-13 10:36:33,030 - INFO - UBX Rate set to 200 ms (5 Hz)
2026-09-13 10:36:33,030 - INFO - Closed GPS port after configuration
2026-09-13 10:36:33,030 - INFO - Triggering readRecordedRun with combination: 66
2026-09-13 10:36:41,587 - INFO - Mode D pressed - requesting graceful stop (SIGINT). Subprocess will neutralize actuators before exiting.
2026-09-13 10:36:42,834 - INFO - Subprocess exited gracefully (actuators neutralized by its own cleanup path)
2026-09-13 10:36:42,854 - INFO - User requested stop with 'D'. Returning to main menu.
2026-09-13 10:36:43,895 - INFO - Waiting for user input...
2026-09-13 10:36:43,959 - INFO - Background GPS heading capture started
