2026-08-23 13:06:29,785 - INFO - Constants module loaded successfully
2026-08-23 13:06:29,792 - INFO - RoboClaw opened on /dev/serial/by-id/usb-Basicmicro_Inc._USB_Roboclaw_2x15A-if00
2026-08-23 13:06:30,111 - INFO - RoboClaw: encoders reset, actuators set to neutral (1100)
2026-08-23 13:06:30,414 - INFO - RoboClaw: serial port closed (ready for subprocess)
2026-08-23 13:06:30,415 - INFO - Application started
2026-08-23 13:06:30,415 - INFO - Starting main function
2026-08-23 13:06:30,415 - INFO - Waiting for user input...
2026-08-23 13:06:30,419 - INFO - Background GPS heading capture started
2026-08-23 13:08:30,438 - INFO - Inactivity timeout reached. Restarting menu.
2026-08-23 13:08:30,441 - INFO - Background GPS port closed
2026-08-23 13:08:30,441 - WARNING - No valid heading captured to persist
2026-08-23 13:08:30,441 - INFO - Waiting for user input...
2026-08-23 13:08:30,443 - INFO - Background GPS heading capture started
2026-08-23 13:10:30,560 - INFO - Inactivity timeout reached. Restarting menu.
2026-08-23 13:10:30,645 - INFO - Background GPS port closed
2026-08-23 13:10:30,646 - WARNING - No valid heading captured to persist
2026-08-23 13:10:30,646 - INFO - Waiting for user input...
2026-08-23 13:10:30,648 - INFO - Background GPS heading capture started
2026-08-23 13:12:30,736 - INFO - Inactivity timeout reached. Restarting menu.
2026-08-23 13:12:30,759 - INFO - Background GPS port closed
2026-08-23 13:12:30,759 - WARNING - No valid heading captured to persist
2026-08-23 13:12:30,759 - INFO - Waiting for user input...
2026-08-23 13:12:30,761 - INFO - Background GPS heading capture started
2026-08-23 13:14:30,780 - INFO - Inactivity timeout reached. Restarting menu.
2026-08-23 13:14:30,837 - INFO - Background GPS port closed
2026-08-23 13:14:30,837 - WARNING - No valid heading captured to persist
2026-08-23 13:14:30,837 - INFO - Waiting for user input...
2026-08-23 13:14:30,839 - INFO - Background GPS heading capture started
2026-08-23 13:16:30,955 - INFO - Inactivity timeout reached. Restarting menu.
2026-08-23 13:16:31,035 - INFO - Background GPS port closed
2026-08-23 13:16:31,035 - WARNING - No valid heading captured to persist
2026-08-23 13:16:31,035 - INFO - Waiting for user input...
2026-08-23 13:16:31,037 - INFO - Background GPS heading capture started
2026-08-23 13:18:31,042 - INFO - Inactivity timeout reached. Restarting menu.
2026-08-23 13:18:31,046 - INFO - Background GPS port closed
2026-08-23 13:18:31,047 - WARNING - No valid heading captured to persist
2026-08-23 13:18:31,047 - INFO - Waiting for user input...
2026-08-23 13:18:31,048 - INFO - Background GPS heading capture started
2026-08-23 13:20:31,057 - INFO - Inactivity timeout reached. Restarting menu.
2026-08-23 13:20:31,094 - INFO - Background GPS port closed
2026-08-23 13:20:31,095 - WARNING - No valid heading captured to persist
2026-08-23 13:20:31,095 - INFO - Waiting for user input...
2026-08-23 13:20:31,097 - INFO - Background GPS heading capture started
2026-08-23 13:22:31,215 - INFO - Inactivity timeout reached. Restarting menu.
2026-08-23 13:22:31,238 - INFO - Background GPS port closed
2026-08-23 13:22:31,238 - WARNING - No valid heading captured to persist
2026-08-23 13:22:31,238 - INFO - Waiting for user input...
2026-08-23 13:22:31,240 - INFO - Background GPS heading capture started
2026-08-23 13:24:31,243 - INFO - Inactivity timeout reached. Restarting menu.
2026-08-23 13:24:31,282 - INFO - Background GPS port closed
2026-08-23 13:24:31,282 - WARNING - No valid heading captured to persist
2026-08-23 13:24:31,282 - INFO - Waiting for user input...
2026-08-23 13:24:31,284 - INFO - Background GPS heading capture started
2026-08-23 13:26:31,303 - INFO - Inactivity timeout reached. Restarting menu.
2026-08-23 13:26:31,441 - INFO - Background GPS port closed
2026-08-23 13:26:31,441 - WARNING - No valid heading captured to persist
2026-08-23 13:26:31,441 - INFO - Waiting for user input...
2026-08-23 13:26:31,443 - INFO - Background GPS heading capture started
2026-08-23 13:28:31,445 - INFO - Inactivity timeout reached. Restarting menu.
2026-08-23 13:28:31,448 - INFO - Background GPS port closed
2026-08-23 13:28:31,449 - WARNING - No valid heading captured to persist
2026-08-23 13:28:31,449 - INFO - Waiting for user input...
2026-08-23 13:28:31,450 - INFO - Background GPS heading capture started
2026-08-23 13:30:31,523 - INFO - Inactivity timeout reached. Restarting menu.
2026-08-23 13:30:31,650 - INFO - Background GPS port closed
2026-08-23 13:30:31,650 - WARNING - No valid heading captured to persist
2026-08-23 13:30:31,651 - INFO - Waiting for user input...
2026-08-23 13:30:31,652 - INFO - Background GPS heading capture started
2026-08-23 13:32:31,678 - INFO - Inactivity timeout reached. Restarting menu.
2026-08-23 13:32:31,701 - INFO - Background GPS port closed
2026-08-23 13:32:31,701 - WARNING - No valid heading captured to persist
2026-08-23 13:32:31,701 - INFO - Waiting for user input...
2026-08-23 13:32:31,703 - INFO - Background GPS heading capture started
2026-08-23 13:34:31,770 - INFO - Inactivity timeout reached. Restarting menu.
2026-08-23 13:34:31,851 - INFO - Background GPS port closed
2026-08-23 13:34:31,851 - WARNING - No valid heading captured to persist
2026-08-23 13:34:31,851 - INFO - Waiting for user input...
2026-08-23 13:34:31,853 - INFO - Background GPS heading capture started
2026-08-23 13:36:31,927 - INFO - Inactivity timeout reached. Restarting menu.
2026-08-23 13:36:31,939 - INFO - Background GPS port closed
2026-08-23 13:36:31,982 - INFO - Persisted heading 53.4° (accuracy: 1.0°) captured at 2026-08-23 13:36:31
2026-08-23 13:36:31,982 - INFO - Waiting for user input...
2026-08-23 13:36:31,984 - INFO - Background GPS heading capture started
2026-08-23 13:37:00,052 - INFO - Background GPS port closed
2026-08-23 13:37:00,085 - INFO - Persisted heading 52.6° (accuracy: 1.0°) captured at 2026-08-23 13:36:59
2026-08-23 13:37:01,086 - INFO - User selected mode: B
2026-08-23 13:37:01,086 - INFO - Mode B selected
2026-08-23 13:37:01,086 - INFO - Enter a 2-digit combination
2026-08-23 13:37:01,096 - INFO - Digit entered: 5
2026-08-23 13:37:01,107 - INFO - Digit entered: 5
2026-08-23 13:37:01,107 - INFO - Combination entered: 55
2026-08-23 13:37:01,107 - INFO - File with ID 55 found in Record/Data
2026-08-23 13:37:07,112 - INFO - Deployed version:  @ 
2026-08-23 13:37:07,115 - INFO - Setting UBX Rate to 200 ms (5 Hz)
2026-08-23 13:37:15,625 - INFO - UBX Rate set to 200 ms (5 Hz)
2026-08-23 13:37:15,627 - INFO - Closed GPS port after configuration
2026-08-23 13:37:15,627 - INFO - Triggering readRecordedRun with combination: 55
2026-08-23 13:37:34,979 - INFO - Subprocess exited with code: 0
2026-08-23 13:37:36,040 - INFO - Waiting for user input...
2026-08-23 13:37:36,118 - INFO - Background GPS heading capture started
2026-08-23 13:37:38,919 - INFO - Background GPS port closed
