2026-09-06 10:20:20,506 - INFO - Constants module loaded successfully
2026-09-06 10:20:20,512 - INFO - RoboClaw opened on /dev/serial/by-id/usb-Basicmicro_Inc._USB_Roboclaw_2x15A-if00
2026-09-06 10:20:20,826 - INFO - RoboClaw: encoders reset, actuators set to neutral (1100)
2026-09-06 10:20:21,131 - INFO - RoboClaw: serial port closed (ready for subprocess)
2026-09-06 10:20:21,131 - INFO - Application started
2026-09-06 10:20:21,131 - INFO - Starting main function
2026-09-06 10:20:21,131 - INFO - Waiting for user input...
2026-09-06 10:20:21,135 - INFO - Background GPS heading capture started
2026-09-06 10:20:22,743 - INFO - Background GPS port closed
2026-09-06 10:20:22,874 - INFO - Persisted heading 58.9° (accuracy: 1.0°) captured at 2026-09-06 10:20:22
2026-09-06 10:20:23,875 - INFO - User selected mode: B
2026-09-06 10:20:23,875 - INFO - Mode B selected
2026-09-06 10:20:23,875 - INFO - Enter a 2-digit combination
2026-09-06 10:20:24,106 - INFO - Digit entered: 6
2026-09-06 10:20:24,117 - INFO - Digit entered: 6
2026-09-06 10:20:24,117 - INFO - Combination entered: 66
2026-09-06 10:20:24,117 - INFO - File with ID 66 found in Record/Data
2026-09-06 10:20:30,122 - INFO - Deployed version:  @ 
2026-09-06 10:20:30,125 - INFO - Setting UBX Rate to 200 ms (5 Hz)
2026-09-06 10:20:38,635 - INFO - UBX Rate set to 200 ms (5 Hz)
2026-09-06 10:20:38,636 - INFO - Closed GPS port after configuration
2026-09-06 10:20:38,636 - INFO - Triggering readRecordedRun with combination: 66
2026-09-06 10:22:14,611 - INFO - Subprocess exited with code: 0
2026-09-06 10:22:15,648 - INFO - Waiting for user input...
2026-09-06 10:22:15,708 - INFO - Background GPS heading capture started
2026-09-06 10:23:12,771 - INFO - Background GPS port closed
2026-09-06 10:23:12,840 - INFO - Persisted heading 72.7° (accuracy: 1.0°) captured at 2026-09-06 10:23:10
2026-09-06 10:23:13,907 - INFO - User selected mode: B
2026-09-06 10:23:13,917 - INFO - Mode B selected
2026-09-06 10:23:13,927 - INFO - Enter a 2-digit combination
2026-09-06 10:23:13,963 - INFO - Digit entered: 6
2026-09-06 10:23:13,993 - INFO - Digit entered: 6
2026-09-06 10:23:14,009 - INFO - Combination entered: 66
2026-09-06 10:23:14,054 - INFO - File with ID 66 found in Record/Data
2026-09-06 10:23:20,307 - INFO - Deployed version:  @ 
2026-09-06 10:23:20,351 - INFO - Setting UBX Rate to 200 ms (5 Hz)
2026-09-06 10:23:28,989 - INFO - UBX Rate set to 200 ms (5 Hz)
2026-09-06 10:23:29,040 - INFO - Closed GPS port after configuration
2026-09-06 10:23:29,055 - INFO - Triggering readRecordedRun with combination: 66
2026-09-06 10:23:44,424 - INFO - Subprocess exited with code: 0
2026-09-06 10:23:45,541 - INFO - Waiting for user input...
2026-09-06 10:23:45,633 - INFO - Background GPS heading capture started
2026-09-06 10:23:53,917 - INFO - Background GPS port closed
